Component: ARM Compiler 5.06 update 7 (build 960) Tool: armlink [4d3601]

==============================================================================

Section Cross References

    main.o(i.Chassis_L_Task) refers to chassis_task.o(i.chassis_L_init) for chassis_L_init
    main.o(i.Chassis_L_Task) refers to chassis_task.o(i.chassis_L_task) for chassis_L_task
    main.o(i.Chassis_L_Task) refers to tasks.o(i.vTaskDelay) for vTaskDelay
    main.o(i.Chassis_R_Task) refers to chassis_task.o(i.chassis_R_init) for chassis_R_init
    main.o(i.Chassis_R_Task) refers to chassis_task.o(i.chassis_R_task) for chassis_R_task
    main.o(i.Chassis_R_Task) refers to tasks.o(i.vTaskDelay) for vTaskDelay
    main.o(i.Gimbal_Task) refers to tasks.o(i.vTaskDelay) for vTaskDelay
    main.o(i.Shoot_Task) refers to tasks.o(i.vTaskDelay) for vTaskDelay
    main.o(i.main) refers to misc.o(i.NVIC_PriorityGroupConfig) for NVIC_PriorityGroupConfig
    main.o(i.main) refers to delay.o(i.delay_init) for delay_init
    main.o(i.main) refers to remotecontrol.o(i.remote_control_init) for remote_control_init
    main.o(i.main) refers to timer.o(i.TIM5_Init) for TIM5_Init
    main.o(i.main) refers to bsp_mpu9250_init.o(i.MPU6500_Init) for MPU6500_Init
    main.o(i.main) refers to imutask.o(i.IMU_Calibration) for IMU_Calibration
    main.o(i.main) refers to accelerometer_calibration.o(i.accel_mat_init) for accel_mat_init
    main.o(i.main) refers to imutask.o(i.ACCEL_Calibration) for ACCEL_Calibration
    main.o(i.main) refers to bsp_mpu9250_init.o(i.MPUHEAT_configuration) for MPUHEAT_configuration
    main.o(i.main) refers to can.o(i.CAN1_Mode_Init) for CAN1_Mode_Init
    main.o(i.main) refers to can.o(i.CAN2_Mode_Init) for CAN2_Mode_Init
    main.o(i.main) refers to kalaman.o(i.Kalman_Filter_Init) for Kalman_Filter_Init
    main.o(i.main) refers to tasks.o(i.xTaskCreate) for xTaskCreate
    main.o(i.main) refers to tasks.o(i.vTaskStartScheduler) for vTaskStartScheduler
    main.o(i.main) refers to kalaman.o(.bss) for Kalman0
    main.o(i.main) refers to kalaman.o(.bss) for Kalman2
    main.o(i.main) refers to main.o(.data) for .data
    main.o(i.main) refers to main.o(i.start_task) for start_task
    main.o(i.start_task) refers to port.o(i.vPortEnterCritical) for vPortEnterCritical
    main.o(i.start_task) refers to tasks.o(i.xTaskCreate) for xTaskCreate
    main.o(i.start_task) refers to tasks.o(i.vTaskDelete) for vTaskDelete
    main.o(i.start_task) refers to port.o(i.vPortExitCritical) for vPortExitCritical
    main.o(i.start_task) refers to main.o(.data) for .data
    main.o(i.start_task) refers to main.o(i.Chassis_R_Task) for Chassis_R_Task
    main.o(i.start_task) refers to main.o(i.Chassis_L_Task) for Chassis_L_Task
    main.o(i.start_task) refers to imutask.o(i.IMU_Task) for IMU_Task
    system_stm32f4xx.o(i.SystemCoreClockUpdate) refers to system_stm32f4xx.o(.data) for .data
    system_stm32f4xx.o(i.SystemInit) refers to system_stm32f4xx.o(i.SetSysClock) for SetSysClock
    led.o(i.LASER_Init) refers to stm32f4xx_rcc.o(i.RCC_AHB1PeriphClockCmd) for RCC_AHB1PeriphClockCmd
    led.o(i.LASER_Init) refers to stm32f4xx_gpio.o(i.GPIO_Init) for GPIO_Init
    led.o(i.LASER_Init) refers to stm32f4xx_gpio.o(i.GPIO_SetBits) for GPIO_SetBits
    led.o(i.LED_Init) refers to stm32f4xx_rcc.o(i.RCC_AHB1PeriphClockCmd) for RCC_AHB1PeriphClockCmd
    led.o(i.LED_Init) refers to stm32f4xx_gpio.o(i.GPIO_Init) for GPIO_Init
    led.o(i.LED_Water_lamp) refers to delay.o(i.delay_xms) for delay_xms
    led.o(i.LED_Water_lamp) refers to stm32f4xx_gpio.o(i.GPIO_SetBits) for GPIO_SetBits
    led.o(i.LED_Water_lamp) refers to stm32f4xx_gpio.o(i.GPIO_ResetBits) for GPIO_ResetBits
    led.o(i.LED_Water_lamp) refers to tasks.o(i.vTaskDelay) for vTaskDelay
    timer.o(i.TIM3_IRQHandler) refers to stm32f4xx_tim.o(i.TIM_GetITStatus) for TIM_GetITStatus
    timer.o(i.TIM3_IRQHandler) refers to stm32f4xx_tim.o(i.TIM_ClearITPendingBit) for TIM_ClearITPendingBit
    timer.o(i.TIM3_Int_Init) refers to stm32f4xx_rcc.o(i.RCC_APB1PeriphClockCmd) for RCC_APB1PeriphClockCmd
    timer.o(i.TIM3_Int_Init) refers to stm32f4xx_tim.o(i.TIM_TimeBaseInit) for TIM_TimeBaseInit
    timer.o(i.TIM3_Int_Init) refers to stm32f4xx_tim.o(i.TIM_ITConfig) for TIM_ITConfig
    timer.o(i.TIM3_Int_Init) refers to stm32f4xx_tim.o(i.TIM_Cmd) for TIM_Cmd
    timer.o(i.TIM3_Int_Init) refers to misc.o(i.NVIC_Init) for NVIC_Init
    timer.o(i.TIM5_IRQHandler) refers to stm32f4xx_tim.o(i.TIM_GetITStatus) for TIM_GetITStatus
    timer.o(i.TIM5_IRQHandler) refers to stm32f4xx_tim.o(i.TIM_ClearITPendingBit) for TIM_ClearITPendingBit
    timer.o(i.TIM5_IRQHandler) refers to timer.o(.data) for .data
    timer.o(i.TIM5_Init) refers to stm32f4xx_rcc.o(i.RCC_APB1PeriphClockCmd) for RCC_APB1PeriphClockCmd
    timer.o(i.TIM5_Init) refers to stm32f4xx_tim.o(i.TIM_TimeBaseInit) for TIM_TimeBaseInit
    timer.o(i.TIM5_Init) refers to stm32f4xx_tim.o(i.TIM_ITConfig) for TIM_ITConfig
[...]
    arm_mat_sub_f32                          0x08000ae5   Thumb Code   264  arm_mat_sub_f32.o(.text)
    arm_mat_trans_f32                        0x08000bed   Thumb Code   276  arm_mat_trans_f32.o(.text)
    __aeabi_memcpy                           0x08000d01   Thumb Code    36  memcpya.o(.text)
    __aeabi_memcpy4                          0x08000d01   Thumb Code     0  memcpya.o(.text)
    __aeabi_memcpy8                          0x08000d01   Thumb Code     0  memcpya.o(.text)
    __aeabi_memset                           0x08000d25   Thumb Code    14  memseta.o(.text)
    __aeabi_memset4                          0x08000d25   Thumb Code     0  memseta.o(.text)
    __aeabi_memset8                          0x08000d25   Thumb Code     0  memseta.o(.text)
    __aeabi_memclr                           0x08000d33   Thumb Code     4  memseta.o(.text)
    __aeabi_memclr4                          0x08000d33   Thumb Code     0  memseta.o(.text)
    __aeabi_memclr8                          0x08000d33   Thumb Code     0  memseta.o(.text)
    _memset$wrapper                          0x08000d37   Thumb Code    18  memseta.o(.text)
    __aeabi_dadd                             0x08000d49   Thumb Code   322  dadd.o(.text)
    __aeabi_dsub                             0x08000e8b   Thumb Code     6  dadd.o(.text)
    __aeabi_drsub                            0x08000e91   Thumb Code     6  dadd.o(.text)
    __aeabi_dmul                             0x08000e97   Thumb Code   228  dmul.o(.text)
    __aeabi_ddiv                             0x08000f7b   Thumb Code   222  ddiv.o(.text)
    __aeabi_ul2f                             0x08001059   Thumb Code    28  ffltul.o(.text)
    __aeabi_i2d                              0x08001075   Thumb Code    34  dflti.o(.text)
    __aeabi_ui2d                             0x08001097   Thumb Code    26  dfltui.o(.text)
    __aeabi_f2d                              0x080010b1   Thumb Code    38  f2d.o(.text)
    __aeabi_cdcmpeq                          0x080010d9   Thumb Code     0  cdcmple.o(.text)
    __aeabi_cdcmple                          0x080010d9   Thumb Code    48  cdcmple.o(.text)
    __aeabi_cdrcmple                         0x08001109   Thumb Code    48  cdrcmple.o(.text)
    __aeabi_d2f                              0x08001139   Thumb Code    56  d2f.o(.text)
    __aeabi_uidiv                            0x08001171   Thumb Code     0  uidiv.o(.text)
    __aeabi_uidivmod                         0x08001171   Thumb Code    44  uidiv.o(.text)
    __aeabi_uldivmod                         0x0800119d   Thumb Code    98  uldiv.o(.text)
    __aeabi_llsl                             0x080011ff   Thumb Code    30  llshl.o(.text)
    _ll_shift_l                              0x080011ff   Thumb Code     0  llshl.o(.text)
    __aeabi_lasr                             0x0800121d   Thumb Code    36  llsshr.o(.text)
    _ll_sshift_r                             0x0800121d   Thumb Code     0  llsshr.o(.text)
    __I$use$fp                               0x08001241   Thumb Code     0  iusefp.o(.text)
    _float_round                             0x08001241   Thumb Code    18  fepilogue.o(.text)
    _float_epilogue                          0x08001253   Thumb Code    92  fepilogue.o(.text)
    _double_round                            0x080012af   Thumb Code    30  depilogue.o(.text)
    _double_epilogue                         0x080012cd   Thumb Code   156  depilogue.o(.text)
    _dsqrt                                   0x08001369   Thumb Code   162  dsqrt.o(.text)
    __aeabi_d2ulz                            0x0800140b   Thumb Code    48  dfixul.o(.text)
    __scatterload                            0x0800143d   Thumb Code    28  init.o(.text)
    __scatterload_rt2                        0x0800143d   Thumb Code     0  init.o(.text)
    __aeabi_llsr                             0x08001461   Thumb Code    32  llushr.o(.text)
    __semihosting_library_function           0x08001461   Thumb Code     0  semi.o(.text)
    _ll_ushift_r                             0x08001461   Thumb Code     0  llushr.o(.text)
    __I$use$semihosting$fputc                0x08001481   Thumb Code     0  iusesemip.o(.text)
    __aeabi_d2iz                             0x08001481   Thumb Code    62  dfixi.o(.text)
    __decompress                             0x080014bf   Thumb Code     0  __dczerorl2.o(.text)
    __decompress1                            0x080014bf   Thumb Code    86  __dczerorl2.o(.text)
    ACCEL_Calibration                        0x08001515   Thumb Code   498  imutask.o(i.ACCEL_Calibration)
    ACCEL_Filter                             0x08001739   Thumb Code   138  imutask.o(i.ACCEL_Filter)
    AHRSUpdate_GraDes_Delay_Corretion        0x080017d1   Thumb Code  1466  imutask.o(i.AHRSUpdate_GraDes_Delay_Corretion)
    Acce_Correct_Filter                      0x08001da9   Thumb Code     8  filter_control.o(i.Acce_Correct_Filter)
    Accel_calibration_get                    0x08001db5   Thumb Code   168  imutask.o(i.Accel_calibration_get)
    Atti2Mat_d                               0x08001e71   Thumb Code   840  filter_control.o(i.Atti2Mat_d)
    BusFault_Handler                         0x080021c1   Thumb Code     2  stm32f4xx_it.o(i.BusFault_Handler)
    CAN1_Mode_Init                           0x080021c5   Thumb Code   244  can.o(i.CAN1_Mode_Init)
    CAN1_RX0_IRQHandler                      0x080022c1   Thumb Code   194  can.o(i.CAN1_RX0_IRQHandler)
    CAN1_SetMsg_damiao_exit                  0x080023a1   Thumb Code    70  can.o(i.CAN1_SetMsg_damiao_exit)
    CAN1_SetMsg_damiao_start                 0x080023ed   Thumb Code    70  can.o(i.CAN1_SetMsg_damiao_start)
    CAN2_Mode_Init                           0x08002439   Thumb Code   262  can.o(i.CAN2_Mode_Init)
    CAN2_RX1_IRQHandler                      0x08002549   Thumb Code   390  can.o(i.CAN2_RX1_IRQHandler)
    CAN_FilterInit                           0x080026e9   Thumb Code   194  stm32f4xx_can.o(i.CAN_FilterInit)
    CAN_ITConfig                             0x080027b5   Thumb Code    16  stm32f4xx_can.o(i.CAN_ITConfig)
    CAN_Init                                 0x080027c5   Thumb Code   232  stm32f4xx_can.o(i.CAN_Init)
    CAN_Receive                              0x080028ad   Thumb Code   142  stm32f4xx_can.o(i.CAN_Receive)
    CAN_Transmit                             0x0800293b   Thumb Code   190  stm32f4xx_can.o(i.CAN_Transmit)
    Can_M1505b_I                             0x080029f9   Thumb Code    82  can.o(i.Can_M1505b_I)
    Chassis_L_Task                           0x08002a51   Thumb Code    16  main.o(i.Chassis_L_Task)
    Chassis_R_Task                           0x08002a61   Thumb Code    16  main.o(i.Chassis_R_Task)
    Chebyshev50HzLPF                         0x08002a71   Thumb Code   188  filter_control.o(i.Chebyshev50HzLPF)
    DCD_EP_ClrStall                          0x08002b39   Thumb Code    56  usb_dcd.o(i.DCD_EP_ClrStall)
    DCD_EP_Open                              0x08002b71   Thumb Code    60  usb_dcd.o(i.DCD_EP_Open)
    DCD_EP_PrepareRx                         0x08002bad   Thumb Code    68  usb_dcd.o(i.DCD_EP_PrepareRx)
    DCD_EP_SetAddress                        0x08002bf1   Thumb Code    16  usb_dcd.o(i.DCD_EP_SetAddress)
    DCD_EP_Stall                             0x08002c01   Thumb Code    56  usb_dcd.o(i.DCD_EP_Stall)
    DCD_EP_Tx                                0x08002c39   Thumb Code    62  usb_dcd.o(i.DCD_EP_Tx)
    DMA_ClearFlag                            0x08003035   Thumb Code    32  stm32f4xx_dma.o(i.DMA_ClearFlag)
    DMA_Cmd                                  0x08003061   Thumb Code    20  stm32f4xx_dma.o(i.DMA_Cmd)
    DMA_DeInit                               0x08003075   Thumb Code   272  stm32f4xx_dma.o(i.DMA_DeInit)
    DMA_DoubleBufferModeCmd                  0x08003199   Thumb Code    20  stm32f4xx_dma.o(i.DMA_DoubleBufferModeCmd)
    DMA_DoubleBufferModeConfig               0x080031ad   Thumb Code    22  stm32f4xx_dma.o(i.DMA_DoubleBufferModeConfig)
    DMA_GetCurrDataCounter                   0x080031c3   Thumb Code     6  stm32f4xx_dma.o(i.DMA_GetCurrDataCounter)
    DMA_GetCurrentMemoryTarget               0x080031c9   Thumb Code    14  stm32f4xx_dma.o(i.DMA_GetCurrentMemoryTarget)
    DMA_Init                                 0x080031d9   Thumb Code    80  stm32f4xx_dma.o(i.DMA_Init)
    DMA_SetCurrDataCounter                   0x0800322d   Thumb Code     4  stm32f4xx_dma.o(i.DMA_SetCurrDataCounter)
    DM_MIT                                   0x08003231   Thumb Code    70  can.o(i.DM_MIT)
    DebugMon_Handler                         0x08003285   Thumb Code     2  stm32f4xx_it.o(i.DebugMon_Handler)
    EXTI4_IRQHandler                         0x08003287   Thumb Code     6  exti.o(i.EXTI4_IRQHandler)
    EXTI_ClearITPendingBit                   0x0800328d   Thumb Code     6  stm32f4xx_exti.o(i.EXTI_ClearITPendingBit)
    FLASH_ClearFlag                          0x08003299   Thumb Code     6  stm32f4xx_flash.o(i.FLASH_ClearFlag)
    FLASH_EraseSector                        0x080032a5   Thumb Code   104  stm32f4xx_flash.o(i.FLASH_EraseSector)
    FLASH_GetStatus                          0x08003311   Thumb Code    56  stm32f4xx_flash.o(i.FLASH_GetStatus)
    FLASH_Lock                               0x0800334d   Thumb Code    12  stm32f4xx_flash.o(i.FLASH_Lock)
    FLASH_ProgramByte                        0x0800335d   Thumb Code    52  stm32f4xx_flash.o(i.FLASH_ProgramByte)
    FLASH_Unlock                             0x08003395   Thumb Code    22  stm32f4xx_flash.o(i.FLASH_Unlock)
    FLASH_WaitForLastOperation               0x080033b9   Thumb Code    30  stm32f4xx_flash.o(i.FLASH_WaitForLastOperation)
    FlashAllEraseBoot                        0x080033d7   Thumb Code    28  bsp_flash.o(i.FlashAllEraseBoot)
    FlashReadK                               0x080033f5   Thumb Code    20  bsp_flash.o(i.FlashReadK)
    FlashWriteK                              0x0800340d   Thumb Code    46  bsp_flash.o(i.FlashWriteK)
    GPIO_Init                                0x08003441   Thumb Code   120  stm32f4xx_gpio.o(i.GPIO_Init)
    GPIO_PinAFConfig                         0x080034b9   Thumb Code    32  stm32f4xx_gpio.o(i.GPIO_PinAFConfig)
    GPIO_ResetBits                           0x080034d9   Thumb Code     4  stm32f4xx_gpio.o(i.GPIO_ResetBits)
    GPIO_SetBits                             0x080034dd   Thumb Code     4  stm32f4xx_gpio.o(i.GPIO_SetBits)
    GYRO_Filter                              0x080034e1   Thumb Code   112  imutask.o(i.GYRO_Filter)
    Get_Sys_Ticks                            0x08003555   Thumb Code    74  mpu_time_init.o(i.Get_Sys_Ticks)
    Gyro_Correct_Filter                      0x080035a9   Thumb Code    94  filter_control.o(i.Gyro_Correct_Filter)
    HardFault_Handler                        0x08003619   Thumb Code     2  stm32f4xx_it.o(i.HardFault_Handler)
    IMU_Calibration                          0x0800361d   Thumb Code   110  imutask.o(i.IMU_Calibration)
    IMU_Task                                 0x08003695   Thumb Code   102  imutask.o(i.IMU_Task)
    Kalaman_feedback                         0x08003705   Thumb Code   412  kalaman.o(i.Kalaman_feedback)
    Kalman_Filter_Init                       0x080038a5   Thumb Code   532  kalaman.o(i.Kalman_Filter_Init)
    MPU6500_1_init                           0x08003ad1   Thumb Code   302  bsp_mpu9250_init.o(i.MPU6500_1_init)
    MPU6500_2_init                           0x08003bff   Thumb Code   302  bsp_mpu9250_init.o(i.MPU6500_2_init)
    MPU6500_Init                             0x08003d2d   Thumb Code    24  bsp_mpu9250_init.o(i.MPU6500_Init)
    MPU9250_Get_Accelerometer                0x08003d45   Thumb Code    82  bsp_mpu9250_init.o(i.MPU9250_Get_Accelerometer)
    MPU9250_Get_Gyroscope                    0x08003d97   Thumb Code   130  bsp_mpu9250_init.o(i.MPU9250_Get_Gyroscope)
    MPU9250_Get_Temperature                  0x08003e19   Thumb Code    62  bsp_mpu9250_init.o(i.MPU9250_Get_Temperature)
    MPU9250_Read_Byte                        0x08003e69   Thumb Code    82  bsp_mpu9250_init.o(i.MPU9250_Read_Byte)
    MPU9250_Read_Len                         0x08003ec5   Thumb Code   102  bsp_mpu9250_init.o(i.MPU9250_Read_Len)
    MPU9250_Write_Byte                       0x08003f35   Thumb Code    80  bsp_mpu9250_init.o(i.MPU9250_Write_Byte)
    MPUHEAT_configuration                    0x08003f8d   Thumb Code    48  bsp_mpu9250_init.o(i.MPUHEAT_configuration)
    MPUHEAT_off                              0x08003fc1   Thumb Code     8  bsp_mpu9250_init.o(i.MPUHEAT_off)
    MPU_SPI_Configuration                    0x08003fcd   Thumb Code   138  bsp_mpu9250_init.o(i.MPU_SPI_Configuration)
    Mat2Quat                                 0x08004065   Thumb Code   966  filter_control.o(i.Mat2Quat)
    Mat_Trans_d                              0x08004455   Thumb Code    92  filter_control.o(i.Mat_Trans_d)
    MemManage_Handler                        0x080044b1   Thumb Code     2  stm32f4xx_it.o(i.MemManage_Handler)
    NMI_Handler                              0x080044b3   Thumb Code     2  stm32f4xx_it.o(i.NMI_Handler)
    NVIC_Init                                0x080044b5   Thumb Code    96  misc.o(i.NVIC_Init)
    NVIC_PriorityGroupConfig                 0x08004519   Thumb Code    10  misc.o(i.NVIC_PriorityGroupConfig)
    OTG_FS_IRQHandler                        0x0800452d   Thumb Code     6  usbd_usr.o(i.OTG_FS_IRQHandler)
    PID_Calc                                 0x08004539   Thumb Code   294  pid.o(i.PID_Calc)
    RCC_AHB1PeriphClockCmd                   0x08004665   Thumb Code    18  stm32f4xx_rcc.o(i.RCC_AHB1PeriphClockCmd)
    RCC_APB1PeriphClockCmd                   0x0800467d   Thumb Code    18  stm32f4xx_rcc.o(i.RCC_APB1PeriphClockCmd)
    RCC_APB1PeriphResetCmd                   0x08004695   Thumb Code    18  stm32f4xx_rcc.o(i.RCC_APB1PeriphResetCmd)
    RCC_APB2PeriphClockCmd                   0x080046ad   Thumb Code    18  stm32f4xx_rcc.o(i.RCC_APB2PeriphClockCmd)
    RCC_APB2PeriphResetCmd                   0x080046c5   Thumb Code    18  stm32f4xx_rcc.o(i.RCC_APB2PeriphResetCmd)
    RCC_GetClocksFreq                        0x080046dd   Thumb Code   132  stm32f4xx_rcc.o(i.RCC_GetClocksFreq)
    RC_Init                                  0x0800476d   Thumb Code   304  rc.o(i.RC_Init)
    SPI1_Init                                0x08004a05   Thumb Code   180  mpu_spi_init.o(i.SPI1_Init)
    SPI1_ReadWriteByte                       0x08004ac1   Thumb Code    48  mpu_spi_init.o(i.SPI1_ReadWriteByte)
    SPI_Cmd                                  0x08004af5   Thumb Code    20  stm32f4xx_spi.o(i.SPI_Cmd)
    SPI_I2S_GetFlagStatus                    0x08004b09   Thumb Code    14  stm32f4xx_spi.o(i.SPI_I2S_GetFlagStatus)
    SPI_I2S_ReceiveData                      0x08004b17   Thumb Code     4  stm32f4xx_spi.o(i.SPI_I2S_ReceiveData)
    SPI_I2S_SendData                         0x08004b1b   Thumb Code     4  stm32f4xx_spi.o(i.SPI_I2S_SendData)
    SPI_Init                                 0x08004b1f   Thumb Code    56  stm32f4xx_spi.o(i.SPI_Init)
    SysTick_CLKSourceConfig                  0x08004c0d   Thumb Code    24  misc.o(i.SysTick_CLKSourceConfig)
    SysTick_Handler                          0x08004c25   Thumb Code    20  delay.o(i.SysTick_Handler)
    SystemInit                               0x08004c39   Thumb Code    74  system_stm32f4xx.o(i.SystemInit)
    TIM3_IRQHandler                          0x08004c95   Thumb Code    24  timer.o(i.TIM3_IRQHandler)
    TIM5_IRQHandler                          0x08004cb1   Thumb Code    44  timer.o(i.TIM5_IRQHandler)
    TIM5_Init                                0x08004ce5   Thumb Code    88  timer.o(i.TIM5_Init)
    TIM_ClearITPendingBit                    0x08004d41   Thumb Code     6  stm32f4xx_tim.o(i.TIM_ClearITPendingBit)
    TIM_Cmd                                  0x08004d47   Thumb Code    20  stm32f4xx_tim.o(i.TIM_Cmd)
    TIM_GetITStatus                          0x08004d5b   Thumb Code    24  stm32f4xx_tim.o(i.TIM_GetITStatus)
    TIM_ITConfig                             0x08004d73   Thumb Code    16  stm32f4xx_tim.o(i.TIM_ITConfig)
    TIM_TimeBaseInit                         0x08004d85   Thumb Code    96  stm32f4xx_tim.o(i.TIM_TimeBaseInit)
    UART5_IRQHandler                         0x08004e01   Thumb Code    86  usart1.o(i.UART5_IRQHandler)
    USART2_IRQHandler                        0x08004e61   Thumb Code   230  remotecontrol.o(i.USART2_IRQHandler)
    USART_ClearFlag                          0x08004f5d   Thumb Code     6  stm32f4xx_usart.o(i.USART_ClearFlag)
    USART_ClearITPendingBit                  0x08004f63   Thumb Code    12  stm32f4xx_usart.o(i.USART_ClearITPendingBit)
    USART_Cmd                                0x08004f6f   Thumb Code    20  stm32f4xx_usart.o(i.USART_Cmd)
    USART_DMACmd                             0x08004f83   Thumb Code    16  stm32f4xx_usart.o(i.USART_DMACmd)
    USART_DeInit                             0x08004f95   Thumb Code   138  stm32f4xx_usart.o(i.USART_DeInit)
    USART_GetITStatus                        0x08005041   Thumb Code    62  stm32f4xx_usart.o(i.USART_GetITStatus)
    USART_ITConfig                           0x0800507f   Thumb Code    48  stm32f4xx_usart.o(i.USART_ITConfig)
    USART_Init                               0x080050b1   Thumb Code   164  stm32f4xx_usart.o(i.USART_Init)
    USART_ReceiveData                        0x0800515d   Thumb Code     8  stm32f4xx_usart.o(i.USART_ReceiveData)
    USBD_ClrCfg                              0x08005165   Thumb Code    14  usbd_core.o(i.USBD_ClrCfg)
    USBD_CtlContinueRx                       0x08005173   Thumb Code    18  usbd_ioreq.o(i.USBD_CtlContinueRx)
    USBD_CtlContinueSendData                 0x08005185   Thumb Code    18  usbd_ioreq.o(i.USBD_CtlContinueSendData)
    USBD_CtlError                            0x08005197   Thumb Code    28  usbd_req.o(i.USBD_CtlError)
    USBD_CtlReceiveStatus                    0x080051b3   Thumb Code    34  usbd_ioreq.o(i.USBD_CtlReceiveStatus)
    USBD_CtlSendData                         0x080051d5   Thumb Code    32  usbd_ioreq.o(i.USBD_CtlSendData)
    USBD_CtlSendStatus                       0x080051f5   Thumb Code    34  usbd_ioreq.o(i.USBD_CtlSendStatus)
    USBD_OTG_ISR_Handler                     0x08005429   Thumb Code   236  usb_dcd_int.o(i.USBD_OTG_ISR_Handler)
    USBD_ParseSetupRequest                   0x08005519   Thumb Code    68  usbd_req.o(i.USBD_ParseSetupRequest)
    USBD_SetCfg                              0x080055b1   Thumb Code    26  usbd_core.o(i.USBD_SetCfg)
    USBD_StdDevReq                           0x08005705   Thumb Code   236  usbd_req.o(i.USBD_StdDevReq)
    USBD_StdEPReq                            0x080057f5   Thumb Code   208  usbd_req.o(i.USBD_StdEPReq)
    USBD_StdItfReq                           0x080058c9   Thumb Code    54  usbd_req.o(i.USBD_StdItfReq)
    USB_OTG_BSP_uDelay                       0x0800591b   Thumb Code     4  usb_bsp.o(i.USB_OTG_BSP_uDelay)
    USB_OTG_EP0Activate                      0x0800591f   Thumb Code    58  usb_core.o(i.USB_OTG_EP0Activate)
    USB_OTG_EP0StartXfer                     0x08005959   Thumb Code   184  usb_core.o(i.USB_OTG_EP0StartXfer)
    USB_OTG_EP0_OutStart                     0x08005a11   Thumb Code    32  usb_core.o(i.USB_OTG_EP0_OutStart)
    USB_OTG_EPActivate                       0x08005a35   Thumb Code    82  usb_core.o(i.USB_OTG_EPActivate)
    USB_OTG_EPClearStall                     0x08005a87   Thumb Code    50  usb_core.o(i.USB_OTG_EPClearStall)
    USB_OTG_EPSetStall                       0x08005ab9   Thumb Code    48  usb_core.o(i.USB_OTG_EPSetStall)
    USB_OTG_EPStartXfer                      0x08005ae9   Thumb Code   298  usb_core.o(i.USB_OTG_EPStartXfer)
    USB_OTG_FlushTxFifo                      0x08005c15   Thumb Code    62  usb_core.o(i.USB_OTG_FlushTxFifo)
    USB_OTG_GetDeviceSpeed                   0x08005c59   Thumb Code    38  usb_core.o(i.USB_OTG_GetDeviceSpeed)
    USB_OTG_IsDeviceMode                     0x08005c7f   Thumb Code    18  usb_core.o(i.USB_OTG_IsDeviceMode)
    USB_OTG_ReadCoreItr                      0x08005c91   Thumb Code    10  usb_core.o(i.USB_OTG_ReadCoreItr)
    USB_OTG_ReadDevAllInEPItr                0x08005c9b   Thumb Code    12  usb_core.o(i.USB_OTG_ReadDevAllInEPItr)
    USB_OTG_ReadDevAllOutEp_itr              0x08005ca7   Thumb Code    12  usb_core.o(i.USB_OTG_ReadDevAllOutEp_itr)
    USB_OTG_ReadDevOutEP_itr                 0x08005cb3   Thumb Code    16  usb_core.o(i.USB_OTG_ReadDevOutEP_itr)
    USB_OTG_ReadPacket                       0x08005cc3   Thumb Code    32  usb_core.o(i.USB_OTG_ReadPacket)
    USB_OTG_WritePacket                      0x08005ce3   Thumb Code    40  usb_core.o(i.USB_OTG_WritePacket)
    UsageFault_Handler                       0x08005d0b   Thumb Code     2  stm32f4xx_it.o(i.UsageFault_Handler)
    Vmc_calc                                 0x08005d0d   Thumb Code   778  chassis_task.o(i.Vmc_calc)
    __0printf                                0x08006039   Thumb Code    22  printfa.o(i.__0printf)
    __1printf                                0x08006039   Thumb Code     0  printfa.o(i.__0printf)
    __2printf                                0x08006039   Thumb Code     0  printfa.o(i.__0printf)
    __c89printf                              0x08006039   Thumb Code     0  printfa.o(i.__0printf)
    printf                                   0x08006039   Thumb Code     0  printfa.o(i.__0printf)
    __ARM_fpclassify                         0x08006059   Thumb Code    48  fpclassify.o(i.__ARM_fpclassify)
    __ARM_fpclassifyf                        0x08006089   Thumb Code    38  fpclassifyf.o(i.__ARM_fpclassifyf)
    __hardfp_asin                            0x080060b1   Thumb Code   770  asin.o(i.__hardfp_asin)
    __hardfp_atan                            0x08006411   Thumb Code   622  atan.o(i.__hardfp_atan)
    __hardfp_atan2                           0x080066e9   Thumb Code   448  atan2.o(i.__hardfp_atan2)
    __hardfp_atan2f                          0x080068e9   Thumb Code   594  atan2f.o(i.__hardfp_atan2f)
    __hardfp_cos                             0x08006b99   Thumb Code   180  cos.o(i.__hardfp_cos)
    __hardfp_sin                             0x08006c61   Thumb Code   180  sin.o(i.__hardfp_sin)
    __hardfp_sqrt                            0x08006d29   Thumb Code   122  sqrt_full.o(i.__hardfp_sqrt)
    __ieee754_rem_pio2                       0x08006da9   Thumb Code   938  rred.o(i.__ieee754_rem_pio2)
    __kernel_cos                             0x080071e1   Thumb Code   322  cos_i.o(i.__kernel_cos)
    __kernel_poly                            0x08007351   Thumb Code   248  poly.o(i.__kernel_poly)
    __kernel_sin                             0x08007449   Thumb Code   280  sin_i.o(i.__kernel_sin)
    __mathlib_dbl_infnan                     0x08007579   Thumb Code    20  dunder.o(i.__mathlib_dbl_infnan)
    __mathlib_dbl_infnan2                    0x0800758d   Thumb Code    20  dunder.o(i.__mathlib_dbl_infnan2)
    __mathlib_dbl_invalid                    0x080075a1   Thumb Code    24  dunder.o(i.__mathlib_dbl_invalid)
    __mathlib_dbl_underflow                  0x080075c1   Thumb Code    24  dunder.o(i.__mathlib_dbl_underflow)
    __mathlib_flt_infnan2                    0x080075e1   Thumb Code     6  funder.o(i.__mathlib_flt_infnan2)
    __mathlib_flt_underflow                  0x080075e9   Thumb Code    10  funder.o(i.__mathlib_flt_underflow)
    __scatterload_copy                       0x080075f9   Thumb Code    14  handlers.o(i.__scatterload_copy)
    __scatterload_null                       0x08007607   Thumb Code     2  handlers.o(i.__scatterload_null)
    __scatterload_zeroinit                   0x08007609   Thumb Code    14  handlers.o(i.__scatterload_zeroinit)
    __set_errno                              0x08007619   Thumb Code     6  errno.o(i.__set_errno)
    accel_data_update                        0x08007eb1   Thumb Code    80  accelerometer_calibration.o(i.accel_data_update)
    accel_mat_init                           0x08007f0d   Thumb Code   312  accelerometer_calibration.o(i.accel_mat_init)
    atan                                     0x08008051   Thumb Code    16  atan.o(i.atan)
    caculate_mat                             0x08008061   Thumb Code   132  accelerometer_calibration.o(i.caculate_mat)
    cali_accel_para                          0x080080e9   Thumb Code   214  accelerometer_calibration.o(i.cali_accel_para)
    cali_fenction                            0x080081c5   Thumb Code     4  accelerometer_calibration.o(i.cali_fenction)
    chassis_L_init                           0x080081c9   Thumb Code   196  chassis_task.o(i.chassis_L_init)
    chassis_L_task                           0x080082b1   Thumb Code  1924  chassis_task.o(i.chassis_L_task)
    chassis_R_init                           0x08008a55   Thumb Code    54  chassis_task.o(i.chassis_R_init)
    chassis_R_task                           0x08008aa1   Thumb Code  1788  chassis_task.o(i.chassis_R_task)
    delay_init                               0x080091b1   Thumb Code    50  delay.o(i.delay_init)
    delay_us                                 0x080091e9   Thumb Code    48  delay.o(i.delay_us)
    fabs                                     0x0800921d   Thumb Code    24  fabs.o(i.fabs)
    float_to_uint                            0x08009235   Thumb Code    40  can.o(i.float_to_uint)
    fp_Limit_mouse                           0x0800925d   Thumb Code    32  gimbal_task.o(i.fp_Limit_mouse)
    fputc                                    0x0800927d   Thumb Code    18  fputc.o(i.fputc)
    get_relative_pos                         0x0800928f   Thumb Code    42  gimbal_task.o(i.get_relative_pos)
    invSqrt                                  0x080092c5   Thumb Code    40  filter_control.o(i.invSqrt)
    main                                     0x080092f1   Thumb Code   136  main.o(i.main)
    mpu_delay_ms                             0x08009395   Thumb Code    24  mpu_delay.o(i.mpu_delay_ms)
    my_sqrt                                  0x080093ad   Thumb Code    60  filter_control.o(i.my_sqrt)
    osKernelSysTick                          0x080093ed   Thumb Code    24  cmsis_os.o(i.osKernelSysTick)
    pid_init                                 0x08009405   Thumb Code    54  pid.o(i.pid_init)
    pvPortMalloc                             0x08009ca5   Thumb Code   214  heap_4.o(i.pvPortMalloc)
    pvTaskIncrementMutexHeldCount            0x08009db9   Thumb Code    18  tasks.o(i.pvTaskIncrementMutexHeldCount)
    pxPortInitialiseStack                    0x08009dd1   Thumb Code    40  port.o(i.pxPortInitialiseStack)
    remote_control_init                      0x08009dfd   Thumb Code    12  remotecontrol.o(i.remote_control_init)
    sqrt                                     0x08009e0d   Thumb Code   110  sqrt_full.o(i.sqrt)
    start_task                               0x08009e7d   Thumb Code    88  main.o(i.start_task)
    turn_PID_Calc                            0x08009f01   Thumb Code   198  pid.o(i.turn_PID_Calc)
    uint_to_float                            0x08009fcd   Thumb Code    40  can.o(i.uint_to_float)
    uxListRemove                             0x08009ff5   Thumb Code    36  list.o(i.uxListRemove)
    vListInitialise                          0x0800a019   Thumb Code    22  list.o(i.vListInitialise)
    vListInitialiseItem                      0x0800a02f   Thumb Code     6  list.o(i.vListInitialiseItem)
    vListInsert                              0x0800a035   Thumb Code    48  list.o(i.vListInsert)
    vListInsertEnd                           0x0800a065   Thumb Code    24  list.o(i.vListInsertEnd)
    vPortEnterCritical                       0x0800a07d   Thumb Code    50  port.o(i.vPortEnterCritical)
    vPortExitCritical                        0x0800a0f5   Thumb Code    34  port.o(i.vPortExitCritical)
    vPortFree                                0x0800a159   Thumb Code    94  heap_4.o(i.vPortFree)
    vPortSetupTimerInterrupt                 0x0800a1f5   Thumb Code    26  port.o(i.vPortSetupTimerInterrupt)
    vPortValidateInterruptPriority           0x0800a215   Thumb Code    70  port.o(i.vPortValidateInterruptPriority)
    vQueueAddToRegistry                      0x0800a2a1   Thumb Code    32  queue.o(i.vQueueAddToRegistry)
    vQueueWaitForMessageRestricted           0x0800a2c5   Thumb Code    68  queue.o(i.vQueueWaitForMessageRestricted)
    vTaskDelay                               0x0800a309   Thumb Code    62  tasks.o(i.vTaskDelay)
    vTaskDelete                              0x0800a375   Thumb Code   152  tasks.o(i.vTaskDelete)
    vTaskMissedYield                         0x0800a441   Thumb Code     8  tasks.o(i.vTaskMissedYield)
    vTaskPlaceOnEventList                    0x0800a44d   Thumb Code    44  tasks.o(i.vTaskPlaceOnEventList)
    vTaskPlaceOnEventListRestricted          0x0800a4a1   Thumb Code    52  tasks.o(i.vTaskPlaceOnEventListRestricted)
    vTaskPriorityInherit                     0x0800a4fd   Thumb Code   124  tasks.o(i.vTaskPriorityInherit)
    vTaskSetTimeOutState                     0x0800a581   Thumb Code    30  tasks.o(i.vTaskSetTimeOutState)
    vTaskStartScheduler                      0x0800a5c9   Thumb Code    96  tasks.o(i.vTaskStartScheduler)
    vTaskSuspendAll                          0x0800a65d   Thumb Code    10  tasks.o(i.vTaskSuspendAll)
    vTaskSwitchContext                       0x0800a66d   Thumb Code    80  tasks.o(i.vTaskSwitchContext)
    xPortStartScheduler                      0x0800a6e9   Thumb Code   196  port.o(i.xPortStartScheduler)
    xPortSysTickHandler                      0x0800a7fd   Thumb Code    38  port.o(i.xPortSysTickHandler)
    xQueueGenericCreate                      0x0800a829   Thumb Code    82  queue.o(i.xQueueGenericCreate)
    xQueueGenericReceive                     0x0800a8a1   Thumb Code   348  queue.o(i.xQueueGenericReceive)
    xQueueGenericReset                       0x0800aa25   Thumb Code   128  queue.o(i.xQueueGenericReset)
    xQueueGenericSend                        0x0800aacd   Thumb Code   350  queue.o(i.xQueueGenericSend)
    xQueueGenericSendFromISR                 0x0800ac55   Thumb Code   188  queue.o(i.xQueueGenericSendFromISR)
    xTaskCheckForTimeOut                     0x0800ad35   Thumb Code    94  tasks.o(i.xTaskCheckForTimeOut)
    xTaskCreate                              0x0800adbd   Thumb Code    86  tasks.o(i.xTaskCreate)
    xTaskGetSchedulerState                   0x0800ae15   Thumb Code    22  tasks.o(i.xTaskGetSchedulerState)
    xTaskGetTickCount                        0x0800ae31   Thumb Code     6  tasks.o(i.xTaskGetTickCount)
    xTaskGetTickCountFromISR                 0x0800ae3d   Thumb Code    12  tasks.o(i.xTaskGetTickCountFromISR)
    xTaskIncrementTick                       0x0800ae4d   Thumb Code   188  tasks.o(i.xTaskIncrementTick)
    xTaskPriorityDisinherit                  0x0800af35   Thumb Code   136  tasks.o(i.xTaskPriorityDisinherit)
    xTaskRemoveFromEventList                 0x0800afe9   Thumb Code   102  tasks.o(i.xTaskRemoveFromEventList)
    xTaskResumeAll                           0x0800b081   Thumb Code   180  tasks.o(i.xTaskResumeAll)
    xTimerCreate                             0x0800b165   Thumb Code    74  timers.o(i.xTimerCreate)
    xTimerCreateTimerTask                    0x0800b1d9   Thumb Code    58  timers.o(i.xTimerCreateTimerTask)
    xTimerGenericCommand                     0x0800b24d   Thumb Code    98  timers.o(i.xTimerGenericCommand)
    NUM                                      0x0800b2e0   Data         152  filter_control.o(.constdata)
    DEN                                      0x0800b378   Data         152  filter_control.o(.constdata)
    sinTable_f32                             0x0800b410   Data        2052  arm_common_tables.o(.constdata)
    __mathlib_zero                           0x0800bd30   Data           8  qnan.o(.constdata)
    Region$$Table$$Base                      0x0800be28   Number         0  anon$$obj.o(Region$$Table)
    Region$$Table$$Limit                     0x0800be48   Number         0  anon$$obj.o(Region$$Table)
    StartTask_Handler                        0x20000000   Data           4  main.o(.data)
    Chassis_L_Task_Handler                   0x20000004   Data           4  main.o(.data)
    Chassis_R_Task_Handler                   0x20000008   Data           4  main.o(.data)
    IMUTask_Handler                          0x2000000c   Data           4  main.o(.data)
    SystemCoreClock                          0x20000010   Data           4  system_stm32f4xx.o(.data)
    AHBPrescTable                            0x20000014   Data          16  system_stm32f4xx.o(.data)
    Time_Add                                 0x20000028   Data           8  timer.o(.data)
    RC_Mode                                  0x20000038   Data           4  can.o(.data)
    RxMessage_i                              0x2000003c   Data           4  can.o(.data)
    Can_Tx_Data                              0x20000040   Data           6  can.o(.data)
    input_mode                               0x2000004c   Data           4  remotecontrol.o(.data)
    last_input_mode                          0x20000050   Data           4  remotecontrol.o(.data)
    TxCOM5                                   0x20000058   Data           4  usart1.o(.data)
    RxCOM5                                   0x2000005c   Data           4  usart1.o(.data)
    pxCurrentTCB                             0x20000070   Data           4  tasks.o(.data)
    Calibrateion_id                          0x200000e4   Data           4  accelerometer_calibration.o(.data)
    ahat_T                                   0x200000e8   Data           8  accelerometer_calibration.o(.data)
    ahat                                     0x200000f0   Data           8  accelerometer_calibration.o(.data)
    Ahat                                     0x200000f8   Data           8  accelerometer_calibration.o(.data)
    K_m                                      0x20000100   Data           8  accelerometer_calibration.o(.data)
    uMat                                     0x20000108   Data           8  accelerometer_calibration.o(.data)
    uMat_mius                                0x20000110   Data           8  accelerometer_calibration.o(.data)
    P                                        0x20000118   Data           8  accelerometer_calibration.o(.data)
    K_ca                                     0x20000120   Data           8  accelerometer_calibration.o(.data)
    K_ca_mines                               0x20000128   Data           8  accelerometer_calibration.o(.data)
    a_m                                      0x20000130   Data           8  accelerometer_calibration.o(.data)
    ahat_T_data                              0x20000138   Data          96  accelerometer_calibration.o(.data)
    ahat_data                                0x20000198   Data          96  accelerometer_calibration.o(.data)
    L5                                       0x20000240   Data           4  chassis_task.o(.data)
    L1                                       0x20000244   Data           4  chassis_task.o(.data)
    L2                                       0x20000248   Data           4  chassis_task.o(.data)
    L3                                       0x2000024c   Data           4  chassis_task.o(.data)
    L4                                       0x20000250   Data           4  chassis_task.o(.data)
    err_speed1                               0x20000254   Data           4  chassis_task.o(.data)
    err_speed2                               0x20000258   Data           4  chassis_task.o(.data)
    Time_L_Last                              0x20000260   Data           8  chassis_task.o(.data)
    Time_L_Delta                             0x20000268   Data           8  chassis_task.o(.data)
    Time_L_RUN                               0x20000270   Data           8  chassis_task.o(.data)
    Time_R_Last                              0x20000278   Data           8  chassis_task.o(.data)
    Time_R_Delta                             0x20000280   Data           8  chassis_task.o(.data)
    Time_R_RUN                               0x20000288   Data           8  chassis_task.o(.data)
    Poly_Coefficient                         0x20000290   Data         192  chassis_task.o(.data)
    sizeof_float                             0x20000350   Data           2  kalaman.o(.data)
    sizeof_double                            0x20000352   Data           2  kalaman.o(.data)
    USBD_DCD_INT_cb                          0x20000354   Data          44  usbd_core.o(.data)
    USBD_DCD_INT_fops                        0x20000380   Data           4  usbd_core.o(.data)
    SET_TEST_MODE                            0x20000384   Data           4  usbd_core.o(.data)
    USBD_ep_status                           0x2000038c   Data           4  usbd_req.o(.data)
    USBD_default_cfg                         0x20000390   Data           4  usbd_req.o(.data)
    USBD_cfg_status                          0x20000394   Data           4  usbd_req.o(.data)
    __stdout                                 0x20000398   Data           4  stdout.o(.data)
    USB_OTG_dev                              0x200003a0   Data        1524  main.o(.bss)
    yaw_data                                 0x20000994   Data          20  can.o(.bss)
    M1505B_data                              0x200009a8   Data          32  can.o(.bss)
    DM_data                                  0x200009c8   Data         112  can.o(.bss)
    MF9025                                   0x20000a38   Data          36  can.o(.bss)
    RxMessage2                               0x20000a5c   Data          20  can.o(.bss)
    rc_ctrl                                  0x20000a70   Data          22  remotecontrol.o(.bss)
    xQueueRegistry                           0x20000ad0   Data          64  queue.o(.bss)
    Ahat_data                                0x20019e1c   Data          72  accelerometer_calibration.o(.bss)
    K_m_data                                 0x20019e64   Data          48  accelerometer_calibration.o(.bss)
    uMat_data                                0x20019e94   Data          64  accelerometer_calibration.o(.bss)
    uMat_mius_data                           0x20019ed4   Data          64  accelerometer_calibration.o(.bss)
    P_data                                   0x20019f14   Data          96  accelerometer_calibration.o(.bss)
    K_ca_data                                0x20019f74   Data          36  accelerometer_calibration.o(.bss)
    a_data                                   0x20019f98   Data          12  accelerometer_calibration.o(.bss)
    K_ca_mines_data                          0x20019fa4   Data          36  accelerometer_calibration.o(.bss)
    Gyro_Fiter_t                             0x20019fc8   Data        1776  filter_control.o(.bss)
    MPU9250_Real_Data                        0x2001a730   Data          40  imutask.o(.bss)
    MPU6500_Offest_data                      0x2001a780   Data          40  imutask.o(.bss)
    Angular_Handler                          0x2001a7a8   Data          24  imutask.o(.bss)
    leg_left                                 0x2001a7d4   Data        1136  chassis_task.o(.bss)
    leg_right                                0x2001ac44   Data        1136  chassis_task.o(.bss)
    yaw_motor                                0x2001b0b4   Data         696  gimbal_task.o(.bss)
    pitch_motor                              0x2001b36c   Data         696  gimbal_task.o(.bss)
    Kalman0                                  0x2001b624   Data         536  kalaman.o(.bss)
    Kalman2                                  0x2001b83c   Data         536  kalaman.o(.bss)
    __initial_sp                             0x2001be58   Data           0  startup_stm32f40_41xxx.o(STACK)



==============================================================================

Memory Map of the image

  Image Entry point : 0x08000189

  Load Region LR_IROM1 (Base: 0x08000000, Size: 0x0000c1e8, Max: 0x00100000, ABSOLUTE, COMPRESSED[0x0000bf88])

    Execution Region ER_IROM1 (Exec base: 0x08000000, Load base: 0x08000000, Size: 0x0000be48, Max: 0x00100000, ABSOLUTE)

    Exec Addr    Load Addr    Size         Type   Attr      Idx    E Section Name        Object

    0x08000000   0x08000000   0x00000188   Data   RO         1268    RESET               startup_stm32f40_41xxx.o
    0x08000188   0x08000188   0x00000000   Code   RO        10054  * .ARM.Collect$$$$00000000  mc_w.l(entry.o)
    0x08000188   0x08000188   0x00000004   Code   RO        10419    .ARM.Collect$$$$00000001  mc_w.l(entry2.o)
    0x0800018c   0x0800018c   0x00000004   Code   RO        10422    .ARM.Collect$$$$00000004  mc_w.l(entry5.o)
    0x08000190   0x08000190   0x00000000   Code   RO        10424    .ARM.Collect$$$$00000008  mc_w.l(entry7b.o)
    0x08000190   0x08000190   0x00000000   Code   RO        10426    .ARM.Collect$$$$0000000A  mc_w.l(entry8b.o)
    0x08000190   0x08000190   0x00000008   Code   RO        10427    .ARM.Collect$$$$0000000B  mc_w.l(entry9a.o)
    0x08000198   0x08000198   0x00000004   Code   RO        10434    .ARM.Collect$$$$0000000E  mc_w.l(entry12b.o)
    0x0800019c   0x0800019c   0x00000000   Code   RO        10429    .ARM.Collect$$$$0000000F  mc_w.l(entry10a.o)
    0x0800019c   0x0800019c   0x00000000   Code   RO        10431    .ARM.Collect$$$$00000011  mc_w.l(entry11a.o)
    0x0800019c   0x0800019c   0x00000004   Code   RO        10420    .ARM.Collect$$$$00002712  mc_w.l(entry2.o)
    0x080001a0   0x080001a0   0x000000b6   Code   RO         7246    .emb_text           port.o
    0x08000256   0x08000256   0x00000002   PAD
    0x08000258   0x08000258   0x00000024   Code   RO         1269    .text               startup_stm32f40_41xxx.o
    0x0800027c   0x0800027c   0x00000078   Code   RO         9680    .text               arm_cortexM4lf_math.lib(arm_cos_f32.o)
    0x080002f4   0x080002f4   0x00000074   Code   RO         9733    .text               arm_cortexM4lf_math.lib(arm_sin_f32.o)
    0x08000368   0x08000368   0x00000108   Code   RO         9757    .text               arm_cortexM4lf_math.lib(arm_mat_add_f32.o)
    0x08000470   0x08000470   0x00000008   Code   RO         9781    .text               arm_cortexM4lf_math.lib(arm_mat_init_f32.o)
    0x08000478   0x08000478   0x00000530   Code   RO         9805    .text               arm_cortexM4lf_math.lib(arm_mat_inverse_f32.o)
    0x080009a8   0x080009a8   0x0000013c   Code   RO         9829    .text               arm_cortexM4lf_math.lib(arm_mat_mult_f32.o)
    0x08000ae4   0x08000ae4   0x00000108   Code   RO         9853    .text               arm_cortexM4lf_math.lib(arm_mat_sub_f32.o)
    0x08000bec   0x08000bec   0x00000114   Code   RO         9877    .text               arm_cortexM4lf_math.lib(arm_mat_trans_f32.o)
    0x08000d00   0x08000d00   0x00000024   Code   RO        10057    .text               mc_w.l(memcpya.o)
    0x08000d24   0x08000d24   0x00000024   Code   RO        10059    .text               mc_w.l(memseta.o)
    0x08000d48   0x08000d48   0x0000014e   Code   RO        10328    .text               mf_w.l(dadd.o)
    0x08000e96   0x08000e96   0x000000e4   Code   RO        10330    .text               mf_w.l(dmul.o)
    0x08000f7a   0x08000f7a   0x000000de   Code   RO        10332    .text               mf_w.l(ddiv.o)
    0x08001058   0x08001058   0x0000001c   Code   RO        10336    .text               mf_w.l(ffltul.o)
    0x08001074   0x08001074   0x00000022   Code   RO        10338    .text               mf_w.l(dflti.o)
    0x08001096   0x08001096   0x0000001a   Code   RO        10340    .text               mf_w.l(dfltui.o)
    0x080010b0   0x080010b0   0x00000026   Code   RO        10342    .text               mf_w.l(f2d.o)
    0x080010d6   0x080010d6   0x00000002   PAD
    0x080010d8   0x080010d8   0x00000030   Code   RO        10344    .text               mf_w.l(cdcmple.o)
    0x08001108   0x08001108   0x00000030   Code   RO        10346    .text               mf_w.l(cdrcmple.o)
    0x08001138   0x08001138   0x00000038   Code   RO        10348    .text               mf_w.l(d2f.o)
    0x08001170   0x08001170   0x0000002c   Code   RO        10438    .text               mc_w.l(uidiv.o)
    0x0800119c   0x0800119c   0x00000062   Code   RO        10440    .text               mc_w.l(uldiv.o)
    0x080011fe   0x080011fe   0x0000001e   Code   RO        10442    .text               mc_w.l(llshl.o)
    0x0800121c   0x0800121c   0x00000024   Code   RO        10444    .text               mc_w.l(llsshr.o)
    0x08001240   0x08001240   0x00000000   Code   RO        10453    .text               mc_w.l(iusefp.o)
    0x08001240   0x08001240   0x0000006e   Code   RO        10454    .text               mf_w.l(fepilogue.o)
    0x080012ae   0x080012ae   0x000000ba   Code   RO        10456    .text               mf_w.l(depilogue.o)
    0x08001368   0x08001368   0x000000a2   Code   RO        10458    .text               mf_w.l(dsqrt.o)
    0x0800140a   0x0800140a   0x00000030   Code   RO        10460    .text               mf_w.l(dfixul.o)
    0x0800143a   0x0800143a   0x00000002   PAD
    0x0800143c   0x0800143c   0x00000024   Code   RO        10462    .text               mc_w.l(init.o)
    0x08001460   0x08001460   0x00000000   Code   RO        10464    .text               mc_w.l(semi.o)
    0x08001460   0x08001460   0x00000020   Code   RO        10465    .text               mc_w.l(llushr.o)
    0x08001480   0x08001480   0x00000000   Code   RO        10467    .text               mc_w.l(iusesemip.o)
    0x08001480   0x08001480   0x0000003e   Code   RO        10468    .text               mf_w.l(dfixi.o)
    0x080014be   0x080014be   0x00000056   Code   RO        10478    .text               mc_w.l(__dczerorl2.o)
    0x08001514   0x08001514   0x00000224   Code   RO         7752    i.ACCEL_Calibration  imutask.o
    0x08001738   0x08001738   0x00000098   Code   RO         7753    i.ACCEL_Filter      imutask.o
    0x080017d0   0x080017d0   0x000005d8   Code   RO         7754    i.AHRSUpdate_GraDes_Delay_Corretion  imutask.o
    0x08001da8   0x08001da8   0x0000000c   Code   RO         7646    i.Acce_Correct_Filter  filter_control.o
    0x08001db4   0x08001db4   0x000000bc   Code   RO         7755    i.Accel_calibration_get  imutask.o
    0x08001e70   0x08001e70   0x00000350   Code   RO         7647    i.Atti2Mat_d        filter_control.o
    0x080021c0   0x080021c0   0x00000002   Code   RO          349    i.BusFault_Handler  stm32f4xx_it.o
    0x080021c2   0x080021c2   0x00000002   PAD
    0x080021c4   0x080021c4   0x000000fc   Code   RO          747    i.CAN1_Mode_Init    can.o
    0x080022c0   0x080022c0   0x000000e0   Code   RO          748    i.CAN1_RX0_IRQHandler  can.o
    0x080023a0   0x080023a0   0x0000004c   Code   RO          751    i.CAN1_SetMsg_damiao_exit  can.o
    0x080023ec   0x080023ec   0x0000004c   Code   RO          754    i.CAN1_SetMsg_damiao_start  can.o
    0x08002438   0x08002438   0x00000110   Code   RO          756    i.CAN2_Mode_Init    can.o
    0x08002548   0x08002548   0x000001a0   Code   RO          757    i.CAN2_RX1_IRQHandler  can.o
    0x080026e8   0x080026e8   0x000000cc   Code   RO         2554    i.CAN_FilterInit    stm32f4xx_can.o
    0x080027b4   0x080027b4   0x00000010   Code   RO         2560    i.CAN_ITConfig      stm32f4xx_can.o
    0x080027c4   0x080027c4   0x000000e8   Code   RO         2561    i.CAN_Init          stm32f4xx_can.o
    0x080028ac   0x080028ac   0x0000008e   Code   RO         2564    i.CAN_Receive       stm32f4xx_can.o
    0x0800293a   0x0800293a   0x000000be   Code   RO         2569    i.CAN_Transmit      stm32f4xx_can.o
    0x080029f8   0x080029f8   0x00000058   Code   RO          765    i.Can_M1505b_I      can.o
    0x08002a50   0x08002a50   0x00000010   Code   RO            3    i.Chassis_L_Task    main.o
    0x08002a60   0x08002a60   0x00000010   Code   RO            4    i.Chassis_R_Task    main.o
    0x08002a70   0x08002a70   0x000000c8   Code   RO         7648    i.Chebyshev50HzLPF  filter_control.o
    0x08002b38   0x08002b38   0x00000038   Code   RO         8961    i.DCD_EP_ClrStall   usb_dcd.o
    0x08002b70   0x08002b70   0x0000003c   Code   RO         8963    i.DCD_EP_Open       usb_dcd.o
    0x08002bac   0x08002bac   0x00000044   Code   RO         8964    i.DCD_EP_PrepareRx  usb_dcd.o
    0x08002bf0   0x08002bf0   0x00000010   Code   RO         8965    i.DCD_EP_SetAddress  usb_dcd.o
    0x08002c00   0x08002c00   0x00000038   Code   RO         8966    i.DCD_EP_Stall      usb_dcd.o
    0x08002c38   0x08002c38   0x0000003e   Code   RO         8967    i.DCD_EP_Tx         usb_dcd.o
    0x08002c76   0x08002c76   0x00000052   Code   RO         9053    i.DCD_HandleEnumDone_ISR  usb_dcd_int.o
    0x08002cc8   0x08002cc8   0x000000c0   Code   RO         9054    i.DCD_HandleInEP_ISR  usb_dcd_int.o
    0x08002d88   0x08002d88   0x000000ac   Code   RO         9055    i.DCD_HandleOutEP_ISR  usb_dcd_int.o
    0x08002e34   0x08002e34   0x0000007c   Code   RO         9056    i.DCD_HandleRxStatusQueueLevel_ISR  usb_dcd_int.o
    0x08002eb0   0x08002eb0   0x00000070   Code   RO         9057    i.DCD_HandleUSBSuspend_ISR  usb_dcd_int.o
    0x08002f20   0x08002f20   0x00000084   Code   RO         9058    i.DCD_HandleUsbReset_ISR  usb_dcd_int.o
    0x08002fa4   0x08002fa4   0x0000008e   Code   RO         9059    i.DCD_WriteEmptyTxFifo  usb_dcd_int.o
    0x08003032   0x08003032   0x00000002   PAD
    0x08003034   0x08003034   0x0000002c   Code   RO         2711    i.DMA_ClearFlag     stm32f4xx_dma.o
    0x08003060   0x08003060   0x00000014   Code   RO         2713    i.DMA_Cmd           stm32f4xx_dma.o
    0x08003074   0x08003074   0x00000124   Code   RO         2714    i.DMA_DeInit        stm32f4xx_dma.o
    0x08003198   0x08003198   0x00000014   Code   RO         2715    i.DMA_DoubleBufferModeCmd  stm32f4xx_dma.o
    0x080031ac   0x080031ac   0x00000016   Code   RO         2716    i.DMA_DoubleBufferModeConfig  stm32f4xx_dma.o
    0x080031c2   0x080031c2   0x00000006   Code   RO         2719    i.DMA_GetCurrDataCounter  stm32f4xx_dma.o
    0x080031c8   0x080031c8   0x0000000e   Code   RO         2720    i.DMA_GetCurrentMemoryTarget  stm32f4xx_dma.o
    0x080031d6   0x080031d6   0x00000002   PAD
    0x080031d8   0x080031d8   0x00000054   Code   RO         2725    i.DMA_Init          stm32f4xx_dma.o
    0x0800322c   0x0800322c   0x00000004   Code   RO         2728    i.DMA_SetCurrDataCounter  stm32f4xx_dma.o
    0x08003230   0x08003230   0x00000054   Code   RO          767    i.DM_MIT            can.o
    0x08003284   0x08003284   0x00000002   Code   RO          350    i.DebugMon_Handler  stm32f4xx_it.o
    0x08003286   0x08003286   0x00000006   Code   RO          688    i.EXTI4_IRQHandler  exti.o
    0x0800328c   0x0800328c   0x0000000c   Code   RO         2487    i.EXTI_ClearITPendingBit  stm32f4xx_exti.o
    0x08003298   0x08003298   0x0000000c   Code   RO         2839    i.FLASH_ClearFlag   stm32f4xx_flash.o
    0x080032a4   0x080032a4   0x0000006c   Code   RO         2845    i.FLASH_EraseSector  stm32f4xx_flash.o
    0x08003310   0x08003310   0x0000003c   Code   RO         2847    i.FLASH_GetStatus   stm32f4xx_flash.o
    0x0800334c   0x0800334c   0x00000010   Code   RO         2851    i.FLASH_Lock        stm32f4xx_flash.o
    0x0800335c   0x0800335c   0x00000038   Code   RO         2872    i.FLASH_ProgramByte  stm32f4xx_flash.o
    0x08003394   0x08003394   0x00000024   Code   RO         2877    i.FLASH_Unlock      stm32f4xx_flash.o
    0x080033b8   0x080033b8   0x0000001e   Code   RO         2878    i.FLASH_WaitForLastOperation  stm32f4xx_flash.o
    0x080033d6   0x080033d6   0x0000001c   Code   RO         7454    i.FlashAllEraseBoot  bsp_flash.o
    0x080033f2   0x080033f2   0x00000002   PAD
    0x080033f4   0x080033f4   0x00000018   Code   RO         7457    i.FlashReadK        bsp_flash.o
    0x0800340c   0x0800340c   0x00000034   Code   RO         7458    i.FlashWriteK       bsp_flash.o
    0x08003440   0x08003440   0x00000078   Code   RO         1320    i.GPIO_Init         stm32f4xx_gpio.o
    0x080034b8   0x080034b8   0x00000020   Code   RO         1321    i.GPIO_PinAFConfig  stm32f4xx_gpio.o
    0x080034d8   0x080034d8   0x00000004   Code   RO         1327    i.GPIO_ResetBits    stm32f4xx_gpio.o
    0x080034dc   0x080034dc   0x00000004   Code   RO         1328    i.GPIO_SetBits      stm32f4xx_gpio.o
    0x080034e0   0x080034e0   0x00000074   Code   RO         7758    i.GYRO_Filter       imutask.o
    0x08003554   0x08003554   0x00000054   Code   RO         7936    i.Get_Sys_Ticks     mpu_time_init.o
    0x080035a8   0x080035a8   0x00000070   Code   RO         7650    i.Gyro_Correct_Filter  filter_control.o
    0x08003618   0x08003618   0x00000002   Code   RO          351    i.HardFault_Handler  stm32f4xx_it.o
    0x0800361a   0x0800361a   0x00000002   PAD
    0x0800361c   0x0800361c   0x00000078   Code   RO         7759    i.IMU_Calibration   imutask.o
    0x08003694   0x08003694   0x00000070   Code   RO         7760    i.IMU_Task          imutask.o
    0x08003704   0x08003704   0x000001a0   Code   RO         8679    i.Kalaman_feedback  kalaman.o
    0x080038a4   0x080038a4   0x0000022c   Code   RO         8680    i.Kalman_Filter_Init  kalaman.o
    0x08003ad0   0x08003ad0   0x0000012e   Code   RO         7507    i.MPU6500_1_init    bsp_mpu9250_init.o
    0x08003bfe   0x08003bfe   0x0000012e   Code   RO         7508    i.MPU6500_2_init    bsp_mpu9250_init.o
    0x08003d2c   0x08003d2c   0x00000018   Code   RO         7509    i.MPU6500_Init      bsp_mpu9250_init.o
    0x08003d44   0x08003d44   0x00000052   Code   RO         7510    i.MPU9250_Get_Accelerometer  bsp_mpu9250_init.o
    0x08003d96   0x08003d96   0x00000082   Code   RO         7511    i.MPU9250_Get_Gyroscope  bsp_mpu9250_init.o
    0x08003e18   0x08003e18   0x00000050   Code   RO         7513    i.MPU9250_Get_Temperature  bsp_mpu9250_init.o
    0x08003e68   0x08003e68   0x0000005c   Code   RO         7515    i.MPU9250_Read_Byte  bsp_mpu9250_init.o
    0x08003ec4   0x08003ec4   0x00000070   Code   RO         7516    i.MPU9250_Read_Len  bsp_mpu9250_init.o
    0x08003f34   0x08003f34   0x00000058   Code   RO         7519    i.MPU9250_Write_Byte  bsp_mpu9250_init.o
    0x08003f8c   0x08003f8c   0x00000034   Code   RO         7521    i.MPUHEAT_configuration  bsp_mpu9250_init.o
    0x08003fc0   0x08003fc0   0x0000000c   Code   RO         7522    i.MPUHEAT_off       bsp_mpu9250_init.o
    0x08003fcc   0x08003fcc   0x00000098   Code   RO         7524    i.MPU_SPI_Configuration  bsp_mpu9250_init.o
    0x08004064   0x08004064   0x000003f0   Code   RO         7652    i.Mat2Quat          filter_control.o
    0x08004454   0x08004454   0x0000005c   Code   RO         7653    i.Mat_Trans_d       filter_control.o
    0x080044b0   0x080044b0   0x00000002   Code   RO          352    i.MemManage_Handler  stm32f4xx_it.o
    0x080044b2   0x080044b2   0x00000002   Code   RO          353    i.NMI_Handler       stm32f4xx_it.o
    0x080044b4   0x080044b4   0x00000064   Code   RO         1275    i.NVIC_Init         misc.o
    0x08004518   0x08004518   0x00000014   Code   RO         1276    i.NVIC_PriorityGroupConfig  misc.o
    0x0800452c   0x0800452c   0x0000000c   Code   RO         9314    i.OTG_FS_IRQHandler  usbd_usr.o
    0x08004538   0x08004538   0x0000012c   Code   RO          920    i.PID_Calc          pid.o
    0x08004664   0x08004664   0x00000018   Code   RO         1417    i.RCC_AHB1PeriphClockCmd  stm32f4xx_rcc.o
    0x0800467c   0x0800467c   0x00000018   Code   RO         1426    i.RCC_APB1PeriphClockCmd  stm32f4xx_rcc.o
    0x08004694   0x08004694   0x00000018   Code   RO         1428    i.RCC_APB1PeriphResetCmd  stm32f4xx_rcc.o
    0x080046ac   0x080046ac   0x00000018   Code   RO         1429    i.RCC_APB2PeriphClockCmd  stm32f4xx_rcc.o
    0x080046c4   0x080046c4   0x00000018   Code   RO         1431    i.RCC_APB2PeriphResetCmd  stm32f4xx_rcc.o
    0x080046dc   0x080046dc   0x00000090   Code   RO         1438    i.RCC_GetClocksFreq  stm32f4xx_rcc.o
    0x0800476c   0x0800476c   0x00000140   Code   RO         1099    i.RC_Init           rc.o
    0x080048ac   0x080048ac   0x000000a4   Code   RO         1001    i.RC_MODE_CONTROL   remotecontrol.o
    0x08004950   0x08004950   0x000000b4   Code   RO         1004    i.SBUS_TO_RC        remotecontrol.o
    0x08004a04   0x08004a04   0x000000bc   Code   RO         7896    i.SPI1_Init         mpu_spi_init.o
    0x08004ac0   0x08004ac0   0x00000034   Code   RO         7897    i.SPI1_ReadWriteByte  mpu_spi_init.o
    0x08004af4   0x08004af4   0x00000014   Code   RO         3128    i.SPI_Cmd           stm32f4xx_spi.o
    0x08004b08   0x08004b08   0x0000000e   Code   RO         3136    i.SPI_I2S_GetFlagStatus  stm32f4xx_spi.o
    0x08004b16   0x08004b16   0x00000004   Code   RO         3139    i.SPI_I2S_ReceiveData  stm32f4xx_spi.o
    0x08004b1a   0x08004b1a   0x00000004   Code   RO         3140    i.SPI_I2S_SendData  stm32f4xx_spi.o
    0x08004b1e   0x08004b1e   0x00000038   Code   RO         3141    i.SPI_Init          stm32f4xx_spi.o
    0x08004b56   0x08004b56   0x00000002   PAD
    0x08004b58   0x08004b58   0x000000b4   Code   RO          503    i.SetSysClock       system_stm32f4xx.o
    0x08004c0c   0x08004c0c   0x00000018   Code   RO         1279    i.SysTick_CLKSourceConfig  misc.o
    0x08004c24   0x08004c24   0x00000014   Code   RO         1163    i.SysTick_Handler   delay.o
    0x08004c38   0x08004c38   0x0000005c   Code   RO          505    i.SystemInit        system_stm32f4xx.o
    0x08004c94   0x08004c94   0x0000001c   Code   RO          644    i.TIM3_IRQHandler   timer.o
    0x08004cb0   0x08004cb0   0x00000034   Code   RO          646    i.TIM5_IRQHandler   timer.o
    0x08004ce4   0x08004ce4   0x0000005c   Code   RO          647    i.TIM5_Init         timer.o
    0x08004d40   0x08004d40   0x00000006   Code   RO         1948    i.TIM_ClearITPendingBit  stm32f4xx_tim.o
    0x08004d46   0x08004d46   0x00000014   Code   RO         1953    i.TIM_Cmd           stm32f4xx_tim.o
    0x08004d5a   0x08004d5a   0x00000018   Code   RO         1974    i.TIM_GetITStatus   stm32f4xx_tim.o
    0x08004d72   0x08004d72   0x00000010   Code   RO         1978    i.TIM_ITConfig      stm32f4xx_tim.o
    0x08004d82   0x08004d82   0x00000002   PAD
    0x08004d84   0x08004d84   0x0000007c   Code   RO         2025    i.TIM_TimeBaseInit  stm32f4xx_tim.o
    0x08004e00   0x08004e00   0x00000060   Code   RO         1228    i.UART5_IRQHandler  usart1.o
    0x08004e60   0x08004e60   0x000000fc   Code   RO         1005    i.USART2_IRQHandler  remotecontrol.o
    0x08004f5c   0x08004f5c   0x00000006   Code   RO         1751    i.USART_ClearFlag   stm32f4xx_usart.o
    0x08004f62   0x08004f62   0x0000000c   Code   RO         1752    i.USART_ClearITPendingBit  stm32f4xx_usart.o
    0x08004f6e   0x08004f6e   0x00000014   Code   RO         1755    i.USART_Cmd         stm32f4xx_usart.o
    0x08004f82   0x08004f82   0x00000010   Code   RO         1756    i.USART_DMACmd      stm32f4xx_usart.o
    0x08004f92   0x08004f92   0x00000002   PAD
    0x08004f94   0x08004f94   0x000000ac   Code   RO         1757    i.USART_DeInit      stm32f4xx_usart.o
    0x08005040   0x08005040   0x0000003e   Code   RO         1759    i.USART_GetITStatus  stm32f4xx_usart.o
    0x0800507e   0x0800507e   0x00000030   Code   RO         1761    i.USART_ITConfig    stm32f4xx_usart.o
    0x080050ae   0x080050ae   0x00000002   PAD
    0x080050b0   0x080050b0   0x000000ac   Code   RO         1762    i.USART_Init        stm32f4xx_usart.o
    0x0800515c   0x0800515c   0x00000008   Code   RO         1769    i.USART_ReceiveData  stm32f4xx_usart.o
    0x08005164   0x08005164   0x0000000e   Code   RO         9464    i.USBD_ClrCfg       usbd_core.o
    0x08005172   0x08005172   0x00000012   Code   RO         9555    i.USBD_CtlContinueRx  usbd_ioreq.o
    0x08005184   0x08005184   0x00000012   Code   RO         9556    i.USBD_CtlContinueSendData  usbd_ioreq.o
    0x08005196   0x08005196   0x0000001c   Code   RO         9611    i.USBD_CtlError     usbd_req.o
    0x080051b2   0x080051b2   0x00000022   Code   RO         9558    i.USBD_CtlReceiveStatus  usbd_ioreq.o
    0x080051d4   0x080051d4   0x00000020   Code   RO         9559    i.USBD_CtlSendData  usbd_ioreq.o
    0x080051f4   0x080051f4   0x00000022   Code   RO         9560    i.USBD_CtlSendStatus  usbd_ioreq.o
    0x08005216   0x08005216   0x00000002   PAD
    0x08005218   0x08005218   0x000000b0   Code   RO         9465    i.USBD_DataInStage  usbd_core.o
    0x080052c8   0x080052c8   0x00000074   Code   RO         9466    i.USBD_DataOutStage  usbd_core.o
    0x0800533c   0x0800533c   0x000000ce   Code   RO         9612    i.USBD_GetDescriptor  usbd_req.o
    0x0800540a   0x0800540a   0x0000000e   Code   RO         9469    i.USBD_IsoINIncomplete  usbd_core.o
    0x08005418   0x08005418   0x0000000e   Code   RO         9470    i.USBD_IsoOUTIncomplete  usbd_core.o
    0x08005426   0x08005426   0x00000002   PAD
    0x08005428   0x08005428   0x000000f0   Code   RO         9060    i.USBD_OTG_ISR_Handler  usb_dcd_int.o
    0x08005518   0x08005518   0x00000044   Code   RO         9614    i.USBD_ParseSetupRequest  usbd_req.o
    0x0800555c   0x0800555c   0x0000002e   Code   RO         9471    i.USBD_Reset        usbd_core.o
    0x0800558a   0x0800558a   0x00000016   Code   RO         9472    i.USBD_Resume       usbd_core.o
    0x080055a0   0x080055a0   0x00000010   Code   RO         9473    i.USBD_SOF          usbd_core.o
    0x080055b0   0x080055b0   0x0000001a   Code   RO         9474    i.USBD_SetCfg       usbd_core.o
    0x080055ca   0x080055ca   0x00000002   PAD
    0x080055cc   0x080055cc   0x00000074   Code   RO         9615    i.USBD_SetConfig    usbd_req.o
    0x08005640   0x08005640   0x0000007c   Code   RO         9616    i.USBD_SetFeature   usbd_req.o
    0x080056bc   0x080056bc   0x00000048   Code   RO         9475    i.USBD_SetupStage   usbd_core.o
    0x08005704   0x08005704   0x000000f0   Code   RO         9617    i.USBD_StdDevReq    usbd_req.o
    0x080057f4   0x080057f4   0x000000d4   Code   RO         9618    i.USBD_StdEPReq     usbd_req.o
    0x080058c8   0x080058c8   0x00000036   Code   RO         9619    i.USBD_StdItfReq    usbd_req.o
    0x080058fe   0x080058fe   0x0000001c   Code   RO         9476    i.USBD_Suspend      usbd_core.o
    0x0800591a   0x0800591a   0x00000004   Code   RO         9118    i.USB_OTG_BSP_uDelay  usb_bsp.o
    0x0800591e   0x0800591e   0x0000003a   Code   RO         8726    i.USB_OTG_EP0Activate  usb_core.o
    0x08005958   0x08005958   0x000000b8   Code   RO         8727    i.USB_OTG_EP0StartXfer  usb_core.o
    0x08005a10   0x08005a10   0x00000024   Code   RO         8728    i.USB_OTG_EP0_OutStart  usb_core.o
    0x08005a34   0x08005a34   0x00000052   Code   RO         8729    i.USB_OTG_EPActivate  usb_core.o
    0x08005a86   0x08005a86   0x00000032   Code   RO         8730    i.USB_OTG_EPClearStall  usb_core.o
    0x08005ab8   0x08005ab8   0x00000030   Code   RO         8732    i.USB_OTG_EPSetStall  usb_core.o
    0x08005ae8   0x08005ae8   0x0000012a   Code   RO         8733    i.USB_OTG_EPStartXfer  usb_core.o
    0x08005c12   0x08005c12   0x00000002   PAD
    0x08005c14   0x08005c14   0x00000044   Code   RO         8737    i.USB_OTG_FlushTxFifo  usb_core.o
    0x08005c58   0x08005c58   0x00000026   Code   RO         8738    i.USB_OTG_GetDeviceSpeed  usb_core.o
    0x08005c7e   0x08005c7e   0x00000012   Code   RO         8742    i.USB_OTG_IsDeviceMode  usb_core.o
    0x08005c90   0x08005c90   0x0000000a   Code   RO         8744    i.USB_OTG_ReadCoreItr  usb_core.o
    0x08005c9a   0x08005c9a   0x0000000c   Code   RO         8745    i.USB_OTG_ReadDevAllInEPItr  usb_core.o
    0x08005ca6   0x08005ca6   0x0000000c   Code   RO         8746    i.USB_OTG_ReadDevAllOutEp_itr  usb_core.o
    0x08005cb2   0x08005cb2   0x00000010   Code   RO         8747    i.USB_OTG_ReadDevOutEP_itr  usb_core.o
    0x08005cc2   0x08005cc2   0x00000020   Code   RO         8749    i.USB_OTG_ReadPacket  usb_core.o
    0x08005ce2   0x08005ce2   0x00000028   Code   RO         8755    i.USB_OTG_WritePacket  usb_core.o
    0x08005d0a   0x08005d0a   0x00000002   Code   RO          354    i.UsageFault_Handler  stm32f4xx_it.o
    0x08005d0c   0x08005d0c   0x0000032c   Code   RO         7966    i.Vmc_calc          chassis_task.o
    0x08006038   0x08006038   0x00000020   Code   RO        10300    i.__0printf         mc_w.l(printfa.o)
    0x08006058   0x08006058   0x00000030   Code   RO        10387    i.__ARM_fpclassify  m_wm.l(fpclassify.o)
    0x08006088   0x08006088   0x00000026   Code   RO        10389    i.__ARM_fpclassifyf  m_wm.l(fpclassifyf.o)
    0x080060ae   0x080060ae   0x00000002   PAD
    0x080060b0   0x080060b0   0x00000360   Code   RO         9980    i.__hardfp_asin     m_wm.l(asin.o)
    0x08006410   0x08006410   0x000002d8   Code   RO        10350    i.__hardfp_atan     m_wm.l(atan.o)
    0x080066e8   0x080066e8   0x00000200   Code   RO         9994    i.__hardfp_atan2    m_wm.l(atan2.o)
    0x080068e8   0x080068e8   0x000002ac   Code   RO        10006    i.__hardfp_atan2f   m_wm.l(atan2f.o)
    0x08006b94   0x08006b94   0x00000004   PAD
    0x08006b98   0x08006b98   0x000000c8   Code   RO        10018    i.__hardfp_cos      m_wm.l(cos.o)
    0x08006c60   0x08006c60   0x000000c8   Code   RO        10030    i.__hardfp_sin      m_wm.l(sin.o)
    0x08006d28   0x08006d28   0x0000007a   Code   RO        10042    i.__hardfp_sqrt     m_wm.l(sqrt_full.o)
    0x08006da2   0x08006da2   0x00000006   PAD
    0x08006da8   0x08006da8   0x00000438   Code   RO        10408    i.__ieee754_rem_pio2  m_wm.l(rred.o)
    0x080071e0   0x080071e0   0x00000170   Code   RO        10364    i.__kernel_cos      m_wm.l(cos_i.o)
    0x08007350   0x08007350   0x000000f8   Code   RO        10405    i.__kernel_poly     m_wm.l(poly.o)
    0x08007448   0x08007448   0x00000130   Code   RO        10413    i.__kernel_sin      m_wm.l(sin_i.o)
    0x08007578   0x08007578   0x00000014   Code   RO        10368    i.__mathlib_dbl_infnan  m_wm.l(dunder.o)
    0x0800758c   0x0800758c   0x00000014   Code   RO        10369    i.__mathlib_dbl_infnan2  m_wm.l(dunder.o)
    0x080075a0   0x080075a0   0x00000020   Code   RO        10370    i.__mathlib_dbl_invalid  m_wm.l(dunder.o)
    0x080075c0   0x080075c0   0x00000020   Code   RO        10373    i.__mathlib_dbl_underflow  m_wm.l(dunder.o)
    0x080075e0   0x080075e0   0x00000006   Code   RO        10393    i.__mathlib_flt_infnan2  m_wm.l(funder.o)
    0x080075e6   0x080075e6   0x00000002   PAD
    0x080075e8   0x080075e8   0x00000010   Code   RO        10397    i.__mathlib_flt_underflow  m_wm.l(funder.o)
    0x080075f8   0x080075f8   0x0000000e   Code   RO        10472    i.__scatterload_copy  mc_w.l(handlers.o)
    0x08007606   0x08007606   0x00000002   Code   RO        10473    i.__scatterload_null  mc_w.l(handlers.o)
    0x08007608   0x08007608   0x0000000e   Code   RO        10474    i.__scatterload_zeroinit  mc_w.l(handlers.o)
    0x08007616   0x08007616   0x00000002   PAD
    0x08007618   0x08007618   0x0000000c   Code   RO        10448    i.__set_errno       mc_w.l(errno.o)
    0x08007624   0x08007624   0x00000184   Code   RO        10307    i._fp_digits        mc_w.l(printfa.o)
    0x080077a8   0x080077a8   0x000006b4   Code   RO        10308    i._printf_core      mc_w.l(printfa.o)
    0x08007e5c   0x08007e5c   0x00000024   Code   RO        10309    i._printf_post_padding  mc_w.l(printfa.o)
    0x08007e80   0x08007e80   0x0000002e   Code   RO        10310    i._printf_pre_padding  mc_w.l(printfa.o)
    0x08007eae   0x08007eae   0x00000002   PAD
    0x08007eb0   0x08007eb0   0x0000005c   Code   RO         7388    i.accel_data_update  accelerometer_calibration.o
    0x08007f0c   0x08007f0c   0x00000144   Code   RO         7389    i.accel_mat_init    accelerometer_calibration.o
    0x08008050   0x08008050   0x00000010   Code   RO        10352    i.atan              m_wm.l(atan.o)
    0x08008060   0x08008060   0x00000088   Code   RO         7390    i.caculate_mat      accelerometer_calibration.o
    0x080080e8   0x080080e8   0x000000dc   Code   RO         7391    i.cali_accel_para   accelerometer_calibration.o
    0x080081c4   0x080081c4   0x00000004   Code   RO         7392    i.cali_fenction     accelerometer_calibration.o
    0x080081c8   0x080081c8   0x000000e8   Code   RO         7967    i.chassis_L_init    chassis_task.o
    0x080082b0   0x080082b0   0x000007a4   Code   RO         7968    i.chassis_L_task    chassis_task.o
    0x08008a54   0x08008a54   0x0000004c   Code   RO         7969    i.chassis_R_init    chassis_task.o
    0x08008aa0   0x08008aa0   0x00000710   Code   RO         7970    i.chassis_R_task    chassis_task.o
    0x080091b0   0x080091b0   0x00000038   Code   RO         1164    i.delay_init        delay.o
    0x080091e8   0x080091e8   0x00000034   Code   RO         1166    i.delay_us          delay.o
    0x0800921c   0x0800921c   0x00000018   Code   RO        10383    i.fabs              m_wm.l(fabs.o)
    0x08009234   0x08009234   0x00000028   Code   RO          768    i.float_to_uint     can.o
    0x0800925c   0x0800925c   0x00000020   Code   RO         8040    i.fp_Limit_mouse    gimbal_task.o
    0x0800927c   0x0800927c   0x00000012   Code   RO        10435    i.fputc             mc_w.l(fputc.o)
    0x0800928e   0x0800928e   0x0000002a   Code   RO         8041    i.get_relative_pos  gimbal_task.o
    0x080092b8   0x080092b8   0x0000000c   Code   RO         6878    i.inHandlerMode     cmsis_os.o
    0x080092c4   0x080092c4   0x0000002c   Code   RO         7655    i.invSqrt           filter_control.o
    0x080092f0   0x080092f0   0x000000a4   Code   RO            7    i.main              main.o
    0x08009394   0x08009394   0x00000018   Code   RO         7876    i.mpu_delay_ms      mpu_delay.o
    0x080093ac   0x080093ac   0x00000040   Code   RO         7656    i.my_sqrt           filter_control.o
    0x080093ec   0x080093ec   0x00000018   Code   RO         6886    i.osKernelSysTick   cmsis_os.o
    0x08009404   0x08009404   0x0000003c   Code   RO          927    i.pid_init          pid.o
    0x08009440   0x08009440   0x00000070   Code   RO         6397    i.prvAddCurrentTaskToDelayedList  tasks.o
    0x080094b0   0x080094b0   0x000000d0   Code   RO         6398    i.prvAddNewTaskToReadyList  tasks.o
    0x08009580   0x08009580   0x00000050   Code   RO         6750    i.prvCheckForValidListAndQueue  timers.o
    0x080095d0   0x080095d0   0x00000054   Code   RO         6399    i.prvCheckTasksWaitingTermination  tasks.o
    0x08009624   0x08009624   0x00000026   Code   RO         6171    i.prvCopyDataFromQueue  queue.o
    0x0800964a   0x0800964a   0x0000006c   Code   RO         6172    i.prvCopyDataToQueue  queue.o
    0x080096b6   0x080096b6   0x00000014   Code   RO         6400    i.prvDeleteTCB      tasks.o
    0x080096ca   0x080096ca   0x00000002   PAD
    0x080096cc   0x080096cc   0x0000004c   Code   RO         7331    i.prvHeapInit       heap_4.o
    0x08009718   0x08009718   0x00000028   Code   RO         6401    i.prvIdleTask       tasks.o
    0x08009740   0x08009740   0x000000c0   Code   RO         6402    i.prvInitialiseNewTask  tasks.o
    0x08009800   0x08009800   0x0000004c   Code   RO         7332    i.prvInsertBlockIntoFreeList  heap_4.o
    0x0800984c   0x0800984c   0x00000038   Code   RO         6751    i.prvInsertTimerInActiveList  timers.o
    0x08009884   0x08009884   0x0000001a   Code   RO         6173    i.prvIsQueueEmpty   queue.o
    0x0800989e   0x0800989e   0x00000002   PAD
    0x080098a0   0x080098a0   0x00000090   Code   RO         6174    i.prvNotifyQueueSetContainer  queue.o
    0x08009930   0x08009930   0x00000060   Code   RO         6752    i.prvProcessExpiredTimer  timers.o
    0x08009990   0x08009990   0x000000f0   Code   RO         6753    i.prvProcessReceivedCommands  timers.o
    0x08009a80   0x08009a80   0x0000006c   Code   RO         6754    i.prvProcessTimerOrBlockTask  timers.o
    0x08009aec   0x08009aec   0x00000020   Code   RO         6404    i.prvResetNextTaskUnblockTime  tasks.o
    0x08009b0c   0x08009b0c   0x00000028   Code   RO         6755    i.prvSampleTimeNow  timers.o
    0x08009b34   0x08009b34   0x0000006c   Code   RO         6756    i.prvSwitchTimerLists  timers.o
    0x08009ba0   0x08009ba0   0x00000064   Code   RO         7247    i.prvTaskExitError  port.o
    0x08009c04   0x08009c04   0x00000028   Code   RO         6757    i.prvTimerTask      timers.o
    0x08009c2c   0x08009c2c   0x00000078   Code   RO         6175    i.prvUnlockQueue    queue.o
    0x08009ca4   0x08009ca4   0x00000114   Code   RO         7333    i.pvPortMalloc      heap_4.o
    0x08009db8   0x08009db8   0x00000018   Code   RO         6406    i.pvTaskIncrementMutexHeldCount  tasks.o
    0x08009dd0   0x08009dd0   0x0000002c   Code   RO         7248    i.pxPortInitialiseStack  port.o
    0x08009dfc   0x08009dfc   0x00000010   Code   RO         1007    i.remote_control_init  remotecontrol.o
    0x08009e0c   0x08009e0c   0x0000006e   Code   RO        10044    i.sqrt              m_wm.l(sqrt_full.o)
    0x08009e7a   0x08009e7a   0x00000002   PAD
    0x08009e7c   0x08009e7c   0x00000084   Code   RO            8    i.start_task        main.o
    0x08009f00   0x08009f00   0x000000cc   Code   RO          929    i.turn_PID_Calc     pid.o
    0x08009fcc   0x08009fcc   0x00000028   Code   RO          769    i.uint_to_float     can.o
    0x08009ff4   0x08009ff4   0x00000024   Code   RO         6126    i.uxListRemove      list.o
    0x0800a018   0x0800a018   0x00000016   Code   RO         6127    i.vListInitialise   list.o
    0x0800a02e   0x0800a02e   0x00000006   Code   RO         6128    i.vListInitialiseItem  list.o
    0x0800a034   0x0800a034   0x00000030   Code   RO         6129    i.vListInsert       list.o
    0x0800a064   0x0800a064   0x00000018   Code   RO         6130    i.vListInsertEnd    list.o
    0x0800a07c   0x0800a07c   0x00000078   Code   RO         7250    i.vPortEnterCritical  port.o
    0x0800a0f4   0x0800a0f4   0x00000064   Code   RO         7251    i.vPortExitCritical  port.o
    0x0800a158   0x0800a158   0x0000009c   Code   RO         7334    i.vPortFree         heap_4.o
    0x0800a1f4   0x0800a1f4   0x00000020   Code   RO         7252    i.vPortSetupTimerInterrupt  port.o
    0x0800a214   0x0800a214   0x0000008c   Code   RO         7253    i.vPortValidateInterruptPriority  port.o
    0x0800a2a0   0x0800a2a0   0x00000024   Code   RO         6181    i.vQueueAddToRegistry  queue.o
    0x0800a2c4   0x0800a2c4   0x00000044   Code   RO         6185    i.vQueueWaitForMessageRestricted  queue.o
    0x0800a308   0x0800a308   0x0000006c   Code   RO         6414    i.vTaskDelay        tasks.o
    0x0800a374   0x0800a374   0x000000cc   Code   RO         6416    i.vTaskDelete       tasks.o
    0x0800a440   0x0800a440   0x0000000c   Code   RO         6420    i.vTaskMissedYield  tasks.o
    0x0800a44c   0x0800a44c   0x00000054   Code   RO         6422    i.vTaskPlaceOnEventList  tasks.o
    0x0800a4a0   0x0800a4a0   0x0000005c   Code   RO         6423    i.vTaskPlaceOnEventListRestricted  tasks.o
    0x0800a4fc   0x0800a4fc   0x00000084   Code   RO         6425    i.vTaskPriorityInherit  tasks.o
    0x0800a580   0x0800a580   0x00000048   Code   RO         6429    i.vTaskSetTimeOutState  tasks.o
    0x0800a5c8   0x0800a5c8   0x00000094   Code   RO         6430    i.vTaskStartScheduler  tasks.o
    0x0800a65c   0x0800a65c   0x00000010   Code   RO         6432    i.vTaskSuspendAll   tasks.o
    0x0800a66c   0x0800a66c   0x0000007c   Code   RO         6433    i.vTaskSwitchContext  tasks.o
    0x0800a6e8   0x0800a6e8   0x00000114   Code   RO         7254    i.xPortStartScheduler  port.o
    0x0800a7fc   0x0800a7fc   0x0000002c   Code   RO         7255    i.xPortSysTickHandler  port.o
    0x0800a828   0x0800a828   0x00000078   Code   RO         6190    i.xQueueGenericCreate  queue.o
    0x0800a8a0   0x0800a8a0   0x00000184   Code   RO         6191    i.xQueueGenericReceive  queue.o
    0x0800aa24   0x0800aa24   0x000000a8   Code   RO         6192    i.xQueueGenericReset  queue.o
    0x0800aacc   0x0800aacc   0x00000188   Code   RO         6193    i.xQueueGenericSend  queue.o
    0x0800ac54   0x0800ac54   0x000000e0   Code   RO         6194    i.xQueueGenericSendFromISR  queue.o
    0x0800ad34   0x0800ad34   0x00000088   Code   RO         6434    i.xTaskCheckForTimeOut  tasks.o
    0x0800adbc   0x0800adbc   0x00000056   Code   RO         6435    i.xTaskCreate       tasks.o
    0x0800ae12   0x0800ae12   0x00000002   PAD
    0x0800ae14   0x0800ae14   0x0000001c   Code   RO         6439    i.xTaskGetSchedulerState  tasks.o
    0x0800ae30   0x0800ae30   0x0000000c   Code   RO         6440    i.xTaskGetTickCount  tasks.o
    0x0800ae3c   0x0800ae3c   0x00000010   Code   RO         6441    i.xTaskGetTickCountFromISR  tasks.o
    0x0800ae4c   0x0800ae4c   0x000000e8   Code   RO         6442    i.xTaskIncrementTick  tasks.o
    0x0800af34   0x0800af34   0x000000b4   Code   RO         6445    i.xTaskPriorityDisinherit  tasks.o
    0x0800afe8   0x0800afe8   0x00000098   Code   RO         6446    i.xTaskRemoveFromEventList  tasks.o
    0x0800b080   0x0800b080   0x000000e4   Code   RO         6448    i.xTaskResumeAll    tasks.o
    0x0800b164   0x0800b164   0x00000074   Code   RO         6760    i.xTimerCreate      timers.o
    0x0800b1d8   0x0800b1d8   0x00000074   Code   RO         6761    i.xTimerCreateTimerTask  timers.o
    0x0800b24c   0x0800b24c   0x00000090   Code   RO         6762    i.xTimerGenericCommand  timers.o
    0x0800b2dc   0x0800b2dc   0x00000004   PAD
    0x0800b2e0   0x0800b2e0   0x00000130   Data   RO         7662    .constdata          filter_control.o
    0x0800b410   0x0800b410   0x00000804   Data   RO         9957    .constdata          arm_cortexM4lf_math.lib(arm_common_tables.o)
    0x0800bc14   0x0800bc14   0x00000004   PAD
    0x0800bc18   0x0800bc18   0x00000050   Data   RO         9983    .constdata          m_wm.l(asin.o)
    0x0800bc68   0x0800bc68   0x00000098   Data   RO        10353    .constdata          m_wm.l(atan.o)
    0x0800bd00   0x0800bd00   0x00000030   Data   RO        10365    .constdata          m_wm.l(cos_i.o)
    0x0800bd30   0x0800bd30   0x00000008   Data   RO        10407    .constdata          m_wm.l(qnan.o)
    0x0800bd38   0x0800bd38   0x000000c8   Data   RO        10410    .constdata          m_wm.l(rred.o)
    0x0800be00   0x0800be00   0x00000028   Data   RO        10414    .constdata          m_wm.l(sin_i.o)
    0x0800be28   0x0800be28   0x00000020   Data   RO        10470    Region$$Table       anon$$obj.o


    Execution Region RW_IRAM1 (Exec base: 0x20000000, Load base: 0x0800be48, Size: 0x0001be58, Max: 0x00020000, ABSOLUTE, COMPRESSED[0x00000140])

    Exec Addr    Load Addr    Size         Type   Attr      Idx    E Section Name        Object

    0x20000000   COMPRESSED   0x00000010   Data   RW           10    .data               main.o
    0x20000010   COMPRESSED   0x00000014   Data   RW          506    .data               system_stm32f4xx.o
    0x20000024   COMPRESSED   0x00000004   PAD
    0x20000028   COMPRESSED   0x00000008   Data   RW          648    .data               timer.o
    0x20000030   COMPRESSED   0x00000016   Data   RW          780    .data               can.o
    0x20000046   COMPRESSED   0x00000002   PAD
    0x20000048   COMPRESSED   0x0000000c   Data   RW         1011    .data               remotecontrol.o
    0x20000054   COMPRESSED   0x00000004   Data   RW         1168    .data               delay.o
    0x20000058   COMPRESSED   0x00000008   Data   RW         1229    .data               usart1.o
    0x20000060   COMPRESSED   0x00000010   Data   RW         1470    .data               stm32f4xx_rcc.o
    0x20000070   COMPRESSED   0x0000003c   Data   RW         6451    .data               tasks.o
    0x200000ac   COMPRESSED   0x00000014   Data   RW         6770    .data               timers.o
    0x200000c0   COMPRESSED   0x0000000c   Data   RW         7256    .data               port.o
    0x200000cc   COMPRESSED   0x00000018   Data   RW         7339    .data               heap_4.o
    0x200000e4   COMPRESSED   0x00000114   Data   RW         7394    .data               accelerometer_calibration.o
    0x200001f8   COMPRESSED   0x00000048   Data   RW         7771    .data               imutask.o
    0x20000240   COMPRESSED   0x00000110   Data   RW         7975    .data               chassis_task.o
    0x20000350   COMPRESSED   0x00000004   Data   RW         8684    .data               kalaman.o
    0x20000354   COMPRESSED   0x0000002c   Data   RW         9477    .data               usbd_core.o
    0x20000380   COMPRESSED   0x00000004   Data   RW         9478    .data               usbd_core.o
    0x20000384   COMPRESSED   0x00000004   Data   RW         9479    .data               usbd_core.o
    0x20000388   COMPRESSED   0x00000010   Data   RW         9620    .data               usbd_req.o
    0x20000398   COMPRESSED   0x00000004   Data   RW        10437    .data               mc_w.l(stdout.o)
    0x2000039c   COMPRESSED   0x00000004   Data   RW        10449    .data               mc_w.l(errno.o)
    0x200003a0        -       0x000005f4   Zero   RW            9    .bss                main.o
    0x20000994        -       0x000000dc   Zero   RW          772    .bss                can.o
    0x20000a70        -       0x0000005e   Zero   RW         1010    .bss                remotecontrol.o
    0x20000ace   COMPRESSED   0x00000002   PAD
    0x20000ad0        -       0x00000040   Zero   RW         6205    .bss                queue.o
    0x20000b10        -       0x000002e4   Zero   RW         6450    .bss                tasks.o
    0x20000df4        -       0x00000028   Zero   RW         6769    .bss                timers.o
    0x20000e1c        -       0x00019000   Zero   RW         7338    .bss                heap_4.o
    0x20019e1c        -       0x000001ac   Zero   RW         7393    .bss                accelerometer_calibration.o
    0x20019fc8        -       0x000006f0   Zero   RW         7659    .bss                filter_control.o
    0x2001a6b8        -       0x0000011c   Zero   RW         7767    .bss                imutask.o
    0x2001a7d4        -       0x000008e0   Zero   RW         7974    .bss                chassis_task.o
    0x2001b0b4        -       0x00000570   Zero   RW         8044    .bss                gimbal_task.o
    0x2001b624        -       0x00000218   Zero   RW         8681    .bss                kalaman.o
    0x2001b83c        -       0x00000218   Zero   RW         8683    .bss                kalaman.o
    0x2001ba54   COMPRESSED   0x00000004   PAD
    0x2001ba58        -       0x00000400   Zero   RW         1266    STACK               startup_stm32f40_41xxx.o


==============================================================================

Image component sizes


      Code (inc. data)   RO Data    RW Data    ZI Data      Debug   Object Name

       776         34          0        276        428      23277   accelerometer_calibration.o
       104         10          0          0          0       2055   bsp_flash.o
      1428         68          0          0          0       8981   bsp_mpu9250_init.o
      1568        106          0         22        220       9060   can.o
      4884        358          0        272       2272       6182   chassis_task.o
        36          0          0          0          0       9160   cmsis_os.o
       128         10          0          4          0       2010   delay.o
         0          0          0          0          0      11784   event_groups.o
         6          0          0          0          0        471   exti.o
      2380         92        304          0       1776      10621   filter_control.o
        74          0          0          0       1392       2464   gimbal_task.o
       584        138          0         24     102400       4123   heap_4.o
      2732        170          0         72        284      12647   imutask.o
       972         28          0          4       1072       4717   kalaman.o
         0          0          0          0          0     247392   led.o
       136          0          0          0          0       3194   list.o
       328         72          0         16       1524     288159   main.o
       144         14          0          0          0       2105   misc.o
        24          0          0          0          0        627   mpu_delay.o
       240         12          0          0          0       1293   mpu_spi_init.o
        84         10          0          0          0        596   mpu_time_init.o
       564         18          0          0          0       3358   pid.o
      1038        382          0         12          0      10825   port.o
      1832        236          0          0         64      13401   queue.o
       320         16          0          0          0       1286   rc.o
       612         46          0         12         94      35262   remotecontrol.o
        36          8        392          0       1024        832   startup_stm32f40_41xxx.o
       784         10          0          0          0       4864   stm32f4xx_can.o
       506         36          0          0          0       6996   stm32f4xx_dma.o
        12          6          0          0          0        537   stm32f4xx_exti.o
       318         36          0          0          0       4697   stm32f4xx_flash.o
       160          0          0          0          0       2867   stm32f4xx_gpio.o
        12          0          0          0          0      80277   stm32f4xx_it.o
       264         42          0         16          0       5925   stm32f4xx_rcc.o
        98          0          0          0          0       3506   stm32f4xx_spi.o
       190         28          0          0          0       4757   stm32f4xx_tim.o
       516         42          0          0          0       6980   stm32f4xx_usart.o
       272         36          0         20          0       1757   system_stm32f4xx.o
      2774        674          0         60        740      30394   tasks.o
       172         16          0          8          0       1959   timer.o
      1144        260          0         20         40       9990   timers.o
        96         10          0          8          0       3275   usart1.o
         4          0          0          0          0        937   usb_bsp.o
      1002         10          0          0          0      32230   usb_core.o
       318          0          0          0          0       4690   usb_dcd.o
      1196         36          0          0          0       7995   usb_dcd_int.o
       544          4          0         52          0       9096   usbd_core.o
         0          0          0          0          0        480   usbd_desc.o
       136          0          0          0          0       3856   usbd_ioreq.o
      1048         44          0         16          0       7963   usbd_req.o
        12          6          0          0          0        476   usbd_usr.o

    ----------------------------------------------------------------------
     32646       3128        728        920     113336     952386   Object Totals
         0          0         32          0          0          0   (incl. Generated)
        38          4          0          6          6          0   (incl. Padding)

    ----------------------------------------------------------------------

      Code (inc. data)   RO Data    RW Data    ZI Data      Debug   Library Member Name

         0          0       2052          0          0       4636   arm_common_tables.o
       120         12          0          0          0      16970   arm_cos_f32.o
       264          0          0          0          0       1482   arm_mat_add_f32.o
         8          0          0          0          0        843   arm_mat_init_f32.o
      1328          4          0          0          0       2718   arm_mat_inverse_f32.o
       316          4          0          0          0       1627   arm_mat_mult_f32.o
       264          0          0          0          0       1482   arm_mat_sub_f32.o
       276          0          0          0          0       1516   arm_mat_trans_f32.o
       116         12          0          0          0        658   arm_sin_f32.o
       864         94         80          0          0        280   asin.o
       744        106        152          0          0        352   atan.o
       512         64          0          0          0        208   atan2.o
       684         90          0          0          0        208   atan2f.o
       200         20          0          0          0        164   cos.o
       368         46         48          0          0        200   cos_i.o
       104         16          0          0          0        496   dunder.o
        24          0          0          0          0        124   fabs.o
        48          0          0          0          0        124   fpclassify.o
        38          0          0          0          0        116   fpclassifyf.o
        22          6          0          0          0        232   funder.o
       248          0          0          0          0        152   poly.o
         0          0          8          0          0          0   qnan.o
      1080        142        200          0          0        188   rred.o
       200         20          0          0          0        164   sin.o
       304         24         40          0          0        208   sin_i.o
       232          0          0          0          0        296   sqrt_full.o
        86          0          0          0          0          0   __dczerorl2.o
         0          0          0          0          0          0   entry.o
         0          0          0          0          0          0   entry10a.o
         0          0          0          0          0          0   entry11a.o
         4          0          0          0          0          0   entry12b.o
         8          4          0          0          0          0   entry2.o
         4          0          0          0          0          0   entry5.o
         0          0          0          0          0          0   entry7b.o
         0          0          0          0          0          0   entry8b.o
         8          4          0          0          0          0   entry9a.o
        12          6          0          4          0         68   errno.o
        18          0          0          0          0         80   fputc.o
        30          0          0          0          0          0   handlers.o
        36          8          0          0          0         68   init.o
         0          0          0          0          0          0   iusefp.o
         0          0          0          0          0          0   iusesemip.o
        30          0          0          0          0         68   llshl.o
        36          0          0          0          0         68   llsshr.o
        32          0          0          0          0         68   llushr.o
        36          0          0          0          0         68   memcpya.o
        36          0          0          0          0        108   memseta.o
      2218         90          0          0          0        464   printfa.o
         0          0          0          0          0          0   semi.o
         0          0          0          4          0          0   stdout.o
        44          0          0          0          0         80   uidiv.o
        98          0          0          0          0         92   uldiv.o
        48          0          0          0          0         68   cdcmple.o
        48          0          0          0          0         68   cdrcmple.o
        56          0          0          0          0         88   d2f.o
       334          0          0          0          0        148   dadd.o
       222          0          0          0          0        100   ddiv.o
       186          0          0          0          0        176   depilogue.o
        62          0          0          0          0         80   dfixi.o
        48          0          0          0          0         68   dfixul.o
        34          0          0          0          0         76   dflti.o
        26          0          0          0          0         76   dfltui.o
       228          0          0          0          0         96   dmul.o
       162          0          0          0          0        100   dsqrt.o
        38          0          0          0          0         68   f2d.o
       110          0          0          0          0        168   fepilogue.o
        28          0          0          0          0         84   ffltul.o

    ----------------------------------------------------------------------
     12754        776       2584          8          0      38140   Library Totals
        24          4          4          0          0          0   (incl. Padding)

    ----------------------------------------------------------------------

      Code (inc. data)   RO Data    RW Data    ZI Data      Debug   Library Name

      2692         32       2052          0          0      31932   arm_cortexM4lf_math.lib
      5672        628        528          0          0       3512   m_wm.l
      2736        112          0          8          0       1232   mc_w.l
      1630          0          0          0          0       1464   mf_w.l

    ----------------------------------------------------------------------
     12754        776       2584          8          0      38140   Library Totals

    ----------------------------------------------------------------------

==============================================================================


      Code (inc. data)   RO Data    RW Data    ZI Data      Debug   

     45400       3904       3312        928     113336     961306   Grand Totals
     45400       3904       3312        320     113336     961306   ELF Image Totals (compressed)
     45400       3904       3312        320          0          0   ROM Totals

==============================================================================

    Total RO  Size (Code + RO Data)                48712 (  47.57kB)
    Total RW  Size (RW Data + ZI Data)            114264 ( 111.59kB)
    Total ROM Size (Code + RO Data + RW Data)      49032 (  47.88kB)

==============================================================================

