Component: ARM Compiler 5.06 update 7 (build 960) Tool: armlink [4d3601]

==============================================================================

Section Cross References

    main.o(i.Chassis_L_Task) refers to chassis_task.o(i.chassis_L_init) for chassis_L_init
    main.o(i.Chassis_L_Task) refers to chassis_task.o(i.chassis_L_task) for chassis_L_task
    main.o(i.Chassis_L_Task) refers to tasks.o(i.vTaskDelay) for vTaskDelay
    main.o(i.Chassis_R_Task) refers to chassis_task.o(i.chassis_R_init) for chassis_R_init
    main.o(i.Chassis_R_Task) refers to chassis_task.o(i.chassis_R_task) for chassis_R_task
    main.o(i.Chassis_R_Task) refers to tasks.o(i.vTaskDelay) for vTaskDelay
    main.o(i.Gimbal_Task) refers to tasks.o(i.vTaskDelay) for vTaskDelay
    main.o(i.Shoot_Task) refers to tasks.o(i.vTaskDelay) for vTaskDelay
    main.o(i.main) refers to misc.o(i.NVIC_PriorityGroupConfig) for NVIC_PriorityGroupConfig
    main.o(i.main) refers to delay.o(i.delay_init) for delay_init
    main.o(i.main) refers to remotecontrol.o(i.remote_control_init) for remote_control_init
    main.o(i.main) refers to timer.o(i.TIM5_Init) for TIM5_Init
    main.o(i.main) refers to bsp_mpu9250_init.o(i.MPU6500_Init) for MPU6500_Init
    main.o(i.main) refers to imutask.o(i.IMU_Calibration) for IMU_Calibration
    main.o(i.main) refers to accelerometer_calibration.o(i.accel_mat_init) for accel_mat_init
    main.o(i.main) refers to imutask.o(i.ACCEL_Calibration) for ACCEL_Calibration
    main.o(i.main) refers to bsp_mpu9250_init.o(i.MPUHEAT_configuration) for MPUHEAT_configuration
    main.o(i.main) refers to can.o(i.CAN1_Mode_Init) for CAN1_Mode_Init
    main.o(i.main) refers to can.o(i.CAN2_Mode_Init) for CAN2_Mode_Init
    main.o(i.main) refers to kalaman.o(i.Kalman_Filter_Init) for Kalman_Filter_Init
    main.o(i.main) refers to tasks.o(i.xTaskCreate) for xTaskCreate
    main.o(i.main) refers to tasks.o(i.vTaskStartScheduler) for vTaskStartScheduler
    main.o(i.main) refers to kalaman.o(.bss) for Kalman0
    main.o(i.main) refers to kalaman.o(.bss) for Kalman2
    main.o(i.main) refers to main.o(.data) for .data
    main.o(i.main) refers to main.o(i.start_task) for start_task
    main.o(i.start_task) refers to port.o(i.vPortEnterCritical) for vPortEnterCritical
    main.o(i.start_task) refers to tasks.o(i.xTaskCreate) for xTaskCreate
    main.o(i.start_task) refers to tasks.o(i.vTaskDelete) for vTaskDelete
    main.o(i.start_task) refers to port.o(i.vPortExitCritical) for vPortExitCritical
    main.o(i.start_task) refers to main.o(.data) for .data
    main.o(i.start_task) refers to main.o(i.Chassis_R_Task) for Chassis_R_Task
    main.o(i.start_task) refers to main.o(i.Chassis_L_Task) for Chassis_L_Task
    main.o(i.start_task) refers to imutask.o(i.IMU_Task) for IMU_Task
    system_stm32f4xx.o(i.SystemCoreClockUpdate) refers to system_stm32f4xx.o(.data) for .data
    system_stm32f4xx.o(i.SystemInit) refers to system_stm32f4xx.o(i.SetSysClock) for SetSysClock
    led.o(i.LASER_Init) refers to stm32f4xx_rcc.o(i.RCC_AHB1PeriphClockCmd) for RCC_AHB1PeriphClockCmd
    led.o(i.LASER_Init) refers to stm32f4xx_gpio.o(i.GPIO_Init) for GPIO_Init
    led.o(i.LASER_Init) refers to stm32f4xx_gpio.o(i.GPIO_SetBits) for GPIO_SetBits
    led.o(i.LED_Init) refers to stm32f4xx_rcc.o(i.RCC_AHB1PeriphClockCmd) for RCC_AHB1PeriphClockCmd
    led.o(i.LED_Init) refers to stm32f4xx_gpio.o(i.GPIO_Init) for GPIO_Init
    led.o(i.LED_Water_lamp) refers to delay.o(i.delay_xms) for delay_xms
    led.o(i.LED_Water_lamp) refers to stm32f4xx_gpio.o(i.GPIO_SetBits) for GPIO_SetBits
    led.o(i.LED_Water_lamp) refers to stm32f4xx_gpio.o(i.GPIO_ResetBits) for GPIO_ResetBits
    led.o(i.LED_Water_lamp) refers to tasks.o(i.vTaskDelay) for vTaskDelay
    timer.o(i.TIM3_IRQHandler) refers to stm32f4xx_tim.o(i.TIM_GetITStatus) for TIM_GetITStatus
    timer.o(i.TIM3_IRQHandler) refers to stm32f4xx_tim.o(i.TIM_ClearITPendingBit) for TIM_ClearITPendingBit
    timer.o(i.TIM3_Int_Init) refers to stm32f4xx_rcc.o(i.RCC_APB1PeriphClockCmd) for RCC_APB1PeriphClockCmd
    timer.o(i.TIM3_Int_Init) refers to stm32f4xx_tim.o(i.TIM_TimeBaseInit) for TIM_TimeBaseInit
    timer.o(i.TIM3_Int_Init) refers to stm32f4xx_tim.o(i.TIM_ITConfig) for TIM_ITConfig
    timer.o(i.TIM3_Int_Init) refers to stm32f4xx_tim.o(i.TIM_Cmd) for TIM_Cmd
    timer.o(i.TIM3_Int_Init) refers to misc.o(i.NVIC_Init) for NVIC_Init
    timer.o(i.TIM5_IRQHandler) refers to stm32f4xx_tim.o(i.TIM_GetITStatus) for TIM_GetITStatus
    timer.o(i.TIM5_IRQHandler) refers to stm32f4xx_tim.o(i.TIM_ClearITPendingBit) for TIM_ClearITPendingBit
    timer.o(i.TIM5_IRQHandler) refers to timer.o(.data) for .data
    timer.o(i.TIM5_Init) refers to stm32f4xx_rcc.o(i.RCC_APB1PeriphClockCmd) for RCC_APB1PeriphClockCmd
    timer.o(i.TIM5_Init) refers to stm32f4xx_tim.o(i.TIM_TimeBaseInit) for TIM_TimeBaseInit
    timer.o(i.TIM5_Init) refers to stm32f4xx_tim.o(i.TIM_ITConfig) for TIM_ITConfig
[...]
    __aeabi_memclr8                          0x08000d33   Thumb Code     0  memseta.o(.text)
    _memset$wrapper                          0x08000d37   Thumb Code    18  memseta.o(.text)
    __aeabi_dadd                             0x08000d49   Thumb Code   322  dadd.o(.text)
    __aeabi_dsub                             0x08000e8b   Thumb Code     6  dadd.o(.text)
    __aeabi_drsub                            0x08000e91   Thumb Code     6  dadd.o(.text)
    __aeabi_dmul                             0x08000e97   Thumb Code   228  dmul.o(.text)
    __aeabi_ddiv                             0x08000f7b   Thumb Code   222  ddiv.o(.text)
    __aeabi_ul2f                             0x08001059   Thumb Code    28  ffltul.o(.text)
    __aeabi_i2d                              0x08001075   Thumb Code    34  dflti.o(.text)
    __aeabi_ui2d                             0x08001097   Thumb Code    26  dfltui.o(.text)
    __aeabi_f2d                              0x080010b1   Thumb Code    38  f2d.o(.text)
    __aeabi_cdcmpeq                          0x080010d9   Thumb Code     0  cdcmple.o(.text)
    __aeabi_cdcmple                          0x080010d9   Thumb Code    48  cdcmple.o(.text)
    __aeabi_cdrcmple                         0x08001109   Thumb Code    48  cdrcmple.o(.text)
    __aeabi_d2f                              0x08001139   Thumb Code    56  d2f.o(.text)
    __aeabi_uidiv                            0x08001171   Thumb Code     0  uidiv.o(.text)
    __aeabi_uidivmod                         0x08001171   Thumb Code    44  uidiv.o(.text)
    __aeabi_uldivmod                         0x0800119d   Thumb Code    98  uldiv.o(.text)
    __aeabi_llsl                             0x080011ff   Thumb Code    30  llshl.o(.text)
    _ll_shift_l                              0x080011ff   Thumb Code     0  llshl.o(.text)
    __aeabi_lasr                             0x0800121d   Thumb Code    36  llsshr.o(.text)
    _ll_sshift_r                             0x0800121d   Thumb Code     0  llsshr.o(.text)
    __I$use$fp                               0x08001241   Thumb Code     0  iusefp.o(.text)
    _float_round                             0x08001241   Thumb Code    18  fepilogue.o(.text)
    _float_epilogue                          0x08001253   Thumb Code    92  fepilogue.o(.text)
    _double_round                            0x080012af   Thumb Code    30  depilogue.o(.text)
    _double_epilogue                         0x080012cd   Thumb Code   156  depilogue.o(.text)
    _dsqrt                                   0x08001369   Thumb Code   162  dsqrt.o(.text)
    __aeabi_d2ulz                            0x0800140b   Thumb Code    48  dfixul.o(.text)
    __scatterload                            0x0800143d   Thumb Code    28  init.o(.text)
    __scatterload_rt2                        0x0800143d   Thumb Code     0  init.o(.text)
    __aeabi_llsr                             0x08001461   Thumb Code    32  llushr.o(.text)
    __semihosting_library_function           0x08001461   Thumb Code     0  semi.o(.text)
    _ll_ushift_r                             0x08001461   Thumb Code     0  llushr.o(.text)
    __I$use$semihosting$fputc                0x08001481   Thumb Code     0  iusesemip.o(.text)
    __aeabi_d2iz                             0x08001481   Thumb Code    62  dfixi.o(.text)
    __decompress                             0x080014bf   Thumb Code     0  __dczerorl2.o(.text)
    __decompress1                            0x080014bf   Thumb Code    86  __dczerorl2.o(.text)
    ACCEL_Calibration                        0x08001515   Thumb Code   498  imutask.o(i.ACCEL_Calibration)
    ACCEL_Filter                             0x08001739   Thumb Code   138  imutask.o(i.ACCEL_Filter)
    AHRSUpdate_GraDes_Delay_Corretion        0x080017d1   Thumb Code  1466  imutask.o(i.AHRSUpdate_GraDes_Delay_Corretion)
    Acce_Correct_Filter                      0x08001da9   Thumb Code     8  filter_control.o(i.Acce_Correct_Filter)
    Accel_calibration_get                    0x08001db5   Thumb Code   168  imutask.o(i.Accel_calibration_get)
    Atti2Mat_d                               0x08001e71   Thumb Code   840  filter_control.o(i.Atti2Mat_d)
    BusFault_Handler                         0x080021c1   Thumb Code     2  stm32f4xx_it.o(i.BusFault_Handler)
    CAN1_Mode_Init                           0x080021c5   Thumb Code   244  can.o(i.CAN1_Mode_Init)
    CAN1_RX0_IRQHandler                      0x080022c1   Thumb Code   274  can.o(i.CAN1_RX0_IRQHandler)
    CAN1_SetMsg_damiao_exit                  0x080023f1   Thumb Code    70  can.o(i.CAN1_SetMsg_damiao_exit)
    CAN1_SetMsg_damiao_start                 0x0800243d   Thumb Code    70  can.o(i.CAN1_SetMsg_damiao_start)
    CAN2_Mode_Init                           0x08002489   Thumb Code   262  can.o(i.CAN2_Mode_Init)
    CAN2_RX1_IRQHandler                      0x08002599   Thumb Code   390  can.o(i.CAN2_RX1_IRQHandler)
    CAN_FilterInit                           0x08002739   Thumb Code   194  stm32f4xx_can.o(i.CAN_FilterInit)
    CAN_ITConfig                             0x08002805   Thumb Code    16  stm32f4xx_can.o(i.CAN_ITConfig)
    CAN_Init                                 0x08002815   Thumb Code   232  stm32f4xx_can.o(i.CAN_Init)
    CAN_Receive                              0x080028fd   Thumb Code   142  stm32f4xx_can.o(i.CAN_Receive)
    CAN_Transmit                             0x0800298b   Thumb Code   190  stm32f4xx_can.o(i.CAN_Transmit)
    Can_M1505b_I                             0x08002a49   Thumb Code    82  can.o(i.Can_M1505b_I)
    Chassis_L_Task                           0x08002aa1   Thumb Code    16  main.o(i.Chassis_L_Task)
    Chassis_R_Task                           0x08002ab1   Thumb Code    16  main.o(i.Chassis_R_Task)
    Chebyshev50HzLPF                         0x08002ac1   Thumb Code   188  filter_control.o(i.Chebyshev50HzLPF)
    DCD_EP_ClrStall                          0x08002b89   Thumb Code    56  usb_dcd.o(i.DCD_EP_ClrStall)
    DCD_EP_Open                              0x08002bc1   Thumb Code    60  usb_dcd.o(i.DCD_EP_Open)
    DCD_EP_PrepareRx                         0x08002bfd   Thumb Code    68  usb_dcd.o(i.DCD_EP_PrepareRx)
    DCD_EP_SetAddress                        0x08002c41   Thumb Code    16  usb_dcd.o(i.DCD_EP_SetAddress)
    DCD_EP_Stall                             0x08002c51   Thumb Code    56  usb_dcd.o(i.DCD_EP_Stall)
    DCD_EP_Tx                                0x08002c89   Thumb Code    62  usb_dcd.o(i.DCD_EP_Tx)
    DMA_ClearFlag                            0x08003085   Thumb Code    32  stm32f4xx_dma.o(i.DMA_ClearFlag)
    DMA_Cmd                                  0x080030b1   Thumb Code    20  stm32f4xx_dma.o(i.DMA_Cmd)
    DMA_DeInit                               0x080030c5   Thumb Code   272  stm32f4xx_dma.o(i.DMA_DeInit)
    DMA_DoubleBufferModeCmd                  0x080031e9   Thumb Code    20  stm32f4xx_dma.o(i.DMA_DoubleBufferModeCmd)
    DMA_DoubleBufferModeConfig               0x080031fd   Thumb Code    22  stm32f4xx_dma.o(i.DMA_DoubleBufferModeConfig)
    DMA_GetCurrDataCounter                   0x08003213   Thumb Code     6  stm32f4xx_dma.o(i.DMA_GetCurrDataCounter)
    DMA_GetCurrentMemoryTarget               0x08003219   Thumb Code    14  stm32f4xx_dma.o(i.DMA_GetCurrentMemoryTarget)
    DMA_Init                                 0x08003229   Thumb Code    80  stm32f4xx_dma.o(i.DMA_Init)
    DMA_SetCurrDataCounter                   0x0800327d   Thumb Code     4  stm32f4xx_dma.o(i.DMA_SetCurrDataCounter)
    DM_MIT                                   0x08003281   Thumb Code    70  can.o(i.DM_MIT)
    DebugMon_Handler                         0x080032d5   Thumb Code     2  stm32f4xx_it.o(i.DebugMon_Handler)
    EXTI4_IRQHandler                         0x080032d7   Thumb Code     6  exti.o(i.EXTI4_IRQHandler)
    EXTI_ClearITPendingBit                   0x080032dd   Thumb Code     6  stm32f4xx_exti.o(i.EXTI_ClearITPendingBit)
    FLASH_ClearFlag                          0x080032e9   Thumb Code     6  stm32f4xx_flash.o(i.FLASH_ClearFlag)
    FLASH_EraseSector                        0x080032f5   Thumb Code   104  stm32f4xx_flash.o(i.FLASH_EraseSector)
    FLASH_GetStatus                          0x08003361   Thumb Code    56  stm32f4xx_flash.o(i.FLASH_GetStatus)
    FLASH_Lock                               0x0800339d   Thumb Code    12  stm32f4xx_flash.o(i.FLASH_Lock)
    FLASH_ProgramByte                        0x080033ad   Thumb Code    52  stm32f4xx_flash.o(i.FLASH_ProgramByte)
    FLASH_Unlock                             0x080033e5   Thumb Code    22  stm32f4xx_flash.o(i.FLASH_Unlock)
    FLASH_WaitForLastOperation               0x08003409   Thumb Code    30  stm32f4xx_flash.o(i.FLASH_WaitForLastOperation)
    FlashAllEraseBoot                        0x08003427   Thumb Code    28  bsp_flash.o(i.FlashAllEraseBoot)
    FlashReadK                               0x08003445   Thumb Code    20  bsp_flash.o(i.FlashReadK)
    FlashWriteK                              0x0800345d   Thumb Code    46  bsp_flash.o(i.FlashWriteK)
    GPIO_Init                                0x08003491   Thumb Code   120  stm32f4xx_gpio.o(i.GPIO_Init)
    GPIO_PinAFConfig                         0x08003509   Thumb Code    32  stm32f4xx_gpio.o(i.GPIO_PinAFConfig)
    GPIO_ResetBits                           0x08003529   Thumb Code     4  stm32f4xx_gpio.o(i.GPIO_ResetBits)
    GPIO_SetBits                             0x0800352d   Thumb Code     4  stm32f4xx_gpio.o(i.GPIO_SetBits)
    GYRO_Filter                              0x08003531   Thumb Code   112  imutask.o(i.GYRO_Filter)
    Get_Sys_Ticks                            0x080035a5   Thumb Code    74  mpu_time_init.o(i.Get_Sys_Ticks)
    Gyro_Correct_Filter                      0x080035f9   Thumb Code    94  filter_control.o(i.Gyro_Correct_Filter)
    HardFault_Handler                        0x08003669   Thumb Code     2  stm32f4xx_it.o(i.HardFault_Handler)
    IMU_Calibration                          0x0800366d   Thumb Code   110  imutask.o(i.IMU_Calibration)
    IMU_Task                                 0x080036e5   Thumb Code   102  imutask.o(i.IMU_Task)
    Kalaman_feedback                         0x08003755   Thumb Code   412  kalaman.o(i.Kalaman_feedback)
    Kalman_Filter_Init                       0x080038f5   Thumb Code   532  kalaman.o(i.Kalman_Filter_Init)
    MPU6500_1_init                           0x08003b21   Thumb Code   302  bsp_mpu9250_init.o(i.MPU6500_1_init)
    MPU6500_2_init                           0x08003c4f   Thumb Code   302  bsp_mpu9250_init.o(i.MPU6500_2_init)
    MPU6500_Init                             0x08003d7d   Thumb Code    24  bsp_mpu9250_init.o(i.MPU6500_Init)
    MPU9250_Get_Accelerometer                0x08003d95   Thumb Code    82  bsp_mpu9250_init.o(i.MPU9250_Get_Accelerometer)
    MPU9250_Get_Gyroscope                    0x08003de7   Thumb Code   130  bsp_mpu9250_init.o(i.MPU9250_Get_Gyroscope)
    MPU9250_Get_Temperature                  0x08003e69   Thumb Code    62  bsp_mpu9250_init.o(i.MPU9250_Get_Temperature)
    MPU9250_Read_Byte                        0x08003eb9   Thumb Code    82  bsp_mpu9250_init.o(i.MPU9250_Read_Byte)
    MPU9250_Read_Len                         0x08003f15   Thumb Code   102  bsp_mpu9250_init.o(i.MPU9250_Read_Len)
    MPU9250_Write_Byte                       0x08003f85   Thumb Code    80  bsp_mpu9250_init.o(i.MPU9250_Write_Byte)
    MPUHEAT_configuration                    0x08003fdd   Thumb Code    48  bsp_mpu9250_init.o(i.MPUHEAT_configuration)
    MPUHEAT_off                              0x08004011   Thumb Code     8  bsp_mpu9250_init.o(i.MPUHEAT_off)
    MPU_SPI_Configuration                    0x0800401d   Thumb Code   138  bsp_mpu9250_init.o(i.MPU_SPI_Configuration)
    Mat2Quat                                 0x080040b5   Thumb Code   966  filter_control.o(i.Mat2Quat)
    Mat_Trans_d                              0x080044a5   Thumb Code    92  filter_control.o(i.Mat_Trans_d)
    MemManage_Handler                        0x08004501   Thumb Code     2  stm32f4xx_it.o(i.MemManage_Handler)
    NMI_Handler                              0x08004503   Thumb Code     2  stm32f4xx_it.o(i.NMI_Handler)
    NVIC_Init                                0x08004505   Thumb Code    96  misc.o(i.NVIC_Init)
    NVIC_PriorityGroupConfig                 0x08004569   Thumb Code    10  misc.o(i.NVIC_PriorityGroupConfig)
    OTG_FS_IRQHandler                        0x0800457d   Thumb Code     6  usbd_usr.o(i.OTG_FS_IRQHandler)
    PID_Calc                                 0x08004589   Thumb Code   294  pid.o(i.PID_Calc)
    RCC_AHB1PeriphClockCmd                   0x080046b5   Thumb Code    18  stm32f4xx_rcc.o(i.RCC_AHB1PeriphClockCmd)
    RCC_APB1PeriphClockCmd                   0x080046cd   Thumb Code    18  stm32f4xx_rcc.o(i.RCC_APB1PeriphClockCmd)
    RCC_APB1PeriphResetCmd                   0x080046e5   Thumb Code    18  stm32f4xx_rcc.o(i.RCC_APB1PeriphResetCmd)
    RCC_APB2PeriphClockCmd                   0x080046fd   Thumb Code    18  stm32f4xx_rcc.o(i.RCC_APB2PeriphClockCmd)
    RCC_APB2PeriphResetCmd                   0x08004715   Thumb Code    18  stm32f4xx_rcc.o(i.RCC_APB2PeriphResetCmd)
    RCC_GetClocksFreq                        0x0800472d   Thumb Code   132  stm32f4xx_rcc.o(i.RCC_GetClocksFreq)
    RC_Init                                  0x080047bd   Thumb Code   304  rc.o(i.RC_Init)
    Roll_PID_Calc                            0x080049a1   Thumb Code   218  pid.o(i.Roll_PID_Calc)
    SPI1_Init                                0x08004b35   Thumb Code   180  mpu_spi_init.o(i.SPI1_Init)
    SPI1_ReadWriteByte                       0x08004bf1   Thumb Code    48  mpu_spi_init.o(i.SPI1_ReadWriteByte)
    SPI_Cmd                                  0x08004c25   Thumb Code    20  stm32f4xx_spi.o(i.SPI_Cmd)
    SPI_I2S_GetFlagStatus                    0x08004c39   Thumb Code    14  stm32f4xx_spi.o(i.SPI_I2S_GetFlagStatus)
    SPI_I2S_ReceiveData                      0x08004c47   Thumb Code     4  stm32f4xx_spi.o(i.SPI_I2S_ReceiveData)
    SPI_I2S_SendData                         0x08004c4b   Thumb Code     4  stm32f4xx_spi.o(i.SPI_I2S_SendData)
    SPI_Init                                 0x08004c4f   Thumb Code    56  stm32f4xx_spi.o(i.SPI_Init)
    SysTick_CLKSourceConfig                  0x08004d3d   Thumb Code    24  misc.o(i.SysTick_CLKSourceConfig)
    SysTick_Handler                          0x08004d55   Thumb Code    20  delay.o(i.SysTick_Handler)
    SystemInit                               0x08004d69   Thumb Code    74  system_stm32f4xx.o(i.SystemInit)
    TIM3_IRQHandler                          0x08004dc5   Thumb Code    24  timer.o(i.TIM3_IRQHandler)
    TIM5_IRQHandler                          0x08004de1   Thumb Code    44  timer.o(i.TIM5_IRQHandler)
    TIM5_Init                                0x08004e15   Thumb Code    88  timer.o(i.TIM5_Init)
    TIM_ClearITPendingBit                    0x08004e71   Thumb Code     6  stm32f4xx_tim.o(i.TIM_ClearITPendingBit)
    TIM_Cmd                                  0x08004e77   Thumb Code    20  stm32f4xx_tim.o(i.TIM_Cmd)
    TIM_GetITStatus                          0x08004e8b   Thumb Code    24  stm32f4xx_tim.o(i.TIM_GetITStatus)
    TIM_ITConfig                             0x08004ea3   Thumb Code    16  stm32f4xx_tim.o(i.TIM_ITConfig)
    TIM_TimeBaseInit                         0x08004eb5   Thumb Code    96  stm32f4xx_tim.o(i.TIM_TimeBaseInit)
    UART5_IRQHandler                         0x08004f31   Thumb Code    86  usart1.o(i.UART5_IRQHandler)
    USART2_IRQHandler                        0x08004f91   Thumb Code   230  remotecontrol.o(i.USART2_IRQHandler)
    USART_ClearFlag                          0x0800508d   Thumb Code     6  stm32f4xx_usart.o(i.USART_ClearFlag)
    USART_ClearITPendingBit                  0x08005093   Thumb Code    12  stm32f4xx_usart.o(i.USART_ClearITPendingBit)
    USART_Cmd                                0x0800509f   Thumb Code    20  stm32f4xx_usart.o(i.USART_Cmd)
    USART_DMACmd                             0x080050b3   Thumb Code    16  stm32f4xx_usart.o(i.USART_DMACmd)
    USART_DeInit                             0x080050c5   Thumb Code   138  stm32f4xx_usart.o(i.USART_DeInit)
    USART_GetITStatus                        0x08005171   Thumb Code    62  stm32f4xx_usart.o(i.USART_GetITStatus)
    USART_ITConfig                           0x080051af   Thumb Code    48  stm32f4xx_usart.o(i.USART_ITConfig)
    USART_Init                               0x080051e1   Thumb Code   164  stm32f4xx_usart.o(i.USART_Init)
    USART_ReceiveData                        0x0800528d   Thumb Code     8  stm32f4xx_usart.o(i.USART_ReceiveData)
    USBD_ClrCfg                              0x08005295   Thumb Code    14  usbd_core.o(i.USBD_ClrCfg)
    USBD_CtlContinueRx                       0x080052a3   Thumb Code    18  usbd_ioreq.o(i.USBD_CtlContinueRx)
    USBD_CtlContinueSendData                 0x080052b5   Thumb Code    18  usbd_ioreq.o(i.USBD_CtlContinueSendData)
    USBD_CtlError                            0x080052c7   Thumb Code    28  usbd_req.o(i.USBD_CtlError)
    USBD_CtlReceiveStatus                    0x080052e3   Thumb Code    34  usbd_ioreq.o(i.USBD_CtlReceiveStatus)
    USBD_CtlSendData                         0x08005305   Thumb Code    32  usbd_ioreq.o(i.USBD_CtlSendData)
    USBD_CtlSendStatus                       0x08005325   Thumb Code    34  usbd_ioreq.o(i.USBD_CtlSendStatus)
    USBD_OTG_ISR_Handler                     0x08005559   Thumb Code   236  usb_dcd_int.o(i.USBD_OTG_ISR_Handler)
    USBD_ParseSetupRequest                   0x08005649   Thumb Code    68  usbd_req.o(i.USBD_ParseSetupRequest)
    USBD_SetCfg                              0x080056e1   Thumb Code    26  usbd_core.o(i.USBD_SetCfg)
    USBD_StdDevReq                           0x08005835   Thumb Code   236  usbd_req.o(i.USBD_StdDevReq)
    USBD_StdEPReq                            0x08005925   Thumb Code   208  usbd_req.o(i.USBD_StdEPReq)
    USBD_StdItfReq                           0x080059f9   Thumb Code    54  usbd_req.o(i.USBD_StdItfReq)
    USB_OTG_BSP_uDelay                       0x08005a4b   Thumb Code     4  usb_bsp.o(i.USB_OTG_BSP_uDelay)
    USB_OTG_EP0Activate                      0x08005a4f   Thumb Code    58  usb_core.o(i.USB_OTG_EP0Activate)
    USB_OTG_EP0StartXfer                     0x08005a89   Thumb Code   184  usb_core.o(i.USB_OTG_EP0StartXfer)
    USB_OTG_EP0_OutStart                     0x08005b41   Thumb Code    32  usb_core.o(i.USB_OTG_EP0_OutStart)
    USB_OTG_EPActivate                       0x08005b65   Thumb Code    82  usb_core.o(i.USB_OTG_EPActivate)
    USB_OTG_EPClearStall                     0x08005bb7   Thumb Code    50  usb_core.o(i.USB_OTG_EPClearStall)
    USB_OTG_EPSetStall                       0x08005be9   Thumb Code    48  usb_core.o(i.USB_OTG_EPSetStall)
    USB_OTG_EPStartXfer                      0x08005c19   Thumb Code   298  usb_core.o(i.USB_OTG_EPStartXfer)
    USB_OTG_FlushTxFifo                      0x08005d45   Thumb Code    62  usb_core.o(i.USB_OTG_FlushTxFifo)
    USB_OTG_GetDeviceSpeed                   0x08005d89   Thumb Code    38  usb_core.o(i.USB_OTG_GetDeviceSpeed)
    USB_OTG_IsDeviceMode                     0x08005daf   Thumb Code    18  usb_core.o(i.USB_OTG_IsDeviceMode)
    USB_OTG_ReadCoreItr                      0x08005dc1   Thumb Code    10  usb_core.o(i.USB_OTG_ReadCoreItr)
    USB_OTG_ReadDevAllInEPItr                0x08005dcb   Thumb Code    12  usb_core.o(i.USB_OTG_ReadDevAllInEPItr)
    USB_OTG_ReadDevAllOutEp_itr              0x08005dd7   Thumb Code    12  usb_core.o(i.USB_OTG_ReadDevAllOutEp_itr)
    USB_OTG_ReadDevOutEP_itr                 0x08005de3   Thumb Code    16  usb_core.o(i.USB_OTG_ReadDevOutEP_itr)
    USB_OTG_ReadPacket                       0x08005df3   Thumb Code    32  usb_core.o(i.USB_OTG_ReadPacket)
    USB_OTG_WritePacket                      0x08005e13   Thumb Code    40  usb_core.o(i.USB_OTG_WritePacket)
    UsageFault_Handler                       0x08005e3b   Thumb Code     2  stm32f4xx_it.o(i.UsageFault_Handler)
    __0printf                                0x08005e3d   Thumb Code    22  printfa.o(i.__0printf)
    __1printf                                0x08005e3d   Thumb Code     0  printfa.o(i.__0printf)
    __2printf                                0x08005e3d   Thumb Code     0  printfa.o(i.__0printf)
    __c89printf                              0x08005e3d   Thumb Code     0  printfa.o(i.__0printf)
    printf                                   0x08005e3d   Thumb Code     0  printfa.o(i.__0printf)
    __ARM_fpclassify                         0x08005e5d   Thumb Code    48  fpclassify.o(i.__ARM_fpclassify)
    __ARM_fpclassifyf                        0x08005e8d   Thumb Code    38  fpclassifyf.o(i.__ARM_fpclassifyf)
    __hardfp_asin                            0x08005eb9   Thumb Code   770  asin.o(i.__hardfp_asin)
    __hardfp_atan                            0x08006219   Thumb Code   622  atan.o(i.__hardfp_atan)
    __hardfp_atan2                           0x080064f1   Thumb Code   448  atan2.o(i.__hardfp_atan2)
    __hardfp_atan2f                          0x080066f1   Thumb Code   594  atan2f.o(i.__hardfp_atan2f)
    __hardfp_cos                             0x080069a1   Thumb Code   180  cos.o(i.__hardfp_cos)
    __hardfp_sin                             0x08006a69   Thumb Code   180  sin.o(i.__hardfp_sin)
    __hardfp_sqrt                            0x08006b31   Thumb Code   122  sqrt_full.o(i.__hardfp_sqrt)
    __ieee754_rem_pio2                       0x08006bb1   Thumb Code   938  rred.o(i.__ieee754_rem_pio2)
    __kernel_cos                             0x08006fe9   Thumb Code   322  cos_i.o(i.__kernel_cos)
    __kernel_poly                            0x08007159   Thumb Code   248  poly.o(i.__kernel_poly)
    __kernel_sin                             0x08007251   Thumb Code   280  sin_i.o(i.__kernel_sin)
    __mathlib_dbl_infnan                     0x08007381   Thumb Code    20  dunder.o(i.__mathlib_dbl_infnan)
    __mathlib_dbl_infnan2                    0x08007395   Thumb Code    20  dunder.o(i.__mathlib_dbl_infnan2)
    __mathlib_dbl_invalid                    0x080073a9   Thumb Code    24  dunder.o(i.__mathlib_dbl_invalid)
    __mathlib_dbl_underflow                  0x080073c9   Thumb Code    24  dunder.o(i.__mathlib_dbl_underflow)
    __mathlib_flt_infnan2                    0x080073e9   Thumb Code     6  funder.o(i.__mathlib_flt_infnan2)
    __mathlib_flt_underflow                  0x080073f1   Thumb Code    10  funder.o(i.__mathlib_flt_underflow)
    __scatterload_copy                       0x08007401   Thumb Code    14  handlers.o(i.__scatterload_copy)
    __scatterload_null                       0x0800740f   Thumb Code     2  handlers.o(i.__scatterload_null)
    __scatterload_zeroinit                   0x08007411   Thumb Code    14  handlers.o(i.__scatterload_zeroinit)
    __set_errno                              0x08007421   Thumb Code     6  errno.o(i.__set_errno)
    accel_data_update                        0x08007cb9   Thumb Code    80  accelerometer_calibration.o(i.accel_data_update)
    accel_mat_init                           0x08007d15   Thumb Code   312  accelerometer_calibration.o(i.accel_mat_init)
    atan                                     0x08007e59   Thumb Code    16  atan.o(i.atan)
    caculate_mat                             0x08007e69   Thumb Code   132  accelerometer_calibration.o(i.caculate_mat)
    cali_accel_para                          0x08007ef1   Thumb Code   214  accelerometer_calibration.o(i.cali_accel_para)
    cali_fenction                            0x08007fcd   Thumb Code     4  accelerometer_calibration.o(i.cali_fenction)
    chassis_L_init                           0x08007fd1   Thumb Code   216  chassis_task.o(i.chassis_L_init)
    chassis_L_task                           0x080080d9   Thumb Code  3092  chassis_task.o(i.chassis_L_task)
    chassis_R_init                           0x08008d0d   Thumb Code    70  chassis_task.o(i.chassis_R_init)
    chassis_R_task                           0x08008d71   Thumb Code  2844  chassis_task.o(i.chassis_R_task)
    delay_init                               0x080098a1   Thumb Code    50  delay.o(i.delay_init)
    delay_us                                 0x080098d9   Thumb Code    48  delay.o(i.delay_us)
    fabs                                     0x0800990d   Thumb Code    24  fabs.o(i.fabs)
    float_to_uint                            0x08009925   Thumb Code    40  can.o(i.float_to_uint)
    fp_Limit_mouse                           0x0800994d   Thumb Code    32  gimbal_task.o(i.fp_Limit_mouse)
    fputc                                    0x0800996d   Thumb Code    18  fputc.o(i.fputc)
    get_relative_pos                         0x0800997f   Thumb Code    42  gimbal_task.o(i.get_relative_pos)
    invSqrt                                  0x080099b5   Thumb Code    40  filter_control.o(i.invSqrt)
    main                                     0x080099e1   Thumb Code   136  main.o(i.main)
    mpu_delay_ms                             0x08009a85   Thumb Code    24  mpu_delay.o(i.mpu_delay_ms)
    my_sqrt                                  0x08009a9d   Thumb Code    60  filter_control.o(i.my_sqrt)
    osKernelSysTick                          0x08009add   Thumb Code    24  cmsis_os.o(i.osKernelSysTick)
    pid_init                                 0x08009af5   Thumb Code    54  pid.o(i.pid_init)
    pvPortMalloc                             0x0800a395   Thumb Code   214  heap_4.o(i.pvPortMalloc)
    pvTaskIncrementMutexHeldCount            0x0800a4a9   Thumb Code    18  tasks.o(i.pvTaskIncrementMutexHeldCount)
    pxPortInitialiseStack                    0x0800a4c1   Thumb Code    40  port.o(i.pxPortInitialiseStack)
    rc_deadline                              0x0800a4ed   Thumb Code    12  chassis_task.o(i.rc_deadline)
    remote_control_init                      0x0800a4f9   Thumb Code    12  remotecontrol.o(i.remote_control_init)
    sqrt                                     0x0800a509   Thumb Code   110  sqrt_full.o(i.sqrt)
    start_task                               0x0800a579   Thumb Code    88  main.o(i.start_task)
    turn_PID_Calc                            0x0800a5fd   Thumb Code   198  pid.o(i.turn_PID_Calc)
    uint_to_float                            0x0800a6c9   Thumb Code    40  can.o(i.uint_to_float)
    uxListRemove                             0x0800a6f1   Thumb Code    36  list.o(i.uxListRemove)
    vListInitialise                          0x0800a715   Thumb Code    22  list.o(i.vListInitialise)
    vListInitialiseItem                      0x0800a72b   Thumb Code     6  list.o(i.vListInitialiseItem)
    vListInsert                              0x0800a731   Thumb Code    48  list.o(i.vListInsert)
    vListInsertEnd                           0x0800a761   Thumb Code    24  list.o(i.vListInsertEnd)
    vPortEnterCritical                       0x0800a779   Thumb Code    50  port.o(i.vPortEnterCritical)
    vPortExitCritical                        0x0800a7f1   Thumb Code    34  port.o(i.vPortExitCritical)
    vPortFree                                0x0800a855   Thumb Code    94  heap_4.o(i.vPortFree)
    vPortSetupTimerInterrupt                 0x0800a8f1   Thumb Code    26  port.o(i.vPortSetupTimerInterrupt)
    vPortValidateInterruptPriority           0x0800a911   Thumb Code    70  port.o(i.vPortValidateInterruptPriority)
    vQueueAddToRegistry                      0x0800a99d   Thumb Code    32  queue.o(i.vQueueAddToRegistry)
    vQueueWaitForMessageRestricted           0x0800a9c1   Thumb Code    68  queue.o(i.vQueueWaitForMessageRestricted)
    vTaskDelay                               0x0800aa05   Thumb Code    62  tasks.o(i.vTaskDelay)
    vTaskDelete                              0x0800aa71   Thumb Code   152  tasks.o(i.vTaskDelete)
    vTaskMissedYield                         0x0800ab3d   Thumb Code     8  tasks.o(i.vTaskMissedYield)
    vTaskPlaceOnEventList                    0x0800ab49   Thumb Code    44  tasks.o(i.vTaskPlaceOnEventList)
    vTaskPlaceOnEventListRestricted          0x0800ab9d   Thumb Code    52  tasks.o(i.vTaskPlaceOnEventListRestricted)
    vTaskPriorityInherit                     0x0800abf9   Thumb Code   124  tasks.o(i.vTaskPriorityInherit)
    vTaskSetTimeOutState                     0x0800ac7d   Thumb Code    30  tasks.o(i.vTaskSetTimeOutState)
    vTaskStartScheduler                      0x0800acc5   Thumb Code    96  tasks.o(i.vTaskStartScheduler)
    vTaskSuspendAll                          0x0800ad59   Thumb Code    10  tasks.o(i.vTaskSuspendAll)
    vTaskSwitchContext                       0x0800ad69   Thumb Code    80  tasks.o(i.vTaskSwitchContext)
    xPortStartScheduler                      0x0800ade5   Thumb Code   196  port.o(i.xPortStartScheduler)
    xPortSysTickHandler                      0x0800aef9   Thumb Code    38  port.o(i.xPortSysTickHandler)
    xQueueGenericCreate                      0x0800af25   Thumb Code    82  queue.o(i.xQueueGenericCreate)
    xQueueGenericReceive                     0x0800af9d   Thumb Code   348  queue.o(i.xQueueGenericReceive)
    xQueueGenericReset                       0x0800b121   Thumb Code   128  queue.o(i.xQueueGenericReset)
    xQueueGenericSend                        0x0800b1c9   Thumb Code   350  queue.o(i.xQueueGenericSend)
    xQueueGenericSendFromISR                 0x0800b351   Thumb Code   188  queue.o(i.xQueueGenericSendFromISR)
    xTaskCheckForTimeOut                     0x0800b431   Thumb Code    94  tasks.o(i.xTaskCheckForTimeOut)
    xTaskCreate                              0x0800b4b9   Thumb Code    86  tasks.o(i.xTaskCreate)
    xTaskGetSchedulerState                   0x0800b511   Thumb Code    22  tasks.o(i.xTaskGetSchedulerState)
    xTaskGetTickCount                        0x0800b52d   Thumb Code     6  tasks.o(i.xTaskGetTickCount)
    xTaskGetTickCountFromISR                 0x0800b539   Thumb Code    12  tasks.o(i.xTaskGetTickCountFromISR)
    xTaskIncrementTick                       0x0800b549   Thumb Code   188  tasks.o(i.xTaskIncrementTick)
    xTaskPriorityDisinherit                  0x0800b631   Thumb Code   136  tasks.o(i.xTaskPriorityDisinherit)
    xTaskRemoveFromEventList                 0x0800b6e5   Thumb Code   102  tasks.o(i.xTaskRemoveFromEventList)
    xTaskResumeAll                           0x0800b77d   Thumb Code   180  tasks.o(i.xTaskResumeAll)
    xTimerCreate                             0x0800b861   Thumb Code    74  timers.o(i.xTimerCreate)
    xTimerCreateTimerTask                    0x0800b8d5   Thumb Code    58  timers.o(i.xTimerCreateTimerTask)
    xTimerGenericCommand                     0x0800b949   Thumb Code    98  timers.o(i.xTimerGenericCommand)
    NUM                                      0x0800b9d8   Data         152  filter_control.o(.constdata)
    DEN                                      0x0800ba70   Data         152  filter_control.o(.constdata)
    sinTable_f32                             0x0800bb08   Data        2052  arm_common_tables.o(.constdata)
    __mathlib_zero                           0x0800c428   Data           8  qnan.o(.constdata)
    Region$$Table$$Base                      0x0800c520   Number         0  anon$$obj.o(Region$$Table)
    Region$$Table$$Limit                     0x0800c540   Number         0  anon$$obj.o(Region$$Table)
    StartTask_Handler                        0x20000000   Data           4  main.o(.data)
    Chassis_L_Task_Handler                   0x20000004   Data           4  main.o(.data)
    Chassis_R_Task_Handler                   0x20000008   Data           4  main.o(.data)
    IMUTask_Handler                          0x2000000c   Data           4  main.o(.data)
    SystemCoreClock                          0x20000010   Data           4  system_stm32f4xx.o(.data)
    AHBPrescTable                            0x20000014   Data          16  system_stm32f4xx.o(.data)
    Time_Add                                 0x20000028   Data           8  timer.o(.data)
    RC_Mode                                  0x20000038   Data           4  can.o(.data)
    RxMessage_i                              0x2000003c   Data           4  can.o(.data)
    Can_Tx_Data                              0x20000040   Data           6  can.o(.data)
    a                                        0x20000048   Data           8  can.o(.data)
    b                                        0x20000050   Data           8  can.o(.data)
    c                                        0x20000058   Data           8  can.o(.data)
    d                                        0x20000060   Data           8  can.o(.data)
    input_mode                               0x2000006c   Data           4  remotecontrol.o(.data)
    last_input_mode                          0x20000070   Data           4  remotecontrol.o(.data)
    TxCOM5                                   0x20000078   Data           4  usart1.o(.data)
    RxCOM5                                   0x2000007c   Data           4  usart1.o(.data)
    pxCurrentTCB                             0x20000090   Data           4  tasks.o(.data)
    Calibrateion_id                          0x20000104   Data           4  accelerometer_calibration.o(.data)
    ahat_T                                   0x20000108   Data           8  accelerometer_calibration.o(.data)
    ahat                                     0x20000110   Data           8  accelerometer_calibration.o(.data)
    Ahat                                     0x20000118   Data           8  accelerometer_calibration.o(.data)
    K_m                                      0x20000120   Data           8  accelerometer_calibration.o(.data)
    uMat                                     0x20000128   Data           8  accelerometer_calibration.o(.data)
    uMat_mius                                0x20000130   Data           8  accelerometer_calibration.o(.data)
    P                                        0x20000138   Data           8  accelerometer_calibration.o(.data)
    K_ca                                     0x20000140   Data           8  accelerometer_calibration.o(.data)
    K_ca_mines                               0x20000148   Data           8  accelerometer_calibration.o(.data)
    a_m                                      0x20000150   Data           8  accelerometer_calibration.o(.data)
    ahat_T_data                              0x20000158   Data          96  accelerometer_calibration.o(.data)
    ahat_data                                0x200001b8   Data          96  accelerometer_calibration.o(.data)
    L5                                       0x20000260   Data           4  chassis_task.o(.data)
    L1                                       0x20000264   Data           4  chassis_task.o(.data)
    L2                                       0x20000268   Data           4  chassis_task.o(.data)
    L3                                       0x2000026c   Data           4  chassis_task.o(.data)
    L4                                       0x20000270   Data           4  chassis_task.o(.data)
    test_flag                                0x20000274   Data           4  chassis_task.o(.data)
    silide_N                                 0x20000278   Data           4  chassis_task.o(.data)
    L_silide_sum                             0x2000027c   Data           4  chassis_task.o(.data)
    R_silide_sum                             0x20000280   Data           4  chassis_task.o(.data)
    err_speed1                               0x20000284   Data           4  chassis_task.o(.data)
    err_speed2                               0x20000288   Data           4  chassis_task.o(.data)
    Time_L_Last                              0x20000290   Data           8  chassis_task.o(.data)
    Time_L_Delta                             0x20000298   Data           8  chassis_task.o(.data)
    Time_L_RUN                               0x200002a0   Data           8  chassis_task.o(.data)
    Time_R_Last                              0x200002a8   Data           8  chassis_task.o(.data)
    Time_R_Delta                             0x200002b0   Data           8  chassis_task.o(.data)
    Time_R_RUN                               0x200002b8   Data           8  chassis_task.o(.data)
    Poly_Coefficient                         0x200002c0   Data         192  chassis_task.o(.data)
    sizeof_float                             0x20000380   Data           2  kalaman.o(.data)
    sizeof_double                            0x20000382   Data           2  kalaman.o(.data)
    USBD_DCD_INT_cb                          0x20000384   Data          44  usbd_core.o(.data)
    USBD_DCD_INT_fops                        0x200003b0   Data           4  usbd_core.o(.data)
    SET_TEST_MODE                            0x200003b4   Data           4  usbd_core.o(.data)
    USBD_ep_status                           0x200003bc   Data           4  usbd_req.o(.data)
    USBD_default_cfg                         0x200003c0   Data           4  usbd_req.o(.data)
    USBD_cfg_status                          0x200003c4   Data           4  usbd_req.o(.data)
    __stdout                                 0x200003c8   Data           4  stdout.o(.data)
    USB_OTG_dev                              0x200003d0   Data        1524  main.o(.bss)
    yaw_data                                 0x200009c4   Data          20  can.o(.bss)
    M1505B_data                              0x200009d8   Data          32  can.o(.bss)
    DM_data                                  0x200009f8   Data         112  can.o(.bss)
    MF9025                                   0x20000a68   Data          36  can.o(.bss)
    RxMessage2                               0x20000a8c   Data          20  can.o(.bss)
    rc_ctrl                                  0x20000aa0   Data          22  remotecontrol.o(.bss)
    xQueueRegistry                           0x20000b00   Data          64  queue.o(.bss)
    Ahat_data                                0x20019e4c   Data          72  accelerometer_calibration.o(.bss)
    K_m_data                                 0x20019e94   Data          48  accelerometer_calibration.o(.bss)
    uMat_data                                0x20019ec4   Data          64  accelerometer_calibration.o(.bss)
    uMat_mius_data                           0x20019f04   Data          64  accelerometer_calibration.o(.bss)
    P_data                                   0x20019f44   Data          96  accelerometer_calibration.o(.bss)
    K_ca_data                                0x20019fa4   Data          36  accelerometer_calibration.o(.bss)
    a_data                                   0x20019fc8   Data          12  accelerometer_calibration.o(.bss)
    K_ca_mines_data                          0x20019fd4   Data          36  accelerometer_calibration.o(.bss)
    Gyro_Fiter_t                             0x20019ff8   Data        1776  filter_control.o(.bss)
    MPU9250_Real_Data                        0x2001a760   Data          40  imutask.o(.bss)
    MPU6500_Offest_data                      0x2001a7b0   Data          40  imutask.o(.bss)
    Angular_Handler                          0x2001a7d8   Data          24  imutask.o(.bss)
    L_silide_buff                            0x2001a804   Data         400  chassis_task.o(.bss)
    R_silide_buff                            0x2001a994   Data         400  chassis_task.o(.bss)
    leg_left                                 0x2001ab24   Data         836  chassis_task.o(.bss)
    leg_right                                0x2001ae68   Data         836  chassis_task.o(.bss)
    yaw_motor                                0x2001b1ac   Data         696  gimbal_task.o(.bss)
    pitch_motor                              0x2001b464   Data         696  gimbal_task.o(.bss)
    Kalman0                                  0x2001b71c   Data         536  kalaman.o(.bss)
    Kalman2                                  0x2001b934   Data         536  kalaman.o(.bss)
    __initial_sp                             0x2001bf50   Data           0  startup_stm32f40_41xxx.o(STACK)



==============================================================================

Memory Map of the image

  Image Entry point : 0x08000189

  Load Region LR_IROM1 (Base: 0x08000000, Size: 0x0000c910, Max: 0x00100000, ABSOLUTE, COMPRESSED[0x0000c688])

    Execution Region ER_IROM1 (Exec base: 0x08000000, Load base: 0x08000000, Size: 0x0000c540, Max: 0x00100000, ABSOLUTE)

    Exec Addr    Load Addr    Size         Type   Attr      Idx    E Section Name        Object

    0x08000000   0x08000000   0x00000188   Data   RO         1270    RESET               startup_stm32f40_41xxx.o
    0x08000188   0x08000188   0x00000000   Code   RO        10293  * .ARM.Collect$$$$00000000  mc_w.l(entry.o)
    0x08000188   0x08000188   0x00000004   Code   RO        10658    .ARM.Collect$$$$00000001  mc_w.l(entry2.o)
    0x0800018c   0x0800018c   0x00000004   Code   RO        10661    .ARM.Collect$$$$00000004  mc_w.l(entry5.o)
    0x08000190   0x08000190   0x00000000   Code   RO        10663    .ARM.Collect$$$$00000008  mc_w.l(entry7b.o)
    0x08000190   0x08000190   0x00000000   Code   RO        10665    .ARM.Collect$$$$0000000A  mc_w.l(entry8b.o)
    0x08000190   0x08000190   0x00000008   Code   RO        10666    .ARM.Collect$$$$0000000B  mc_w.l(entry9a.o)
    0x08000198   0x08000198   0x00000004   Code   RO        10673    .ARM.Collect$$$$0000000E  mc_w.l(entry12b.o)
    0x0800019c   0x0800019c   0x00000000   Code   RO        10668    .ARM.Collect$$$$0000000F  mc_w.l(entry10a.o)
    0x0800019c   0x0800019c   0x00000000   Code   RO        10670    .ARM.Collect$$$$00000011  mc_w.l(entry11a.o)
    0x0800019c   0x0800019c   0x00000004   Code   RO        10659    .ARM.Collect$$$$00002712  mc_w.l(entry2.o)
    0x080001a0   0x080001a0   0x000000b6   Code   RO         7248    .emb_text           port.o
    0x08000256   0x08000256   0x00000002   PAD
    0x08000258   0x08000258   0x00000024   Code   RO         1271    .text               startup_stm32f40_41xxx.o
    0x0800027c   0x0800027c   0x00000078   Code   RO         9919    .text               arm_cortexM4lf_math.lib(arm_cos_f32.o)
    0x080002f4   0x080002f4   0x00000074   Code   RO         9972    .text               arm_cortexM4lf_math.lib(arm_sin_f32.o)
    0x08000368   0x08000368   0x00000108   Code   RO         9996    .text               arm_cortexM4lf_math.lib(arm_mat_add_f32.o)
    0x08000470   0x08000470   0x00000008   Code   RO        10020    .text               arm_cortexM4lf_math.lib(arm_mat_init_f32.o)
    0x08000478   0x08000478   0x00000530   Code   RO        10044    .text               arm_cortexM4lf_math.lib(arm_mat_inverse_f32.o)
    0x080009a8   0x080009a8   0x0000013c   Code   RO        10068    .text               arm_cortexM4lf_math.lib(arm_mat_mult_f32.o)
    0x08000ae4   0x08000ae4   0x00000108   Code   RO        10092    .text               arm_cortexM4lf_math.lib(arm_mat_sub_f32.o)
    0x08000bec   0x08000bec   0x00000114   Code   RO        10116    .text               arm_cortexM4lf_math.lib(arm_mat_trans_f32.o)
    0x08000d00   0x08000d00   0x00000024   Code   RO        10296    .text               mc_w.l(memcpya.o)
    0x08000d24   0x08000d24   0x00000024   Code   RO        10298    .text               mc_w.l(memseta.o)
    0x08000d48   0x08000d48   0x0000014e   Code   RO        10567    .text               mf_w.l(dadd.o)
    0x08000e96   0x08000e96   0x000000e4   Code   RO        10569    .text               mf_w.l(dmul.o)
    0x08000f7a   0x08000f7a   0x000000de   Code   RO        10571    .text               mf_w.l(ddiv.o)
    0x08001058   0x08001058   0x0000001c   Code   RO        10575    .text               mf_w.l(ffltul.o)
    0x08001074   0x08001074   0x00000022   Code   RO        10577    .text               mf_w.l(dflti.o)
    0x08001096   0x08001096   0x0000001a   Code   RO        10579    .text               mf_w.l(dfltui.o)
    0x080010b0   0x080010b0   0x00000026   Code   RO        10581    .text               mf_w.l(f2d.o)
    0x080010d6   0x080010d6   0x00000002   PAD
    0x080010d8   0x080010d8   0x00000030   Code   RO        10583    .text               mf_w.l(cdcmple.o)
    0x08001108   0x08001108   0x00000030   Code   RO        10585    .text               mf_w.l(cdrcmple.o)
    0x08001138   0x08001138   0x00000038   Code   RO        10587    .text               mf_w.l(d2f.o)
    0x08001170   0x08001170   0x0000002c   Code   RO        10677    .text               mc_w.l(uidiv.o)
    0x0800119c   0x0800119c   0x00000062   Code   RO        10679    .text               mc_w.l(uldiv.o)
    0x080011fe   0x080011fe   0x0000001e   Code   RO        10681    .text               mc_w.l(llshl.o)
    0x0800121c   0x0800121c   0x00000024   Code   RO        10683    .text               mc_w.l(llsshr.o)
    0x08001240   0x08001240   0x00000000   Code   RO        10692    .text               mc_w.l(iusefp.o)
    0x08001240   0x08001240   0x0000006e   Code   RO        10693    .text               mf_w.l(fepilogue.o)
    0x080012ae   0x080012ae   0x000000ba   Code   RO        10695    .text               mf_w.l(depilogue.o)
    0x08001368   0x08001368   0x000000a2   Code   RO        10697    .text               mf_w.l(dsqrt.o)
    0x0800140a   0x0800140a   0x00000030   Code   RO        10699    .text               mf_w.l(dfixul.o)
    0x0800143a   0x0800143a   0x00000002   PAD
    0x0800143c   0x0800143c   0x00000024   Code   RO        10701    .text               mc_w.l(init.o)
    0x08001460   0x08001460   0x00000000   Code   RO        10703    .text               mc_w.l(semi.o)
    0x08001460   0x08001460   0x00000020   Code   RO        10704    .text               mc_w.l(llushr.o)
    0x08001480   0x08001480   0x00000000   Code   RO        10706    .text               mc_w.l(iusesemip.o)
    0x08001480   0x08001480   0x0000003e   Code   RO        10707    .text               mf_w.l(dfixi.o)
    0x080014be   0x080014be   0x00000056   Code   RO        10717    .text               mc_w.l(__dczerorl2.o)
    0x08001514   0x08001514   0x00000224   Code   RO         7754    i.ACCEL_Calibration  imutask.o
    0x08001738   0x08001738   0x00000098   Code   RO         7755    i.ACCEL_Filter      imutask.o
    0x080017d0   0x080017d0   0x000005d8   Code   RO         7756    i.AHRSUpdate_GraDes_Delay_Corretion  imutask.o
    0x08001da8   0x08001da8   0x0000000c   Code   RO         7648    i.Acce_Correct_Filter  filter_control.o
    0x08001db4   0x08001db4   0x000000bc   Code   RO         7757    i.Accel_calibration_get  imutask.o
    0x08001e70   0x08001e70   0x00000350   Code   RO         7649    i.Atti2Mat_d        filter_control.o
    0x080021c0   0x080021c0   0x00000002   Code   RO          349    i.BusFault_Handler  stm32f4xx_it.o
    0x080021c2   0x080021c2   0x00000002   PAD
    0x080021c4   0x080021c4   0x000000fc   Code   RO          747    i.CAN1_Mode_Init    can.o
    0x080022c0   0x080022c0   0x00000130   Code   RO          748    i.CAN1_RX0_IRQHandler  can.o
    0x080023f0   0x080023f0   0x0000004c   Code   RO          751    i.CAN1_SetMsg_damiao_exit  can.o
    0x0800243c   0x0800243c   0x0000004c   Code   RO          754    i.CAN1_SetMsg_damiao_start  can.o
    0x08002488   0x08002488   0x00000110   Code   RO          756    i.CAN2_Mode_Init    can.o
    0x08002598   0x08002598   0x000001a0   Code   RO          757    i.CAN2_RX1_IRQHandler  can.o
    0x08002738   0x08002738   0x000000cc   Code   RO         2556    i.CAN_FilterInit    stm32f4xx_can.o
    0x08002804   0x08002804   0x00000010   Code   RO         2562    i.CAN_ITConfig      stm32f4xx_can.o
    0x08002814   0x08002814   0x000000e8   Code   RO         2563    i.CAN_Init          stm32f4xx_can.o
    0x080028fc   0x080028fc   0x0000008e   Code   RO         2566    i.CAN_Receive       stm32f4xx_can.o
    0x0800298a   0x0800298a   0x000000be   Code   RO         2571    i.CAN_Transmit      stm32f4xx_can.o
    0x08002a48   0x08002a48   0x00000058   Code   RO          765    i.Can_M1505b_I      can.o
    0x08002aa0   0x08002aa0   0x00000010   Code   RO            3    i.Chassis_L_Task    main.o
    0x08002ab0   0x08002ab0   0x00000010   Code   RO            4    i.Chassis_R_Task    main.o
    0x08002ac0   0x08002ac0   0x000000c8   Code   RO         7650    i.Chebyshev50HzLPF  filter_control.o
    0x08002b88   0x08002b88   0x00000038   Code   RO         9200    i.DCD_EP_ClrStall   usb_dcd.o
    0x08002bc0   0x08002bc0   0x0000003c   Code   RO         9202    i.DCD_EP_Open       usb_dcd.o
    0x08002bfc   0x08002bfc   0x00000044   Code   RO         9203    i.DCD_EP_PrepareRx  usb_dcd.o
    0x08002c40   0x08002c40   0x00000010   Code   RO         9204    i.DCD_EP_SetAddress  usb_dcd.o
    0x08002c50   0x08002c50   0x00000038   Code   RO         9205    i.DCD_EP_Stall      usb_dcd.o
    0x08002c88   0x08002c88   0x0000003e   Code   RO         9206    i.DCD_EP_Tx         usb_dcd.o
    0x08002cc6   0x08002cc6   0x00000052   Code   RO         9292    i.DCD_HandleEnumDone_ISR  usb_dcd_int.o
    0x08002d18   0x08002d18   0x000000c0   Code   RO         9293    i.DCD_HandleInEP_ISR  usb_dcd_int.o
    0x08002dd8   0x08002dd8   0x000000ac   Code   RO         9294    i.DCD_HandleOutEP_ISR  usb_dcd_int.o
    0x08002e84   0x08002e84   0x0000007c   Code   RO         9295    i.DCD_HandleRxStatusQueueLevel_ISR  usb_dcd_int.o
    0x08002f00   0x08002f00   0x00000070   Code   RO         9296    i.DCD_HandleUSBSuspend_ISR  usb_dcd_int.o
    0x08002f70   0x08002f70   0x00000084   Code   RO         9297    i.DCD_HandleUsbReset_ISR  usb_dcd_int.o
    0x08002ff4   0x08002ff4   0x0000008e   Code   RO         9298    i.DCD_WriteEmptyTxFifo  usb_dcd_int.o
    0x08003082   0x08003082   0x00000002   PAD
    0x08003084   0x08003084   0x0000002c   Code   RO         2713    i.DMA_ClearFlag     stm32f4xx_dma.o
    0x080030b0   0x080030b0   0x00000014   Code   RO         2715    i.DMA_Cmd           stm32f4xx_dma.o
    0x080030c4   0x080030c4   0x00000124   Code   RO         2716    i.DMA_DeInit        stm32f4xx_dma.o
    0x080031e8   0x080031e8   0x00000014   Code   RO         2717    i.DMA_DoubleBufferModeCmd  stm32f4xx_dma.o
    0x080031fc   0x080031fc   0x00000016   Code   RO         2718    i.DMA_DoubleBufferModeConfig  stm32f4xx_dma.o
    0x08003212   0x08003212   0x00000006   Code   RO         2721    i.DMA_GetCurrDataCounter  stm32f4xx_dma.o
    0x08003218   0x08003218   0x0000000e   Code   RO         2722    i.DMA_GetCurrentMemoryTarget  stm32f4xx_dma.o
    0x08003226   0x08003226   0x00000002   PAD
    0x08003228   0x08003228   0x00000054   Code   RO         2727    i.DMA_Init          stm32f4xx_dma.o
    0x0800327c   0x0800327c   0x00000004   Code   RO         2730    i.DMA_SetCurrDataCounter  stm32f4xx_dma.o
    0x08003280   0x08003280   0x00000054   Code   RO          767    i.DM_MIT            can.o
    0x080032d4   0x080032d4   0x00000002   Code   RO          350    i.DebugMon_Handler  stm32f4xx_it.o
    0x080032d6   0x080032d6   0x00000006   Code   RO          688    i.EXTI4_IRQHandler  exti.o
    0x080032dc   0x080032dc   0x0000000c   Code   RO         2489    i.EXTI_ClearITPendingBit  stm32f4xx_exti.o
    0x080032e8   0x080032e8   0x0000000c   Code   RO         2841    i.FLASH_ClearFlag   stm32f4xx_flash.o
    0x080032f4   0x080032f4   0x0000006c   Code   RO         2847    i.FLASH_EraseSector  stm32f4xx_flash.o
    0x08003360   0x08003360   0x0000003c   Code   RO         2849    i.FLASH_GetStatus   stm32f4xx_flash.o
    0x0800339c   0x0800339c   0x00000010   Code   RO         2853    i.FLASH_Lock        stm32f4xx_flash.o
    0x080033ac   0x080033ac   0x00000038   Code   RO         2874    i.FLASH_ProgramByte  stm32f4xx_flash.o
    0x080033e4   0x080033e4   0x00000024   Code   RO         2879    i.FLASH_Unlock      stm32f4xx_flash.o
    0x08003408   0x08003408   0x0000001e   Code   RO         2880    i.FLASH_WaitForLastOperation  stm32f4xx_flash.o
    0x08003426   0x08003426   0x0000001c   Code   RO         7456    i.FlashAllEraseBoot  bsp_flash.o
    0x08003442   0x08003442   0x00000002   PAD
    0x08003444   0x08003444   0x00000018   Code   RO         7459    i.FlashReadK        bsp_flash.o
    0x0800345c   0x0800345c   0x00000034   Code   RO         7460    i.FlashWriteK       bsp_flash.o
    0x08003490   0x08003490   0x00000078   Code   RO         1322    i.GPIO_Init         stm32f4xx_gpio.o
    0x08003508   0x08003508   0x00000020   Code   RO         1323    i.GPIO_PinAFConfig  stm32f4xx_gpio.o
    0x08003528   0x08003528   0x00000004   Code   RO         1329    i.GPIO_ResetBits    stm32f4xx_gpio.o
    0x0800352c   0x0800352c   0x00000004   Code   RO         1330    i.GPIO_SetBits      stm32f4xx_gpio.o
    0x08003530   0x08003530   0x00000074   Code   RO         7760    i.GYRO_Filter       imutask.o
    0x080035a4   0x080035a4   0x00000054   Code   RO         7938    i.Get_Sys_Ticks     mpu_time_init.o
    0x080035f8   0x080035f8   0x00000070   Code   RO         7652    i.Gyro_Correct_Filter  filter_control.o
    0x08003668   0x08003668   0x00000002   Code   RO          351    i.HardFault_Handler  stm32f4xx_it.o
    0x0800366a   0x0800366a   0x00000002   PAD
    0x0800366c   0x0800366c   0x00000078   Code   RO         7761    i.IMU_Calibration   imutask.o
    0x080036e4   0x080036e4   0x00000070   Code   RO         7762    i.IMU_Task          imutask.o
    0x08003754   0x08003754   0x000001a0   Code   RO         8918    i.Kalaman_feedback  kalaman.o
    0x080038f4   0x080038f4   0x0000022c   Code   RO         8919    i.Kalman_Filter_Init  kalaman.o
    0x08003b20   0x08003b20   0x0000012e   Code   RO         7509    i.MPU6500_1_init    bsp_mpu9250_init.o
    0x08003c4e   0x08003c4e   0x0000012e   Code   RO         7510    i.MPU6500_2_init    bsp_mpu9250_init.o
    0x08003d7c   0x08003d7c   0x00000018   Code   RO         7511    i.MPU6500_Init      bsp_mpu9250_init.o
    0x08003d94   0x08003d94   0x00000052   Code   RO         7512    i.MPU9250_Get_Accelerometer  bsp_mpu9250_init.o
    0x08003de6   0x08003de6   0x00000082   Code   RO         7513    i.MPU9250_Get_Gyroscope  bsp_mpu9250_init.o
    0x08003e68   0x08003e68   0x00000050   Code   RO         7515    i.MPU9250_Get_Temperature  bsp_mpu9250_init.o
    0x08003eb8   0x08003eb8   0x0000005c   Code   RO         7517    i.MPU9250_Read_Byte  bsp_mpu9250_init.o
    0x08003f14   0x08003f14   0x00000070   Code   RO         7518    i.MPU9250_Read_Len  bsp_mpu9250_init.o
    0x08003f84   0x08003f84   0x00000058   Code   RO         7521    i.MPU9250_Write_Byte  bsp_mpu9250_init.o
    0x08003fdc   0x08003fdc   0x00000034   Code   RO         7523    i.MPUHEAT_configuration  bsp_mpu9250_init.o
    0x08004010   0x08004010   0x0000000c   Code   RO         7524    i.MPUHEAT_off       bsp_mpu9250_init.o
    0x0800401c   0x0800401c   0x00000098   Code   RO         7526    i.MPU_SPI_Configuration  bsp_mpu9250_init.o
    0x080040b4   0x080040b4   0x000003f0   Code   RO         7654    i.Mat2Quat          filter_control.o
    0x080044a4   0x080044a4   0x0000005c   Code   RO         7655    i.Mat_Trans_d       filter_control.o
    0x08004500   0x08004500   0x00000002   Code   RO          352    i.MemManage_Handler  stm32f4xx_it.o
    0x08004502   0x08004502   0x00000002   Code   RO          353    i.NMI_Handler       stm32f4xx_it.o
    0x08004504   0x08004504   0x00000064   Code   RO         1277    i.NVIC_Init         misc.o
    0x08004568   0x08004568   0x00000014   Code   RO         1278    i.NVIC_PriorityGroupConfig  misc.o
    0x0800457c   0x0800457c   0x0000000c   Code   RO         9553    i.OTG_FS_IRQHandler  usbd_usr.o
    0x08004588   0x08004588   0x0000012c   Code   RO          916    i.PID_Calc          pid.o
    0x080046b4   0x080046b4   0x00000018   Code   RO         1419    i.RCC_AHB1PeriphClockCmd  stm32f4xx_rcc.o
    0x080046cc   0x080046cc   0x00000018   Code   RO         1428    i.RCC_APB1PeriphClockCmd  stm32f4xx_rcc.o
    0x080046e4   0x080046e4   0x00000018   Code   RO         1430    i.RCC_APB1PeriphResetCmd  stm32f4xx_rcc.o
    0x080046fc   0x080046fc   0x00000018   Code   RO         1431    i.RCC_APB2PeriphClockCmd  stm32f4xx_rcc.o
    0x08004714   0x08004714   0x00000018   Code   RO         1433    i.RCC_APB2PeriphResetCmd  stm32f4xx_rcc.o
    0x0800472c   0x0800472c   0x00000090   Code   RO         1440    i.RCC_GetClocksFreq  stm32f4xx_rcc.o
    0x080047bc   0x080047bc   0x00000140   Code   RO         1101    i.RC_Init           rc.o
    0x080048fc   0x080048fc   0x000000a4   Code   RO         1003    i.RC_MODE_CONTROL   remotecontrol.o
    0x080049a0   0x080049a0   0x000000e0   Code   RO          923    i.Roll_PID_Calc     pid.o
    0x08004a80   0x08004a80   0x000000b4   Code   RO         1006    i.SBUS_TO_RC        remotecontrol.o
    0x08004b34   0x08004b34   0x000000bc   Code   RO         7898    i.SPI1_Init         mpu_spi_init.o
    0x08004bf0   0x08004bf0   0x00000034   Code   RO         7899    i.SPI1_ReadWriteByte  mpu_spi_init.o
    0x08004c24   0x08004c24   0x00000014   Code   RO         3130    i.SPI_Cmd           stm32f4xx_spi.o
    0x08004c38   0x08004c38   0x0000000e   Code   RO         3138    i.SPI_I2S_GetFlagStatus  stm32f4xx_spi.o
    0x08004c46   0x08004c46   0x00000004   Code   RO         3141    i.SPI_I2S_ReceiveData  stm32f4xx_spi.o
    0x08004c4a   0x08004c4a   0x00000004   Code   RO         3142    i.SPI_I2S_SendData  stm32f4xx_spi.o
    0x08004c4e   0x08004c4e   0x00000038   Code   RO         3143    i.SPI_Init          stm32f4xx_spi.o
    0x08004c86   0x08004c86   0x00000002   PAD
    0x08004c88   0x08004c88   0x000000b4   Code   RO          503    i.SetSysClock       system_stm32f4xx.o
    0x08004d3c   0x08004d3c   0x00000018   Code   RO         1281    i.SysTick_CLKSourceConfig  misc.o
    0x08004d54   0x08004d54   0x00000014   Code   RO         1165    i.SysTick_Handler   delay.o
    0x08004d68   0x08004d68   0x0000005c   Code   RO          505    i.SystemInit        system_stm32f4xx.o
    0x08004dc4   0x08004dc4   0x0000001c   Code   RO          644    i.TIM3_IRQHandler   timer.o
    0x08004de0   0x08004de0   0x00000034   Code   RO          646    i.TIM5_IRQHandler   timer.o
    0x08004e14   0x08004e14   0x0000005c   Code   RO          647    i.TIM5_Init         timer.o
    0x08004e70   0x08004e70   0x00000006   Code   RO         1950    i.TIM_ClearITPendingBit  stm32f4xx_tim.o
    0x08004e76   0x08004e76   0x00000014   Code   RO         1955    i.TIM_Cmd           stm32f4xx_tim.o
    0x08004e8a   0x08004e8a   0x00000018   Code   RO         1976    i.TIM_GetITStatus   stm32f4xx_tim.o
    0x08004ea2   0x08004ea2   0x00000010   Code   RO         1980    i.TIM_ITConfig      stm32f4xx_tim.o
    0x08004eb2   0x08004eb2   0x00000002   PAD
    0x08004eb4   0x08004eb4   0x0000007c   Code   RO         2027    i.TIM_TimeBaseInit  stm32f4xx_tim.o
    0x08004f30   0x08004f30   0x00000060   Code   RO         1230    i.UART5_IRQHandler  usart1.o
    0x08004f90   0x08004f90   0x000000fc   Code   RO         1007    i.USART2_IRQHandler  remotecontrol.o
    0x0800508c   0x0800508c   0x00000006   Code   RO         1753    i.USART_ClearFlag   stm32f4xx_usart.o
    0x08005092   0x08005092   0x0000000c   Code   RO         1754    i.USART_ClearITPendingBit  stm32f4xx_usart.o
    0x0800509e   0x0800509e   0x00000014   Code   RO         1757    i.USART_Cmd         stm32f4xx_usart.o
    0x080050b2   0x080050b2   0x00000010   Code   RO         1758    i.USART_DMACmd      stm32f4xx_usart.o
    0x080050c2   0x080050c2   0x00000002   PAD
    0x080050c4   0x080050c4   0x000000ac   Code   RO         1759    i.USART_DeInit      stm32f4xx_usart.o
    0x08005170   0x08005170   0x0000003e   Code   RO         1761    i.USART_GetITStatus  stm32f4xx_usart.o
    0x080051ae   0x080051ae   0x00000030   Code   RO         1763    i.USART_ITConfig    stm32f4xx_usart.o
    0x080051de   0x080051de   0x00000002   PAD
    0x080051e0   0x080051e0   0x000000ac   Code   RO         1764    i.USART_Init        stm32f4xx_usart.o
    0x0800528c   0x0800528c   0x00000008   Code   RO         1771    i.USART_ReceiveData  stm32f4xx_usart.o
    0x08005294   0x08005294   0x0000000e   Code   RO         9703    i.USBD_ClrCfg       usbd_core.o
    0x080052a2   0x080052a2   0x00000012   Code   RO         9794    i.USBD_CtlContinueRx  usbd_ioreq.o
    0x080052b4   0x080052b4   0x00000012   Code   RO         9795    i.USBD_CtlContinueSendData  usbd_ioreq.o
    0x080052c6   0x080052c6   0x0000001c   Code   RO         9850    i.USBD_CtlError     usbd_req.o
    0x080052e2   0x080052e2   0x00000022   Code   RO         9797    i.USBD_CtlReceiveStatus  usbd_ioreq.o
    0x08005304   0x08005304   0x00000020   Code   RO         9798    i.USBD_CtlSendData  usbd_ioreq.o
    0x08005324   0x08005324   0x00000022   Code   RO         9799    i.USBD_CtlSendStatus  usbd_ioreq.o
    0x08005346   0x08005346   0x00000002   PAD
    0x08005348   0x08005348   0x000000b0   Code   RO         9704    i.USBD_DataInStage  usbd_core.o
    0x080053f8   0x080053f8   0x00000074   Code   RO         9705    i.USBD_DataOutStage  usbd_core.o
    0x0800546c   0x0800546c   0x000000ce   Code   RO         9851    i.USBD_GetDescriptor  usbd_req.o
    0x0800553a   0x0800553a   0x0000000e   Code   RO         9708    i.USBD_IsoINIncomplete  usbd_core.o
    0x08005548   0x08005548   0x0000000e   Code   RO         9709    i.USBD_IsoOUTIncomplete  usbd_core.o
    0x08005556   0x08005556   0x00000002   PAD
    0x08005558   0x08005558   0x000000f0   Code   RO         9299    i.USBD_OTG_ISR_Handler  usb_dcd_int.o
    0x08005648   0x08005648   0x00000044   Code   RO         9853    i.USBD_ParseSetupRequest  usbd_req.o
    0x0800568c   0x0800568c   0x0000002e   Code   RO         9710    i.USBD_Reset        usbd_core.o
    0x080056ba   0x080056ba   0x00000016   Code   RO         9711    i.USBD_Resume       usbd_core.o
    0x080056d0   0x080056d0   0x00000010   Code   RO         9712    i.USBD_SOF          usbd_core.o
    0x080056e0   0x080056e0   0x0000001a   Code   RO         9713    i.USBD_SetCfg       usbd_core.o
    0x080056fa   0x080056fa   0x00000002   PAD
    0x080056fc   0x080056fc   0x00000074   Code   RO         9854    i.USBD_SetConfig    usbd_req.o
    0x08005770   0x08005770   0x0000007c   Code   RO         9855    i.USBD_SetFeature   usbd_req.o
    0x080057ec   0x080057ec   0x00000048   Code   RO         9714    i.USBD_SetupStage   usbd_core.o
    0x08005834   0x08005834   0x000000f0   Code   RO         9856    i.USBD_StdDevReq    usbd_req.o
    0x08005924   0x08005924   0x000000d4   Code   RO         9857    i.USBD_StdEPReq     usbd_req.o
    0x080059f8   0x080059f8   0x00000036   Code   RO         9858    i.USBD_StdItfReq    usbd_req.o
    0x08005a2e   0x08005a2e   0x0000001c   Code   RO         9715    i.USBD_Suspend      usbd_core.o
    0x08005a4a   0x08005a4a   0x00000004   Code   RO         9357    i.USB_OTG_BSP_uDelay  usb_bsp.o
    0x08005a4e   0x08005a4e   0x0000003a   Code   RO         8965    i.USB_OTG_EP0Activate  usb_core.o
    0x08005a88   0x08005a88   0x000000b8   Code   RO         8966    i.USB_OTG_EP0StartXfer  usb_core.o
    0x08005b40   0x08005b40   0x00000024   Code   RO         8967    i.USB_OTG_EP0_OutStart  usb_core.o
    0x08005b64   0x08005b64   0x00000052   Code   RO         8968    i.USB_OTG_EPActivate  usb_core.o
    0x08005bb6   0x08005bb6   0x00000032   Code   RO         8969    i.USB_OTG_EPClearStall  usb_core.o
    0x08005be8   0x08005be8   0x00000030   Code   RO         8971    i.USB_OTG_EPSetStall  usb_core.o
    0x08005c18   0x08005c18   0x0000012a   Code   RO         8972    i.USB_OTG_EPStartXfer  usb_core.o
    0x08005d42   0x08005d42   0x00000002   PAD
    0x08005d44   0x08005d44   0x00000044   Code   RO         8976    i.USB_OTG_FlushTxFifo  usb_core.o
    0x08005d88   0x08005d88   0x00000026   Code   RO         8977    i.USB_OTG_GetDeviceSpeed  usb_core.o
    0x08005dae   0x08005dae   0x00000012   Code   RO         8981    i.USB_OTG_IsDeviceMode  usb_core.o
    0x08005dc0   0x08005dc0   0x0000000a   Code   RO         8983    i.USB_OTG_ReadCoreItr  usb_core.o
    0x08005dca   0x08005dca   0x0000000c   Code   RO         8984    i.USB_OTG_ReadDevAllInEPItr  usb_core.o
    0x08005dd6   0x08005dd6   0x0000000c   Code   RO         8985    i.USB_OTG_ReadDevAllOutEp_itr  usb_core.o
    0x08005de2   0x08005de2   0x00000010   Code   RO         8986    i.USB_OTG_ReadDevOutEP_itr  usb_core.o
    0x08005df2   0x08005df2   0x00000020   Code   RO         8988    i.USB_OTG_ReadPacket  usb_core.o
    0x08005e12   0x08005e12   0x00000028   Code   RO         8994    i.USB_OTG_WritePacket  usb_core.o
    0x08005e3a   0x08005e3a   0x00000002   Code   RO          354    i.UsageFault_Handler  stm32f4xx_it.o
    0x08005e3c   0x08005e3c   0x00000020   Code   RO        10539    i.__0printf         mc_w.l(printfa.o)
    0x08005e5c   0x08005e5c   0x00000030   Code   RO        10626    i.__ARM_fpclassify  m_wm.l(fpclassify.o)
    0x08005e8c   0x08005e8c   0x00000026   Code   RO        10628    i.__ARM_fpclassifyf  m_wm.l(fpclassifyf.o)
    0x08005eb2   0x08005eb2   0x00000006   PAD
    0x08005eb8   0x08005eb8   0x00000360   Code   RO        10219    i.__hardfp_asin     m_wm.l(asin.o)
    0x08006218   0x08006218   0x000002d8   Code   RO        10589    i.__hardfp_atan     m_wm.l(atan.o)
    0x080064f0   0x080064f0   0x00000200   Code   RO        10233    i.__hardfp_atan2    m_wm.l(atan2.o)
    0x080066f0   0x080066f0   0x000002ac   Code   RO        10245    i.__hardfp_atan2f   m_wm.l(atan2f.o)
    0x0800699c   0x0800699c   0x00000004   PAD
    0x080069a0   0x080069a0   0x000000c8   Code   RO        10257    i.__hardfp_cos      m_wm.l(cos.o)
    0x08006a68   0x08006a68   0x000000c8   Code   RO        10269    i.__hardfp_sin      m_wm.l(sin.o)
    0x08006b30   0x08006b30   0x0000007a   Code   RO        10281    i.__hardfp_sqrt     m_wm.l(sqrt_full.o)
    0x08006baa   0x08006baa   0x00000006   PAD
    0x08006bb0   0x08006bb0   0x00000438   Code   RO        10647    i.__ieee754_rem_pio2  m_wm.l(rred.o)
    0x08006fe8   0x08006fe8   0x00000170   Code   RO        10603    i.__kernel_cos      m_wm.l(cos_i.o)
    0x08007158   0x08007158   0x000000f8   Code   RO        10644    i.__kernel_poly     m_wm.l(poly.o)
    0x08007250   0x08007250   0x00000130   Code   RO        10652    i.__kernel_sin      m_wm.l(sin_i.o)
    0x08007380   0x08007380   0x00000014   Code   RO        10607    i.__mathlib_dbl_infnan  m_wm.l(dunder.o)
    0x08007394   0x08007394   0x00000014   Code   RO        10608    i.__mathlib_dbl_infnan2  m_wm.l(dunder.o)
    0x080073a8   0x080073a8   0x00000020   Code   RO        10609    i.__mathlib_dbl_invalid  m_wm.l(dunder.o)
    0x080073c8   0x080073c8   0x00000020   Code   RO        10612    i.__mathlib_dbl_underflow  m_wm.l(dunder.o)
    0x080073e8   0x080073e8   0x00000006   Code   RO        10632    i.__mathlib_flt_infnan2  m_wm.l(funder.o)
    0x080073ee   0x080073ee   0x00000002   PAD
    0x080073f0   0x080073f0   0x00000010   Code   RO        10636    i.__mathlib_flt_underflow  m_wm.l(funder.o)
    0x08007400   0x08007400   0x0000000e   Code   RO        10711    i.__scatterload_copy  mc_w.l(handlers.o)
    0x0800740e   0x0800740e   0x00000002   Code   RO        10712    i.__scatterload_null  mc_w.l(handlers.o)
    0x08007410   0x08007410   0x0000000e   Code   RO        10713    i.__scatterload_zeroinit  mc_w.l(handlers.o)
    0x0800741e   0x0800741e   0x00000002   PAD
    0x08007420   0x08007420   0x0000000c   Code   RO        10687    i.__set_errno       mc_w.l(errno.o)
    0x0800742c   0x0800742c   0x00000184   Code   RO        10546    i._fp_digits        mc_w.l(printfa.o)
    0x080075b0   0x080075b0   0x000006b4   Code   RO        10547    i._printf_core      mc_w.l(printfa.o)
    0x08007c64   0x08007c64   0x00000024   Code   RO        10548    i._printf_post_padding  mc_w.l(printfa.o)
    0x08007c88   0x08007c88   0x0000002e   Code   RO        10549    i._printf_pre_padding  mc_w.l(printfa.o)
    0x08007cb6   0x08007cb6   0x00000002   PAD
    0x08007cb8   0x08007cb8   0x0000005c   Code   RO         7390    i.accel_data_update  accelerometer_calibration.o
    0x08007d14   0x08007d14   0x00000144   Code   RO         7391    i.accel_mat_init    accelerometer_calibration.o
    0x08007e58   0x08007e58   0x00000010   Code   RO        10591    i.atan              m_wm.l(atan.o)
    0x08007e68   0x08007e68   0x00000088   Code   RO         7392    i.caculate_mat      accelerometer_calibration.o
    0x08007ef0   0x08007ef0   0x000000dc   Code   RO         7393    i.cali_accel_para   accelerometer_calibration.o
    0x08007fcc   0x08007fcc   0x00000004   Code   RO         7394    i.cali_fenction     accelerometer_calibration.o
    0x08007fd0   0x08007fd0   0x00000108   Code   RO         7968    i.chassis_L_init    chassis_task.o
    0x080080d8   0x080080d8   0x00000c34   Code   RO         7969    i.chassis_L_task    chassis_task.o
    0x08008d0c   0x08008d0c   0x00000064   Code   RO         7970    i.chassis_R_init    chassis_task.o
    0x08008d70   0x08008d70   0x00000b30   Code   RO         7971    i.chassis_R_task    chassis_task.o
    0x080098a0   0x080098a0   0x00000038   Code   RO         1166    i.delay_init        delay.o
    0x080098d8   0x080098d8   0x00000034   Code   RO         1168    i.delay_us          delay.o
    0x0800990c   0x0800990c   0x00000018   Code   RO        10622    i.fabs              m_wm.l(fabs.o)
    0x08009924   0x08009924   0x00000028   Code   RO          768    i.float_to_uint     can.o
    0x0800994c   0x0800994c   0x00000020   Code   RO         8279    i.fp_Limit_mouse    gimbal_task.o
    0x0800996c   0x0800996c   0x00000012   Code   RO        10674    i.fputc             mc_w.l(fputc.o)
    0x0800997e   0x0800997e   0x0000002a   Code   RO         8280    i.get_relative_pos  gimbal_task.o
    0x080099a8   0x080099a8   0x0000000c   Code   RO         6880    i.inHandlerMode     cmsis_os.o
    0x080099b4   0x080099b4   0x0000002c   Code   RO         7657    i.invSqrt           filter_control.o
    0x080099e0   0x080099e0   0x000000a4   Code   RO            7    i.main              main.o
    0x08009a84   0x08009a84   0x00000018   Code   RO         7878    i.mpu_delay_ms      mpu_delay.o
    0x08009a9c   0x08009a9c   0x00000040   Code   RO         7658    i.my_sqrt           filter_control.o
    0x08009adc   0x08009adc   0x00000018   Code   RO         6888    i.osKernelSysTick   cmsis_os.o
    0x08009af4   0x08009af4   0x0000003c   Code   RO          924    i.pid_init          pid.o
    0x08009b30   0x08009b30   0x00000070   Code   RO         6399    i.prvAddCurrentTaskToDelayedList  tasks.o
    0x08009ba0   0x08009ba0   0x000000d0   Code   RO         6400    i.prvAddNewTaskToReadyList  tasks.o
    0x08009c70   0x08009c70   0x00000050   Code   RO         6752    i.prvCheckForValidListAndQueue  timers.o
    0x08009cc0   0x08009cc0   0x00000054   Code   RO         6401    i.prvCheckTasksWaitingTermination  tasks.o
    0x08009d14   0x08009d14   0x00000026   Code   RO         6173    i.prvCopyDataFromQueue  queue.o
    0x08009d3a   0x08009d3a   0x0000006c   Code   RO         6174    i.prvCopyDataToQueue  queue.o
    0x08009da6   0x08009da6   0x00000014   Code   RO         6402    i.prvDeleteTCB      tasks.o
    0x08009dba   0x08009dba   0x00000002   PAD
    0x08009dbc   0x08009dbc   0x0000004c   Code   RO         7333    i.prvHeapInit       heap_4.o
    0x08009e08   0x08009e08   0x00000028   Code   RO         6403    i.prvIdleTask       tasks.o
    0x08009e30   0x08009e30   0x000000c0   Code   RO         6404    i.prvInitialiseNewTask  tasks.o
    0x08009ef0   0x08009ef0   0x0000004c   Code   RO         7334    i.prvInsertBlockIntoFreeList  heap_4.o
    0x08009f3c   0x08009f3c   0x00000038   Code   RO         6753    i.prvInsertTimerInActiveList  timers.o
    0x08009f74   0x08009f74   0x0000001a   Code   RO         6175    i.prvIsQueueEmpty   queue.o
    0x08009f8e   0x08009f8e   0x00000002   PAD
    0x08009f90   0x08009f90   0x00000090   Code   RO         6176    i.prvNotifyQueueSetContainer  queue.o
    0x0800a020   0x0800a020   0x00000060   Code   RO         6754    i.prvProcessExpiredTimer  timers.o
    0x0800a080   0x0800a080   0x000000f0   Code   RO         6755    i.prvProcessReceivedCommands  timers.o
    0x0800a170   0x0800a170   0x0000006c   Code   RO         6756    i.prvProcessTimerOrBlockTask  timers.o
    0x0800a1dc   0x0800a1dc   0x00000020   Code   RO         6406    i.prvResetNextTaskUnblockTime  tasks.o
    0x0800a1fc   0x0800a1fc   0x00000028   Code   RO         6757    i.prvSampleTimeNow  timers.o
    0x0800a224   0x0800a224   0x0000006c   Code   RO         6758    i.prvSwitchTimerLists  timers.o
    0x0800a290   0x0800a290   0x00000064   Code   RO         7249    i.prvTaskExitError  port.o
    0x0800a2f4   0x0800a2f4   0x00000028   Code   RO         6759    i.prvTimerTask      timers.o
    0x0800a31c   0x0800a31c   0x00000078   Code   RO         6177    i.prvUnlockQueue    queue.o
    0x0800a394   0x0800a394   0x00000114   Code   RO         7335    i.pvPortMalloc      heap_4.o
    0x0800a4a8   0x0800a4a8   0x00000018   Code   RO         6408    i.pvTaskIncrementMutexHeldCount  tasks.o
    0x0800a4c0   0x0800a4c0   0x0000002c   Code   RO         7250    i.pxPortInitialiseStack  port.o
    0x0800a4ec   0x0800a4ec   0x0000000c   Code   RO         7973    i.rc_deadline       chassis_task.o
    0x0800a4f8   0x0800a4f8   0x00000010   Code   RO         1009    i.remote_control_init  remotecontrol.o
    0x0800a508   0x0800a508   0x0000006e   Code   RO        10283    i.sqrt              m_wm.l(sqrt_full.o)
    0x0800a576   0x0800a576   0x00000002   PAD
    0x0800a578   0x0800a578   0x00000084   Code   RO            8    i.start_task        main.o
    0x0800a5fc   0x0800a5fc   0x000000cc   Code   RO          926    i.turn_PID_Calc     pid.o
    0x0800a6c8   0x0800a6c8   0x00000028   Code   RO          769    i.uint_to_float     can.o
    0x0800a6f0   0x0800a6f0   0x00000024   Code   RO         6128    i.uxListRemove      list.o
    0x0800a714   0x0800a714   0x00000016   Code   RO         6129    i.vListInitialise   list.o
    0x0800a72a   0x0800a72a   0x00000006   Code   RO         6130    i.vListInitialiseItem  list.o
    0x0800a730   0x0800a730   0x00000030   Code   RO         6131    i.vListInsert       list.o
    0x0800a760   0x0800a760   0x00000018   Code   RO         6132    i.vListInsertEnd    list.o
    0x0800a778   0x0800a778   0x00000078   Code   RO         7252    i.vPortEnterCritical  port.o
    0x0800a7f0   0x0800a7f0   0x00000064   Code   RO         7253    i.vPortExitCritical  port.o
    0x0800a854   0x0800a854   0x0000009c   Code   RO         7336    i.vPortFree         heap_4.o
    0x0800a8f0   0x0800a8f0   0x00000020   Code   RO         7254    i.vPortSetupTimerInterrupt  port.o
    0x0800a910   0x0800a910   0x0000008c   Code   RO         7255    i.vPortValidateInterruptPriority  port.o
    0x0800a99c   0x0800a99c   0x00000024   Code   RO         6183    i.vQueueAddToRegistry  queue.o
    0x0800a9c0   0x0800a9c0   0x00000044   Code   RO         6187    i.vQueueWaitForMessageRestricted  queue.o
    0x0800aa04   0x0800aa04   0x0000006c   Code   RO         6416    i.vTaskDelay        tasks.o
    0x0800aa70   0x0800aa70   0x000000cc   Code   RO         6418    i.vTaskDelete       tasks.o
    0x0800ab3c   0x0800ab3c   0x0000000c   Code   RO         6422    i.vTaskMissedYield  tasks.o
    0x0800ab48   0x0800ab48   0x00000054   Code   RO         6424    i.vTaskPlaceOnEventList  tasks.o
    0x0800ab9c   0x0800ab9c   0x0000005c   Code   RO         6425    i.vTaskPlaceOnEventListRestricted  tasks.o
    0x0800abf8   0x0800abf8   0x00000084   Code   RO         6427    i.vTaskPriorityInherit  tasks.o
    0x0800ac7c   0x0800ac7c   0x00000048   Code   RO         6431    i.vTaskSetTimeOutState  tasks.o
    0x0800acc4   0x0800acc4   0x00000094   Code   RO         6432    i.vTaskStartScheduler  tasks.o
    0x0800ad58   0x0800ad58   0x00000010   Code   RO         6434    i.vTaskSuspendAll   tasks.o
    0x0800ad68   0x0800ad68   0x0000007c   Code   RO         6435    i.vTaskSwitchContext  tasks.o
    0x0800ade4   0x0800ade4   0x00000114   Code   RO         7256    i.xPortStartScheduler  port.o
    0x0800aef8   0x0800aef8   0x0000002c   Code   RO         7257    i.xPortSysTickHandler  port.o
    0x0800af24   0x0800af24   0x00000078   Code   RO         6192    i.xQueueGenericCreate  queue.o
    0x0800af9c   0x0800af9c   0x00000184   Code   RO         6193    i.xQueueGenericReceive  queue.o
    0x0800b120   0x0800b120   0x000000a8   Code   RO         6194    i.xQueueGenericReset  queue.o
    0x0800b1c8   0x0800b1c8   0x00000188   Code   RO         6195    i.xQueueGenericSend  queue.o
    0x0800b350   0x0800b350   0x000000e0   Code   RO         6196    i.xQueueGenericSendFromISR  queue.o
    0x0800b430   0x0800b430   0x00000088   Code   RO         6436    i.xTaskCheckForTimeOut  tasks.o
    0x0800b4b8   0x0800b4b8   0x00000056   Code   RO         6437    i.xTaskCreate       tasks.o
    0x0800b50e   0x0800b50e   0x00000002   PAD
    0x0800b510   0x0800b510   0x0000001c   Code   RO         6441    i.xTaskGetSchedulerState  tasks.o
    0x0800b52c   0x0800b52c   0x0000000c   Code   RO         6442    i.xTaskGetTickCount  tasks.o
    0x0800b538   0x0800b538   0x00000010   Code   RO         6443    i.xTaskGetTickCountFromISR  tasks.o
    0x0800b548   0x0800b548   0x000000e8   Code   RO         6444    i.xTaskIncrementTick  tasks.o
    0x0800b630   0x0800b630   0x000000b4   Code   RO         6447    i.xTaskPriorityDisinherit  tasks.o
    0x0800b6e4   0x0800b6e4   0x00000098   Code   RO         6448    i.xTaskRemoveFromEventList  tasks.o
    0x0800b77c   0x0800b77c   0x000000e4   Code   RO         6450    i.xTaskResumeAll    tasks.o
    0x0800b860   0x0800b860   0x00000074   Code   RO         6762    i.xTimerCreate      timers.o
    0x0800b8d4   0x0800b8d4   0x00000074   Code   RO         6763    i.xTimerCreateTimerTask  timers.o
    0x0800b948   0x0800b948   0x00000090   Code   RO         6764    i.xTimerGenericCommand  timers.o
    0x0800b9d8   0x0800b9d8   0x00000130   Data   RO         7664    .constdata          filter_control.o
    0x0800bb08   0x0800bb08   0x00000804   Data   RO        10196    .constdata          arm_cortexM4lf_math.lib(arm_common_tables.o)
    0x0800c30c   0x0800c30c   0x00000004   PAD
    0x0800c310   0x0800c310   0x00000050   Data   RO        10222    .constdata          m_wm.l(asin.o)
    0x0800c360   0x0800c360   0x00000098   Data   RO        10592    .constdata          m_wm.l(atan.o)
    0x0800c3f8   0x0800c3f8   0x00000030   Data   RO        10604    .constdata          m_wm.l(cos_i.o)
    0x0800c428   0x0800c428   0x00000008   Data   RO        10646    .constdata          m_wm.l(qnan.o)
    0x0800c430   0x0800c430   0x000000c8   Data   RO        10649    .constdata          m_wm.l(rred.o)
    0x0800c4f8   0x0800c4f8   0x00000028   Data   RO        10653    .constdata          m_wm.l(sin_i.o)
    0x0800c520   0x0800c520   0x00000020   Data   RO        10709    Region$$Table       anon$$obj.o


    Execution Region RW_IRAM1 (Exec base: 0x20000000, Load base: 0x0800c540, Size: 0x0001bf50, Max: 0x00020000, ABSOLUTE, COMPRESSED[0x00000148])

    Exec Addr    Load Addr    Size         Type   Attr      Idx    E Section Name        Object

    0x20000000   COMPRESSED   0x00000010   Data   RW           10    .data               main.o
    0x20000010   COMPRESSED   0x00000014   Data   RW          506    .data               system_stm32f4xx.o
    0x20000024   COMPRESSED   0x00000004   PAD
    0x20000028   COMPRESSED   0x00000008   Data   RW          648    .data               timer.o
    0x20000030   COMPRESSED   0x00000038   Data   RW          776    .data               can.o
    0x20000068   COMPRESSED   0x0000000c   Data   RW         1013    .data               remotecontrol.o
    0x20000074   COMPRESSED   0x00000004   Data   RW         1170    .data               delay.o
    0x20000078   COMPRESSED   0x00000008   Data   RW         1231    .data               usart1.o
    0x20000080   COMPRESSED   0x00000010   Data   RW         1472    .data               stm32f4xx_rcc.o
    0x20000090   COMPRESSED   0x0000003c   Data   RW         6453    .data               tasks.o
    0x200000cc   COMPRESSED   0x00000014   Data   RW         6772    .data               timers.o
    0x200000e0   COMPRESSED   0x0000000c   Data   RW         7258    .data               port.o
    0x200000ec   COMPRESSED   0x00000018   Data   RW         7341    .data               heap_4.o
    0x20000104   COMPRESSED   0x00000114   Data   RW         7396    .data               accelerometer_calibration.o
    0x20000218   COMPRESSED   0x00000048   Data   RW         7773    .data               imutask.o
    0x20000260   COMPRESSED   0x00000120   Data   RW         7976    .data               chassis_task.o
    0x20000380   COMPRESSED   0x00000004   Data   RW         8923    .data               kalaman.o
    0x20000384   COMPRESSED   0x0000002c   Data   RW         9716    .data               usbd_core.o
    0x200003b0   COMPRESSED   0x00000004   Data   RW         9717    .data               usbd_core.o
    0x200003b4   COMPRESSED   0x00000004   Data   RW         9718    .data               usbd_core.o
    0x200003b8   COMPRESSED   0x00000010   Data   RW         9859    .data               usbd_req.o
    0x200003c8   COMPRESSED   0x00000004   Data   RW        10676    .data               mc_w.l(stdout.o)
    0x200003cc   COMPRESSED   0x00000004   Data   RW        10688    .data               mc_w.l(errno.o)
    0x200003d0        -       0x000005f4   Zero   RW            9    .bss                main.o
    0x200009c4        -       0x000000dc   Zero   RW          772    .bss                can.o
    0x20000aa0        -       0x0000005e   Zero   RW         1012    .bss                remotecontrol.o
    0x20000afe   COMPRESSED   0x00000002   PAD
    0x20000b00        -       0x00000040   Zero   RW         6207    .bss                queue.o
    0x20000b40        -       0x000002e4   Zero   RW         6452    .bss                tasks.o
    0x20000e24        -       0x00000028   Zero   RW         6771    .bss                timers.o
    0x20000e4c        -       0x00019000   Zero   RW         7340    .bss                heap_4.o
    0x20019e4c        -       0x000001ac   Zero   RW         7395    .bss                accelerometer_calibration.o
    0x20019ff8        -       0x000006f0   Zero   RW         7661    .bss                filter_control.o
    0x2001a6e8        -       0x0000011c   Zero   RW         7769    .bss                imutask.o
    0x2001a804        -       0x000009a8   Zero   RW         7975    .bss                chassis_task.o
    0x2001b1ac        -       0x00000570   Zero   RW         8283    .bss                gimbal_task.o
    0x2001b71c        -       0x00000218   Zero   RW         8920    .bss                kalaman.o
    0x2001b934        -       0x00000218   Zero   RW         8922    .bss                kalaman.o
    0x2001bb4c   COMPRESSED   0x00000004   PAD
    0x2001bb50        -       0x00000400   Zero   RW         1268    STACK               startup_stm32f40_41xxx.o


==============================================================================

Image component sizes


      Code (inc. data)   RO Data    RW Data    ZI Data      Debug   Object Name

       776         34          0        276        428      23277   accelerometer_calibration.o
       104         10          0          0          0       2055   bsp_flash.o
      1428         68          0          0          0       8981   bsp_mpu9250_init.o
      1648        106          0         56        220       8956   can.o
      6364        430          0        288       2472      13868   chassis_task.o
        36          0          0          0          0       9160   cmsis_os.o
       128         10          0          4          0       2010   delay.o
         0          0          0          0          0      11784   event_groups.o
         6          0          0          0          0        471   exti.o
      2380         92        304          0       1776      10621   filter_control.o
        74          0          0          0       1392       2424   gimbal_task.o
       584        138          0         24     102400       4123   heap_4.o
      2732        170          0         72        284      12647   imutask.o
       972         28          0          4       1072       4717   kalaman.o
         0          0          0          0          0     247392   led.o
       136          0          0          0          0       3194   list.o
       328         72          0         16       1524     282195   main.o
       144         14          0          0          0       2105   misc.o
        24          0          0          0          0        627   mpu_delay.o
       240         12          0          0          0       1293   mpu_spi_init.o
        84         10          0          0          0        596   mpu_time_init.o
       788         24          0          0          0       4230   pid.o
      1038        382          0         12          0      10825   port.o
      1832        236          0          0         64      13401   queue.o
       320         16          0          0          0       1286   rc.o
       612         46          0         12         94      35162   remotecontrol.o
        36          8        392          0       1024        832   startup_stm32f40_41xxx.o
       784         10          0          0          0       4864   stm32f4xx_can.o
       506         36          0          0          0       6996   stm32f4xx_dma.o
        12          6          0          0          0        537   stm32f4xx_exti.o
       318         36          0          0          0       4697   stm32f4xx_flash.o
       160          0          0          0          0       2867   stm32f4xx_gpio.o
        12          0          0          0          0      80277   stm32f4xx_it.o
       264         42          0         16          0       5925   stm32f4xx_rcc.o
        98          0          0          0          0       3506   stm32f4xx_spi.o
       190         28          0          0          0       4757   stm32f4xx_tim.o
       516         42          0          0          0       6980   stm32f4xx_usart.o
       272         36          0         20          0       1757   system_stm32f4xx.o
      2774        674          0         60        740      30394   tasks.o
       172         16          0          8          0       1959   timer.o
      1144        260          0         20         40       9990   timers.o
        96         10          0          8          0       3275   usart1.o
         4          0          0          0          0        937   usb_bsp.o
      1002         10          0          0          0      32230   usb_core.o
       318          0          0          0          0       4690   usb_dcd.o
      1196         36          0          0          0       7995   usb_dcd_int.o
       544          4          0         52          0       9096   usbd_core.o
         0          0          0          0          0        480   usbd_desc.o
       136          0          0          0          0       3856   usbd_ioreq.o
      1048         44          0         16          0       7963   usbd_req.o
        12          6          0          0          0        476   usbd_usr.o

    ----------------------------------------------------------------------
     34426       3202        728        968     113536     954736   Object Totals
         0          0         32          0          0          0   (incl. Generated)
        34          0          0          4          6          0   (incl. Padding)

    ----------------------------------------------------------------------

      Code (inc. data)   RO Data    RW Data    ZI Data      Debug   Library Member Name

         0          0       2052          0          0       4636   arm_common_tables.o
       120         12          0          0          0      16970   arm_cos_f32.o
       264          0          0          0          0       1482   arm_mat_add_f32.o
         8          0          0          0          0        843   arm_mat_init_f32.o
      1328          4          0          0          0       2718   arm_mat_inverse_f32.o
       316          4          0          0          0       1627   arm_mat_mult_f32.o
       264          0          0          0          0       1482   arm_mat_sub_f32.o
       276          0          0          0          0       1516   arm_mat_trans_f32.o
       116         12          0          0          0        658   arm_sin_f32.o
       864         94         80          0          0        280   asin.o
       744        106        152          0          0        352   atan.o
       512         64          0          0          0        208   atan2.o
       684         90          0          0          0        208   atan2f.o
       200         20          0          0          0        164   cos.o
       368         46         48          0          0        200   cos_i.o
       104         16          0          0          0        496   dunder.o
        24          0          0          0          0        124   fabs.o
        48          0          0          0          0        124   fpclassify.o
        38          0          0          0          0        116   fpclassifyf.o
        22          6          0          0          0        232   funder.o
       248          0          0          0          0        152   poly.o
         0          0          8          0          0          0   qnan.o
      1080        142        200          0          0        188   rred.o
       200         20          0          0          0        164   sin.o
       304         24         40          0          0        208   sin_i.o
       232          0          0          0          0        296   sqrt_full.o
        86          0          0          0          0          0   __dczerorl2.o
         0          0          0          0          0          0   entry.o
         0          0          0          0          0          0   entry10a.o
         0          0          0          0          0          0   entry11a.o
         4          0          0          0          0          0   entry12b.o
         8          4          0          0          0          0   entry2.o
         4          0          0          0          0          0   entry5.o
         0          0          0          0          0          0   entry7b.o
         0          0          0          0          0          0   entry8b.o
         8          4          0          0          0          0   entry9a.o
        12          6          0          4          0         68   errno.o
        18          0          0          0          0         80   fputc.o
        30          0          0          0          0          0   handlers.o
        36          8          0          0          0         68   init.o
         0          0          0          0          0          0   iusefp.o
         0          0          0          0          0          0   iusesemip.o
        30          0          0          0          0         68   llshl.o
        36          0          0          0          0         68   llsshr.o
        32          0          0          0          0         68   llushr.o
        36          0          0          0          0         68   memcpya.o
        36          0          0          0          0        108   memseta.o
      2218         90          0          0          0        464   printfa.o
         0          0          0          0          0          0   semi.o
         0          0          0          4          0          0   stdout.o
        44          0          0          0          0         80   uidiv.o
        98          0          0          0          0         92   uldiv.o
        48          0          0          0          0         68   cdcmple.o
        48          0          0          0          0         68   cdrcmple.o
        56          0          0          0          0         88   d2f.o
       334          0          0          0          0        148   dadd.o
       222          0          0          0          0        100   ddiv.o
       186          0          0          0          0        176   depilogue.o
        62          0          0          0          0         80   dfixi.o
        48          0          0          0          0         68   dfixul.o
        34          0          0          0          0         76   dflti.o
        26          0          0          0          0         76   dfltui.o
       228          0          0          0          0         96   dmul.o
       162          0          0          0          0        100   dsqrt.o
        38          0          0          0          0         68   f2d.o
       110          0          0          0          0        168   fepilogue.o
        28          0          0          0          0         84   ffltul.o

    ----------------------------------------------------------------------
     12758        776       2584          8          0      38140   Library Totals
        28          4          4          0          0          0   (incl. Padding)

    ----------------------------------------------------------------------

      Code (inc. data)   RO Data    RW Data    ZI Data      Debug   Library Name

      2692         32       2052          0          0      31932   arm_cortexM4lf_math.lib
      5672        628        528          0          0       3512   m_wm.l
      2736        112          0          8          0       1232   mc_w.l
      1630          0          0          0          0       1464   mf_w.l

    ----------------------------------------------------------------------
     12758        776       2584          8          0      38140   Library Totals

    ----------------------------------------------------------------------

==============================================================================


      Code (inc. data)   RO Data    RW Data    ZI Data      Debug   

     47184       3978       3312        976     113536     963656   Grand Totals
     47184       3978       3312        328     113536     963656   ELF Image Totals (compressed)
     47184       3978       3312        328          0          0   ROM Totals

==============================================================================

    Total RO  Size (Code + RO Data)                50496 (  49.31kB)
    Total RW  Size (RW Data + ZI Data)            114512 ( 111.83kB)
    Total ROM Size (Code + RO Data + RW Data)      50824 (  49.63kB)

==============================================================================

