<html>
<body>
<pre>
<h1>µVision Build Log</h1>
<h2>Tool Versions:</h2>
IDE-Version: ¶ÃVision V5.33.0.0
Copyright (C) 2020 ARM Ltd and ARM Germany GmbH. All rights reserved.
License Information: h 2998438488@qq.com, 666, LIC=CZLZX-HIEZC-12XLE-5RU4U-RT75B-FL3E1
 
Tool Versions:
Toolchain:       MDK-ARM Plus  Version: 5.33.0.0
Toolchain Path:  D:\Workspace\stm32\ARM\ARMCC\Bin
C Compiler:      Armcc.exe V5.06 update 7 (build 960)
Assembler:       Armasm.exe V5.06 update 7 (build 960)
Linker/Locator:  ArmLink.exe V5.06 update 7 (build 960)
Library Manager: ArmAr.exe V5.06 update 7 (build 960)
Hex Converter:   FromElf.exe V5.06 update 7 (build 960)
CPU DLL:         SARMCM3.DLL V5.33.0.0
Dialog DLL:      DCM.DLL V1.17.3.0
Target DLL:      CMSIS_AGDI.dll V1.32.12.0
Dialog DLL:      TCM.DLL V1.48.0.0
 
<h2>Project:</h2>
C:\Users\29984\Desktop\2024.9.30¬÷Õ»\¬÷Õ»3.4\USER\FreeRTOS.uvprojx
Project File Date:  04/06/2025

<h2>Output:</h2>
*** Using Compiler 'V5.06 update 7 (build 960)', folder: 'D:\Workspace\stm32\ARM\ARMCC\Bin'
Rebuild target 'FreeRTOS'
assembling startup_stm32f40_41xxx.s...
compiling iwdg.c...
compiling timer.c...
compiling rc.c...
compiling stm32f4xx_it.c...
compiling sys.c...
compiling misc.c...
compiling system_stm32f4xx.c...
compiling led.c...
compiling delay.c...
compiling pid.c...
compiling usart1.c...
compiling RemoteControl.c...
compiling main.c...
main.c(84): warning:  #177-D: variable "JUDGE_TASK_Handler"  was declared but never referenced
  static TaskHandle_t JUDGE_TASK_Handler;
main.c: 1 warning, 0 errors
compiling can.c...
..\HARDWARE\CAN\can.c(257): warning:  #550-D: variable "mbox"  was set but never used
  		u8 mbox;
..\HARDWARE\CAN\can.c(296): warning:  #550-D: variable "mbox"  was set but never used
  		u8 mbox;
..\HARDWARE\CAN\can.c(358): warning:  #550-D: variable "mbox"  was set but never used
  		u8 mbox;
..\HARDWARE\CAN\can.c(545): warning:  #177-D: variable "motor_ID"  was declared but never referenced
  		static int i,motor_ID;
..\HARDWARE\CAN\can.c: 4 warnings, 0 errors
compiling stm32f4xx_gpio.c...
compiling stm32f4xx_rcc.c...
compiling stm32f4xx_exti.c...
compiling stm32f4xx_flash_ramfunc.c...
compiling stm32f4xx_usart.c...
compiling stm32f4xx_dma.c...
compiling stm32f4xx_can.c...
compiling stm32f4xx_flash.c...
compiling stm32f4xx_spi.c...
compiling stm32f4xx_crc.c...
compiling stm32f4xx_adc.c...
compiling stm32f4xx_i2c.c...
compiling stm32f4xx_tim.c...
compiling stm32f4xx_cryp.c...
compiling stm32f4xx_cryp_des.c...
compiling stm32f4xx_cryp_aes.c...
compiling stm32f4xx_cryp_tdes.c...
compiling stm32f4xx_dbgmcu.c...
compiling stm32f4xx_dac.c...
compiling stm32f4xx_dcmi.c...
compiling stm32f4xx_dma2d.c...
compiling stm32f4xx_fsmc.c...
compiling stm32f4xx_hash_md5.c...
compiling stm32f4xx_hash_sha1.c...
compiling stm32f4xx_hash.c...
compiling stm32f4xx_iwdg.c...
compiling stm32f4xx_rng.c...
compiling stm32f4xx_pwr.c...
compiling stm32f4xx_ltdc.c...
compiling stm32f4xx_sai.c...
compiling stm32f4xx_rtc.c...
compiling stm32f4xx_syscfg.c...
compiling stm32f4xx_sdio.c...
compiling stm32f4xx_wwdg.c...
compiling croutine.c...
compiling list.c...
compiling event_groups.c...
compiling mpu_delay.c...
compiling queue.c...
compiling port.c...
compiling timers.c...
compiling heap_4.c...
compiling cmsis_os.c...
compiling tasks.c...
compiling BSP_Flash.c...
compiling accelerometer_calibration.c...
compiling BSP_MPU9250_Init.c...
compiling Filter_Control.c...
compiling MPU_SPI_Init.c...
compiling MPU_TIME_Init.c...
compiling IMUTask.c...
compiling Judge_task.c...
compiling get_judge_measure.c...
compiling protocol.c...
compiling Ramp_Control.c...
compiling judgement_info.c...
compiling Kalaman.c...
compiling chassis_task.c...
compiling RM_Client_UI.c...
linking...
Program Size: Code=41440 RO-data=3312 RW-data=868 ZI-data=109860  
FromELF: creating hex file...
"..\OBJ\LED.axf" - 0 Error(s), 5 Warning(s).

<h2>Software Packages used:</h2>

Package Vendor: Keil
                http://www.keil.com/pack/Keil.STM32F4xx_DFP.2.15.0.pack
                Keil.STM32F4xx_DFP.2.15.0
                STMicroelectronics STM32F4 Series Device Support, Drivers and Examples

<h2>Collection of Component include folders:</h2>
  D:\Workspace\stm32\Keil\STM32F4xx_DFP\2.15.0\Drivers\CMSIS\Device\ST\STM32F4xx\Include

<h2>Collection of Component Files used:</h2>
Build Time Elapsed:  00:00:04
</pre>
</body>
</html>
