Component: ARM Compiler 5.06 update 7 (build 960) Tool: armlink [4d3601]

==============================================================================

Section Cross References

    main.o(i.Chassis_L_Task) refers to chassis_task.o(i.chassis_L_init) for chassis_L_init
    main.o(i.Chassis_L_Task) refers to chassis_task.o(i.chassis_L_task) for chassis_L_task
    main.o(i.Chassis_L_Task) refers to tasks.o(i.vTaskDelay) for vTaskDelay
    main.o(i.Chassis_R_Task) refers to chassis_task.o(i.chassis_R_init) for chassis_R_init
    main.o(i.Chassis_R_Task) refers to chassis_task.o(i.chassis_R_task) for chassis_R_task
    main.o(i.Chassis_R_Task) refers to tasks.o(i.vTaskDelay) for vTaskDelay
    main.o(i.main) refers to misc.o(i.NVIC_PriorityGroupConfig) for NVIC_PriorityGroupConfig
    main.o(i.main) refers to delay.o(i.delay_init) for delay_init
    main.o(i.main) refers to remotecontrol.o(i.remote_control_init) for remote_control_init
    main.o(i.main) refers to timer.o(i.TIM5_Init) for TIM5_Init
    main.o(i.main) refers to bsp_mpu9250_init.o(i.MPU6500_Init) for MPU6500_Init
    main.o(i.main) refers to imutask.o(i.IMU_Calibration) for IMU_Calibration
    main.o(i.main) refers to accelerometer_calibration.o(i.accel_mat_init) for accel_mat_init
    main.o(i.main) refers to imutask.o(i.ACCEL_Calibration) for ACCEL_Calibration
    main.o(i.main) refers to bsp_mpu9250_init.o(i.MPUHEAT_configuration) for MPUHEAT_configuration
    main.o(i.main) refers to can.o(i.CAN1_Mode_Init) for CAN1_Mode_Init
    main.o(i.main) refers to can.o(i.CAN2_Mode_Init) for CAN2_Mode_Init
    main.o(i.main) refers to kalaman.o(i.Kalman_Filter_Init) for Kalman_Filter_Init
    main.o(i.main) refers to tasks.o(i.xTaskCreate) for xTaskCreate
    main.o(i.main) refers to tasks.o(i.vTaskStartScheduler) for vTaskStartScheduler
    main.o(i.main) refers to kalaman.o(.bss) for Kalman0
    main.o(i.main) refers to kalaman.o(.bss) for Kalman2
    main.o(i.main) refers to main.o(.data) for .data
    main.o(i.main) refers to main.o(i.start_task) for start_task
    main.o(i.start_task) refers to port.o(i.vPortEnterCritical) for vPortEnterCritical
    main.o(i.start_task) refers to tasks.o(i.xTaskCreate) for xTaskCreate
    main.o(i.start_task) refers to tasks.o(i.vTaskDelete) for vTaskDelete
    main.o(i.start_task) refers to port.o(i.vPortExitCritical) for vPortExitCritical
    main.o(i.start_task) refers to main.o(.data) for .data
    main.o(i.start_task) refers to main.o(i.Chassis_R_Task) for Chassis_R_Task
    main.o(i.start_task) refers to main.o(i.Chassis_L_Task) for Chassis_L_Task
    main.o(i.start_task) refers to imutask.o(i.IMU_Task) for IMU_Task
    system_stm32f4xx.o(i.SystemCoreClockUpdate) refers to system_stm32f4xx.o(.data) for .data
    system_stm32f4xx.o(i.SystemInit) refers to system_stm32f4xx.o(i.SetSysClock) for SetSysClock
    led.o(i.LASER_Init) refers to stm32f4xx_rcc.o(i.RCC_AHB1PeriphClockCmd) for RCC_AHB1PeriphClockCmd
    led.o(i.LASER_Init) refers to stm32f4xx_gpio.o(i.GPIO_Init) for GPIO_Init
    led.o(i.LASER_Init) refers to stm32f4xx_gpio.o(i.GPIO_SetBits) for GPIO_SetBits
    led.o(i.LED_Init) refers to stm32f4xx_rcc.o(i.RCC_AHB1PeriphClockCmd) for RCC_AHB1PeriphClockCmd
    led.o(i.LED_Init) refers to stm32f4xx_gpio.o(i.GPIO_Init) for GPIO_Init
    led.o(i.LED_Water_lamp) refers to delay.o(i.delay_xms) for delay_xms
    led.o(i.LED_Water_lamp) refers to stm32f4xx_gpio.o(i.GPIO_SetBits) for GPIO_SetBits
    led.o(i.LED_Water_lamp) refers to stm32f4xx_gpio.o(i.GPIO_ResetBits) for GPIO_ResetBits
    led.o(i.LED_Water_lamp) refers to tasks.o(i.vTaskDelay) for vTaskDelay
    timer.o(i.TIM3_IRQHandler) refers to stm32f4xx_tim.o(i.TIM_GetITStatus) for TIM_GetITStatus
    timer.o(i.TIM3_IRQHandler) refers to stm32f4xx_tim.o(i.TIM_ClearITPendingBit) for TIM_ClearITPendingBit
    timer.o(i.TIM3_Int_Init) refers to stm32f4xx_rcc.o(i.RCC_APB1PeriphClockCmd) for RCC_APB1PeriphClockCmd
    timer.o(i.TIM3_Int_Init) refers to stm32f4xx_tim.o(i.TIM_TimeBaseInit) for TIM_TimeBaseInit
    timer.o(i.TIM3_Int_Init) refers to stm32f4xx_tim.o(i.TIM_ITConfig) for TIM_ITConfig
    timer.o(i.TIM3_Int_Init) refers to stm32f4xx_tim.o(i.TIM_Cmd) for TIM_Cmd
    timer.o(i.TIM3_Int_Init) refers to misc.o(i.NVIC_Init) for NVIC_Init
    timer.o(i.TIM5_IRQHandler) refers to stm32f4xx_tim.o(i.TIM_GetITStatus) for TIM_GetITStatus
    timer.o(i.TIM5_IRQHandler) refers to stm32f4xx_tim.o(i.TIM_ClearITPendingBit) for TIM_ClearITPendingBit
    timer.o(i.TIM5_IRQHandler) refers to timer.o(.data) for .data
    timer.o(i.TIM5_Init) refers to stm32f4xx_rcc.o(i.RCC_APB1PeriphClockCmd) for RCC_APB1PeriphClockCmd
    timer.o(i.TIM5_Init) refers to stm32f4xx_tim.o(i.TIM_TimeBaseInit) for TIM_TimeBaseInit
    timer.o(i.TIM5_Init) refers to stm32f4xx_tim.o(i.TIM_ITConfig) for TIM_ITConfig
    timer.o(i.TIM5_Init) refers to stm32f4xx_tim.o(i.TIM_Cmd) for TIM_Cmd
    timer.o(i.TIM5_Init) refers to misc.o(i.NVIC_Init) for NVIC_Init
[...]
    _printf_flags                            0x00000000   Number         0  stubs.o ABSOLUTE
    _printf_fp_dec                           0x00000000   Number         0  stubs.o ABSOLUTE
    _printf_fp_hex                           0x00000000   Number         0  stubs.o ABSOLUTE
    _printf_g                                0x00000000   Number         0  stubs.o ABSOLUTE
    _printf_i                                0x00000000   Number         0  stubs.o ABSOLUTE
    _printf_int_dec                          0x00000000   Number         0  stubs.o ABSOLUTE
    _printf_l                                0x00000000   Number         0  stubs.o ABSOLUTE
    _printf_lc                               0x00000000   Number         0  stubs.o ABSOLUTE
    _printf_ll                               0x00000000   Number         0  stubs.o ABSOLUTE
    _printf_lld                              0x00000000   Number         0  stubs.o ABSOLUTE
    _printf_lli                              0x00000000   Number         0  stubs.o ABSOLUTE
    _printf_llo                              0x00000000   Number         0  stubs.o ABSOLUTE
    _printf_llu                              0x00000000   Number         0  stubs.o ABSOLUTE
    _printf_llx                              0x00000000   Number         0  stubs.o ABSOLUTE
    _printf_longlong_dec                     0x00000000   Number         0  stubs.o ABSOLUTE
    _printf_longlong_hex                     0x00000000   Number         0  stubs.o ABSOLUTE
    _printf_longlong_oct                     0x00000000   Number         0  stubs.o ABSOLUTE
    _printf_ls                               0x00000000   Number         0  stubs.o ABSOLUTE
    _printf_mbtowc                           0x00000000   Number         0  stubs.o ABSOLUTE
    _printf_n                                0x00000000   Number         0  stubs.o ABSOLUTE
    _printf_o                                0x00000000   Number         0  stubs.o ABSOLUTE
    _printf_p                                0x00000000   Number         0  stubs.o ABSOLUTE
    _printf_percent                          0x00000000   Number         0  stubs.o ABSOLUTE
    _printf_pre_padding                      0x00000000   Number         0  stubs.o ABSOLUTE
    _printf_return_value                     0x00000000   Number         0  stubs.o ABSOLUTE
    _printf_s                                0x00000000   Number         0  stubs.o ABSOLUTE
    _printf_sizespec                         0x00000000   Number         0  stubs.o ABSOLUTE
    _printf_str                              0x00000000   Number         0  stubs.o ABSOLUTE
    _printf_truncate_signed                  0x00000000   Number         0  stubs.o ABSOLUTE
    _printf_truncate_unsigned                0x00000000   Number         0  stubs.o ABSOLUTE
    _printf_u                                0x00000000   Number         0  stubs.o ABSOLUTE
    _printf_wc                               0x00000000   Number         0  stubs.o ABSOLUTE
    _printf_wctomb                           0x00000000   Number         0  stubs.o ABSOLUTE
    _printf_widthprec                        0x00000000   Number         0  stubs.o ABSOLUTE
    _printf_x                                0x00000000   Number         0  stubs.o ABSOLUTE
    __arm_fini_                               - Undefined Weak Reference
    __cpp_initialize__aeabi_                  - Undefined Weak Reference
    __cxa_finalize                            - Undefined Weak Reference
    _clock_init                               - Undefined Weak Reference
    _microlib_exit                            - Undefined Weak Reference
    __Vectors_Size                           0x00000188   Number         0  startup_stm32f40_41xxx.o ABSOLUTE
    __Vectors                                0x08000000   Data           4  startup_stm32f40_41xxx.o(RESET)
    __Vectors_End                            0x08000188   Data           0  startup_stm32f40_41xxx.o(RESET)
    __main                                   0x08000189   Thumb Code     0  entry.o(.ARM.Collect$$$$00000000)
    _main_stk                                0x08000189   Thumb Code     0  entry2.o(.ARM.Collect$$$$00000001)
    _main_scatterload                        0x0800018d   Thumb Code     0  entry5.o(.ARM.Collect$$$$00000004)
    __main_after_scatterload                 0x08000191   Thumb Code     0  entry5.o(.ARM.Collect$$$$00000004)
    _main_clock                              0x08000191   Thumb Code     0  entry7b.o(.ARM.Collect$$$$00000008)
    _main_cpp_init                           0x08000191   Thumb Code     0  entry8b.o(.ARM.Collect$$$$0000000A)
    _main_init                               0x08000191   Thumb Code     0  entry9a.o(.ARM.Collect$$$$0000000B)
    __rt_lib_shutdown_fini                   0x08000199   Thumb Code     0  entry12b.o(.ARM.Collect$$$$0000000E)
    __rt_final_cpp                           0x0800019d   Thumb Code     0  entry10a.o(.ARM.Collect$$$$0000000F)
    __rt_final_exit                          0x0800019d   Thumb Code     0  entry11a.o(.ARM.Collect$$$$00000011)
    SVC_Handler                              0x080001a1   Thumb Code    28  port.o(.emb_text)
    __asm___6_port_c_39a90d8d__prvStartFirstTask 0x080001c1   Thumb Code    28  port.o(.emb_text)
    __asm___6_port_c_39a90d8d__prvEnableVFP  0x080001e1   Thumb Code    16  port.o(.emb_text)
    PendSV_Handler                           0x080001f5   Thumb Code    88  port.o(.emb_text)
    vPortGetIPSR                             0x08000251   Thumb Code     6  port.o(.emb_text)
    Reset_Handler                            0x08000259   Thumb Code     8  startup_stm32f40_41xxx.o(.text)
    ADC_IRQHandler                           0x08000273   Thumb Code     0  startup_stm32f40_41xxx.o(.text)
    CAN1_RX1_IRQHandler                      0x08000273   Thumb Code     0  startup_stm32f40_41xxx.o(.text)
    CAN1_SCE_IRQHandler                      0x08000273   Thumb Code     0  startup_stm32f40_41xxx.o(.text)
    CAN1_TX_IRQHandler                       0x08000273   Thumb Code     0  startup_stm32f40_41xxx.o(.text)
    CAN2_RX0_IRQHandler                      0x08000273   Thumb Code     0  startup_stm32f40_41xxx.o(.text)
    CAN2_SCE_IRQHandler                      0x08000273   Thumb Code     0  startup_stm32f40_41xxx.o(.text)
    CAN2_TX_IRQHandler                       0x08000273   Thumb Code     0  startup_stm32f40_41xxx.o(.text)
    CRYP_IRQHandler                          0x08000273   Thumb Code     0  startup_stm32f40_41xxx.o(.text)
    DCMI_IRQHandler                          0x08000273   Thumb Code     0  startup_stm32f40_41xxx.o(.text)
    DMA1_Stream0_IRQHandler                  0x08000273   Thumb Code     0  startup_stm32f40_41xxx.o(.text)
    DMA1_Stream1_IRQHandler                  0x08000273   Thumb Code     0  startup_stm32f40_41xxx.o(.text)
    DMA1_Stream2_IRQHandler                  0x08000273   Thumb Code     0  startup_stm32f40_41xxx.o(.text)
    DMA1_Stream3_IRQHandler                  0x08000273   Thumb Code     0  startup_stm32f40_41xxx.o(.text)
    DMA1_Stream4_IRQHandler                  0x08000273   Thumb Code     0  startup_stm32f40_41xxx.o(.text)
    DMA1_Stream5_IRQHandler                  0x08000273   Thumb Code     0  startup_stm32f40_41xxx.o(.text)
    DMA1_Stream6_IRQHandler                  0x08000273   Thumb Code     0  startup_stm32f40_41xxx.o(.text)
    DMA1_Stream7_IRQHandler                  0x08000273   Thumb Code     0  startup_stm32f40_41xxx.o(.text)
    DMA2_Stream0_IRQHandler                  0x08000273   Thumb Code     0  startup_stm32f40_41xxx.o(.text)
    DMA2_Stream1_IRQHandler                  0x08000273   Thumb Code     0  startup_stm32f40_41xxx.o(.text)
    DMA2_Stream2_IRQHandler                  0x08000273   Thumb Code     0  startup_stm32f40_41xxx.o(.text)
    DMA2_Stream3_IRQHandler                  0x08000273   Thumb Code     0  startup_stm32f40_41xxx.o(.text)
    DMA2_Stream4_IRQHandler                  0x08000273   Thumb Code     0  startup_stm32f40_41xxx.o(.text)
    DMA2_Stream5_IRQHandler                  0x08000273   Thumb Code     0  startup_stm32f40_41xxx.o(.text)
    DMA2_Stream6_IRQHandler                  0x08000273   Thumb Code     0  startup_stm32f40_41xxx.o(.text)
    DMA2_Stream7_IRQHandler                  0x08000273   Thumb Code     0  startup_stm32f40_41xxx.o(.text)
    ETH_IRQHandler                           0x08000273   Thumb Code     0  startup_stm32f40_41xxx.o(.text)
    ETH_WKUP_IRQHandler                      0x08000273   Thumb Code     0  startup_stm32f40_41xxx.o(.text)
    EXTI0_IRQHandler                         0x08000273   Thumb Code     0  startup_stm32f40_41xxx.o(.text)
    EXTI15_10_IRQHandler                     0x08000273   Thumb Code     0  startup_stm32f40_41xxx.o(.text)
    EXTI1_IRQHandler                         0x08000273   Thumb Code     0  startup_stm32f40_41xxx.o(.text)
    EXTI2_IRQHandler                         0x08000273   Thumb Code     0  startup_stm32f40_41xxx.o(.text)
    EXTI3_IRQHandler                         0x08000273   Thumb Code     0  startup_stm32f40_41xxx.o(.text)
    EXTI4_IRQHandler                         0x08000273   Thumb Code     0  startup_stm32f40_41xxx.o(.text)
    EXTI9_5_IRQHandler                       0x08000273   Thumb Code     0  startup_stm32f40_41xxx.o(.text)
    FLASH_IRQHandler                         0x08000273   Thumb Code     0  startup_stm32f40_41xxx.o(.text)
    FPU_IRQHandler                           0x08000273   Thumb Code     0  startup_stm32f40_41xxx.o(.text)
    FSMC_IRQHandler                          0x08000273   Thumb Code     0  startup_stm32f40_41xxx.o(.text)
    HASH_RNG_IRQHandler                      0x08000273   Thumb Code     0  startup_stm32f40_41xxx.o(.text)
    I2C1_ER_IRQHandler                       0x08000273   Thumb Code     0  startup_stm32f40_41xxx.o(.text)
    I2C1_EV_IRQHandler                       0x08000273   Thumb Code     0  startup_stm32f40_41xxx.o(.text)
    I2C2_ER_IRQHandler                       0x08000273   Thumb Code     0  startup_stm32f40_41xxx.o(.text)
    I2C2_EV_IRQHandler                       0x08000273   Thumb Code     0  startup_stm32f40_41xxx.o(.text)
    I2C3_ER_IRQHandler                       0x08000273   Thumb Code     0  startup_stm32f40_41xxx.o(.text)
    I2C3_EV_IRQHandler                       0x08000273   Thumb Code     0  startup_stm32f40_41xxx.o(.text)
    OTG_FS_IRQHandler                        0x08000273   Thumb Code     0  startup_stm32f40_41xxx.o(.text)
    OTG_FS_WKUP_IRQHandler                   0x08000273   Thumb Code     0  startup_stm32f40_41xxx.o(.text)
    OTG_HS_EP1_IN_IRQHandler                 0x08000273   Thumb Code     0  startup_stm32f40_41xxx.o(.text)
    OTG_HS_EP1_OUT_IRQHandler                0x08000273   Thumb Code     0  startup_stm32f40_41xxx.o(.text)
    OTG_HS_IRQHandler                        0x08000273   Thumb Code     0  startup_stm32f40_41xxx.o(.text)
    OTG_HS_WKUP_IRQHandler                   0x08000273   Thumb Code     0  startup_stm32f40_41xxx.o(.text)
    PVD_IRQHandler                           0x08000273   Thumb Code     0  startup_stm32f40_41xxx.o(.text)
    RCC_IRQHandler                           0x08000273   Thumb Code     0  startup_stm32f40_41xxx.o(.text)
    RTC_Alarm_IRQHandler                     0x08000273   Thumb Code     0  startup_stm32f40_41xxx.o(.text)
    RTC_WKUP_IRQHandler                      0x08000273   Thumb Code     0  startup_stm32f40_41xxx.o(.text)
    SDIO_IRQHandler                          0x08000273   Thumb Code     0  startup_stm32f40_41xxx.o(.text)
    SPI1_IRQHandler                          0x08000273   Thumb Code     0  startup_stm32f40_41xxx.o(.text)
    SPI2_IRQHandler                          0x08000273   Thumb Code     0  startup_stm32f40_41xxx.o(.text)
    SPI3_IRQHandler                          0x08000273   Thumb Code     0  startup_stm32f40_41xxx.o(.text)
    TAMP_STAMP_IRQHandler                    0x08000273   Thumb Code     0  startup_stm32f40_41xxx.o(.text)
    TIM1_BRK_TIM9_IRQHandler                 0x08000273   Thumb Code     0  startup_stm32f40_41xxx.o(.text)
    TIM1_CC_IRQHandler                       0x08000273   Thumb Code     0  startup_stm32f40_41xxx.o(.text)
    TIM1_TRG_COM_TIM11_IRQHandler            0x08000273   Thumb Code     0  startup_stm32f40_41xxx.o(.text)
    TIM1_UP_TIM10_IRQHandler                 0x08000273   Thumb Code     0  startup_stm32f40_41xxx.o(.text)
    TIM2_IRQHandler                          0x08000273   Thumb Code     0  startup_stm32f40_41xxx.o(.text)
    TIM4_IRQHandler                          0x08000273   Thumb Code     0  startup_stm32f40_41xxx.o(.text)
    TIM6_DAC_IRQHandler                      0x08000273   Thumb Code     0  startup_stm32f40_41xxx.o(.text)
    TIM7_IRQHandler                          0x08000273   Thumb Code     0  startup_stm32f40_41xxx.o(.text)
    TIM8_BRK_TIM12_IRQHandler                0x08000273   Thumb Code     0  startup_stm32f40_41xxx.o(.text)
    TIM8_CC_IRQHandler                       0x08000273   Thumb Code     0  startup_stm32f40_41xxx.o(.text)
    TIM8_TRG_COM_TIM14_IRQHandler            0x08000273   Thumb Code     0  startup_stm32f40_41xxx.o(.text)
    TIM8_UP_TIM13_IRQHandler                 0x08000273   Thumb Code     0  startup_stm32f40_41xxx.o(.text)
    UART4_IRQHandler                         0x08000273   Thumb Code     0  startup_stm32f40_41xxx.o(.text)
    USART1_IRQHandler                        0x08000273   Thumb Code     0  startup_stm32f40_41xxx.o(.text)
    USART3_IRQHandler                        0x08000273   Thumb Code     0  startup_stm32f40_41xxx.o(.text)
    USART6_IRQHandler                        0x08000273   Thumb Code     0  startup_stm32f40_41xxx.o(.text)
    WWDG_IRQHandler                          0x08000273   Thumb Code     0  startup_stm32f40_41xxx.o(.text)
    arm_cos_f32                              0x0800027d   Thumb Code   108  arm_cos_f32.o(.text)
    arm_sin_f32                              0x080002f5   Thumb Code   104  arm_sin_f32.o(.text)
    arm_mat_add_f32                          0x08000369   Thumb Code   264  arm_mat_add_f32.o(.text)
    arm_mat_init_f32                         0x08000471   Thumb Code     8  arm_mat_init_f32.o(.text)
    arm_mat_inverse_f32                      0x08000479   Thumb Code  1328  arm_mat_inverse_f32.o(.text)
    arm_mat_mult_f32                         0x080009a9   Thumb Code   312  arm_mat_mult_f32.o(.text)
    arm_mat_sub_f32                          0x08000ae5   Thumb Code   264  arm_mat_sub_f32.o(.text)
    arm_mat_trans_f32                        0x08000bed   Thumb Code   276  arm_mat_trans_f32.o(.text)
    __aeabi_memcpy                           0x08000d01   Thumb Code    36  memcpya.o(.text)
    __aeabi_memcpy4                          0x08000d01   Thumb Code     0  memcpya.o(.text)
    __aeabi_memcpy8                          0x08000d01   Thumb Code     0  memcpya.o(.text)
    __aeabi_memset                           0x08000d25   Thumb Code    14  memseta.o(.text)
    __aeabi_memset4                          0x08000d25   Thumb Code     0  memseta.o(.text)
    __aeabi_memset8                          0x08000d25   Thumb Code     0  memseta.o(.text)
    __aeabi_memclr                           0x08000d33   Thumb Code     4  memseta.o(.text)
    __aeabi_memclr4                          0x08000d33   Thumb Code     0  memseta.o(.text)
    __aeabi_memclr8                          0x08000d33   Thumb Code     0  memseta.o(.text)
    _memset$wrapper                          0x08000d37   Thumb Code    18  memseta.o(.text)
    __aeabi_dadd                             0x08000d49   Thumb Code   322  dadd.o(.text)
    __aeabi_dsub                             0x08000e8b   Thumb Code     6  dadd.o(.text)
    __aeabi_drsub                            0x08000e91   Thumb Code     6  dadd.o(.text)
    __aeabi_dmul                             0x08000e97   Thumb Code   228  dmul.o(.text)
    __aeabi_ddiv                             0x08000f7b   Thumb Code   222  ddiv.o(.text)
    __aeabi_ul2f                             0x08001059   Thumb Code    28  ffltul.o(.text)
    __aeabi_i2d                              0x08001075   Thumb Code    34  dflti.o(.text)
    __aeabi_ui2d                             0x08001097   Thumb Code    26  dfltui.o(.text)
    __aeabi_f2d                              0x080010b1   Thumb Code    38  f2d.o(.text)
    __aeabi_cdcmpeq                          0x080010d9   Thumb Code     0  cdcmple.o(.text)
    __aeabi_cdcmple                          0x080010d9   Thumb Code    48  cdcmple.o(.text)
    __aeabi_cdrcmple                         0x08001109   Thumb Code    48  cdrcmple.o(.text)
    __aeabi_d2f                              0x08001139   Thumb Code    56  d2f.o(.text)
    __aeabi_uidiv                            0x08001171   Thumb Code     0  uidiv.o(.text)
    __aeabi_uidivmod                         0x08001171   Thumb Code    44  uidiv.o(.text)
    __aeabi_llsl                             0x0800119d   Thumb Code    30  llshl.o(.text)
    _ll_shift_l                              0x0800119d   Thumb Code     0  llshl.o(.text)
    __aeabi_lasr                             0x080011bb   Thumb Code    36  llsshr.o(.text)
    _ll_sshift_r                             0x080011bb   Thumb Code     0  llsshr.o(.text)
    __I$use$fp                               0x080011df   Thumb Code     0  iusefp.o(.text)
    _float_round                             0x080011df   Thumb Code    18  fepilogue.o(.text)
    _float_epilogue                          0x080011f1   Thumb Code    92  fepilogue.o(.text)
    _double_round                            0x0800124d   Thumb Code    30  depilogue.o(.text)
    _double_epilogue                         0x0800126b   Thumb Code   156  depilogue.o(.text)
    _dsqrt                                   0x08001307   Thumb Code   162  dsqrt.o(.text)
    __scatterload                            0x080013a9   Thumb Code    28  init.o(.text)
    __scatterload_rt2                        0x080013a9   Thumb Code     0  init.o(.text)
    __aeabi_llsr                             0x080013cd   Thumb Code    32  llushr.o(.text)
    __semihosting_library_function           0x080013cd   Thumb Code     0  semi.o(.text)
    _ll_ushift_r                             0x080013cd   Thumb Code     0  llushr.o(.text)
    __I$use$semihosting$fputc                0x080013ed   Thumb Code     0  iusesemip.o(.text)
    __aeabi_d2iz                             0x080013ed   Thumb Code    62  dfixi.o(.text)
    __decompress                             0x0800142b   Thumb Code     0  __dczerorl2.o(.text)
    __decompress1                            0x0800142b   Thumb Code    86  __dczerorl2.o(.text)
    ACCEL_Calibration                        0x08001481   Thumb Code   498  imutask.o(i.ACCEL_Calibration)
    ACCEL_Filter                             0x080016a5   Thumb Code   138  imutask.o(i.ACCEL_Filter)
    AHRSUpdate_GraDes_Delay_Corretion        0x0800173d   Thumb Code  1458  imutask.o(i.AHRSUpdate_GraDes_Delay_Corretion)
    Acce_Correct_Filter                      0x08001d0d   Thumb Code     8  filter_control.o(i.Acce_Correct_Filter)
    Accel_calibration_get                    0x08001d19   Thumb Code   168  imutask.o(i.Accel_calibration_get)
    Atti2Mat_d                               0x08001dd5   Thumb Code   840  filter_control.o(i.Atti2Mat_d)
    BusFault_Handler                         0x08002125   Thumb Code     2  stm32f4xx_it.o(i.BusFault_Handler)
    CAN1_Mode_Init                           0x08002129   Thumb Code   244  can.o(i.CAN1_Mode_Init)
    CAN1_RX0_IRQHandler                      0x08002225   Thumb Code   274  can.o(i.CAN1_RX0_IRQHandler)
    CAN1_SetMsg_damiao_exit                  0x08002355   Thumb Code    70  can.o(i.CAN1_SetMsg_damiao_exit)
    CAN1_SetMsg_damiao_start                 0x080023a1   Thumb Code    70  can.o(i.CAN1_SetMsg_damiao_start)
    CAN2_Mode_Init                           0x080023ed   Thumb Code   262  can.o(i.CAN2_Mode_Init)
    CAN2_RX1_IRQHandler                      0x080024fd   Thumb Code    96  can.o(i.CAN2_RX1_IRQHandler)
    CAN_FilterInit                           0x08002569   Thumb Code   194  stm32f4xx_can.o(i.CAN_FilterInit)
    CAN_ITConfig                             0x08002635   Thumb Code    16  stm32f4xx_can.o(i.CAN_ITConfig)
    CAN_Init                                 0x08002645   Thumb Code   232  stm32f4xx_can.o(i.CAN_Init)
    CAN_Receive                              0x0800272d   Thumb Code   142  stm32f4xx_can.o(i.CAN_Receive)
    CAN_Transmit                             0x080027bb   Thumb Code   190  stm32f4xx_can.o(i.CAN_Transmit)
    Can_M1505b_I                             0x08002879   Thumb Code    72  can.o(i.Can_M1505b_I)
    Chassis_L_Task                           0x080028c5   Thumb Code    16  main.o(i.Chassis_L_Task)
    Chassis_R_Task                           0x080028d5   Thumb Code    16  main.o(i.Chassis_R_Task)
    Chebyshev50HzLPF                         0x080028e5   Thumb Code   188  filter_control.o(i.Chebyshev50HzLPF)
    DMA_ClearFlag                            0x080029ad   Thumb Code    32  stm32f4xx_dma.o(i.DMA_ClearFlag)
    DMA_Cmd                                  0x080029d9   Thumb Code    20  stm32f4xx_dma.o(i.DMA_Cmd)
    DMA_DeInit                               0x080029ed   Thumb Code   272  stm32f4xx_dma.o(i.DMA_DeInit)
    DMA_DoubleBufferModeCmd                  0x08002b11   Thumb Code    20  stm32f4xx_dma.o(i.DMA_DoubleBufferModeCmd)
    DMA_DoubleBufferModeConfig               0x08002b25   Thumb Code    22  stm32f4xx_dma.o(i.DMA_DoubleBufferModeConfig)
    DMA_GetCurrDataCounter                   0x08002b3b   Thumb Code     6  stm32f4xx_dma.o(i.DMA_GetCurrDataCounter)
    DMA_GetCurrentMemoryTarget               0x08002b41   Thumb Code    14  stm32f4xx_dma.o(i.DMA_GetCurrentMemoryTarget)
    DMA_Init                                 0x08002b51   Thumb Code    80  stm32f4xx_dma.o(i.DMA_Init)
    DMA_SetCurrDataCounter                   0x08002ba5   Thumb Code     4  stm32f4xx_dma.o(i.DMA_SetCurrDataCounter)
    DM_MIT                                   0x08002ba9   Thumb Code    70  can.o(i.DM_MIT)
    DebugMon_Handler                         0x08002bfd   Thumb Code     2  stm32f4xx_it.o(i.DebugMon_Handler)
    FLASH_ClearFlag                          0x08002c01   Thumb Code     6  stm32f4xx_flash.o(i.FLASH_ClearFlag)
    FLASH_EraseSector                        0x08002c0d   Thumb Code   104  stm32f4xx_flash.o(i.FLASH_EraseSector)
    FLASH_GetStatus                          0x08002c79   Thumb Code    56  stm32f4xx_flash.o(i.FLASH_GetStatus)
    FLASH_Lock                               0x08002cb5   Thumb Code    12  stm32f4xx_flash.o(i.FLASH_Lock)
    FLASH_ProgramByte                        0x08002cc5   Thumb Code    52  stm32f4xx_flash.o(i.FLASH_ProgramByte)
    FLASH_Unlock                             0x08002cfd   Thumb Code    22  stm32f4xx_flash.o(i.FLASH_Unlock)
    FLASH_WaitForLastOperation               0x08002d21   Thumb Code    30  stm32f4xx_flash.o(i.FLASH_WaitForLastOperation)
    FlashAllEraseBoot                        0x08002d3f   Thumb Code    28  bsp_flash.o(i.FlashAllEraseBoot)
    FlashReadK                               0x08002d5d   Thumb Code    20  bsp_flash.o(i.FlashReadK)
    FlashWriteK                              0x08002d75   Thumb Code    46  bsp_flash.o(i.FlashWriteK)
    GPIO_Init                                0x08002da9   Thumb Code   120  stm32f4xx_gpio.o(i.GPIO_Init)
    GPIO_PinAFConfig                         0x08002e21   Thumb Code    32  stm32f4xx_gpio.o(i.GPIO_PinAFConfig)
    GPIO_ResetBits                           0x08002e41   Thumb Code     4  stm32f4xx_gpio.o(i.GPIO_ResetBits)
    GPIO_SetBits                             0x08002e45   Thumb Code     4  stm32f4xx_gpio.o(i.GPIO_SetBits)
    GYRO_Filter                              0x08002e49   Thumb Code   112  imutask.o(i.GYRO_Filter)
    Get_Sys_Ticks                            0x08002ebd   Thumb Code    74  mpu_time_init.o(i.Get_Sys_Ticks)
    Gyro_Correct_Filter                      0x08002f11   Thumb Code    94  filter_control.o(i.Gyro_Correct_Filter)
    HardFault_Handler                        0x08002f81   Thumb Code     2  stm32f4xx_it.o(i.HardFault_Handler)
    IMU_Calibration                          0x08002f85   Thumb Code   110  imutask.o(i.IMU_Calibration)
    IMU_Task                                 0x08002ffd   Thumb Code   102  imutask.o(i.IMU_Task)
    Kalaman_feedback                         0x0800306d   Thumb Code   412  kalaman.o(i.Kalaman_feedback)
    Kalman_Filter_Init                       0x0800320d   Thumb Code   532  kalaman.o(i.Kalman_Filter_Init)
    MPU6500_1_init                           0x08003439   Thumb Code   302  bsp_mpu9250_init.o(i.MPU6500_1_init)
    MPU6500_2_init                           0x08003567   Thumb Code   302  bsp_mpu9250_init.o(i.MPU6500_2_init)
    MPU6500_Init                             0x08003695   Thumb Code    24  bsp_mpu9250_init.o(i.MPU6500_Init)
    MPU9250_Get_Accelerometer                0x080036ad   Thumb Code    82  bsp_mpu9250_init.o(i.MPU9250_Get_Accelerometer)
    MPU9250_Get_Gyroscope                    0x080036ff   Thumb Code   130  bsp_mpu9250_init.o(i.MPU9250_Get_Gyroscope)
    MPU9250_Get_Temperature                  0x08003781   Thumb Code    62  bsp_mpu9250_init.o(i.MPU9250_Get_Temperature)
    MPU9250_Read_Byte                        0x080037d1   Thumb Code    82  bsp_mpu9250_init.o(i.MPU9250_Read_Byte)
    MPU9250_Read_Len                         0x0800382d   Thumb Code   102  bsp_mpu9250_init.o(i.MPU9250_Read_Len)
    MPU9250_Write_Byte                       0x0800389d   Thumb Code    80  bsp_mpu9250_init.o(i.MPU9250_Write_Byte)
    MPUHEAT_configuration                    0x080038f5   Thumb Code    48  bsp_mpu9250_init.o(i.MPUHEAT_configuration)
    MPUHEAT_off                              0x08003929   Thumb Code     8  bsp_mpu9250_init.o(i.MPUHEAT_off)
    MPU_SPI_Configuration                    0x08003935   Thumb Code   138  bsp_mpu9250_init.o(i.MPU_SPI_Configuration)
    Mat2Quat                                 0x080039cd   Thumb Code   966  filter_control.o(i.Mat2Quat)
    Mat_Trans_d                              0x08003dbd   Thumb Code    92  filter_control.o(i.Mat_Trans_d)
    MemManage_Handler                        0x08003e19   Thumb Code     2  stm32f4xx_it.o(i.MemManage_Handler)
    NMI_Handler                              0x08003e1b   Thumb Code     2  stm32f4xx_it.o(i.NMI_Handler)
    NVIC_Init                                0x08003e1d   Thumb Code    96  misc.o(i.NVIC_Init)
    NVIC_PriorityGroupConfig                 0x08003e81   Thumb Code    10  misc.o(i.NVIC_PriorityGroupConfig)
    PID_Calc                                 0x08003e95   Thumb Code   294  pid.o(i.PID_Calc)
    RCC_AHB1PeriphClockCmd                   0x08003fc1   Thumb Code    18  stm32f4xx_rcc.o(i.RCC_AHB1PeriphClockCmd)
    RCC_APB1PeriphClockCmd                   0x08003fd9   Thumb Code    18  stm32f4xx_rcc.o(i.RCC_APB1PeriphClockCmd)
    RCC_APB1PeriphResetCmd                   0x08003ff1   Thumb Code    18  stm32f4xx_rcc.o(i.RCC_APB1PeriphResetCmd)
    RCC_APB2PeriphClockCmd                   0x08004009   Thumb Code    18  stm32f4xx_rcc.o(i.RCC_APB2PeriphClockCmd)
    RCC_APB2PeriphResetCmd                   0x08004021   Thumb Code    18  stm32f4xx_rcc.o(i.RCC_APB2PeriphResetCmd)
    RCC_GetClocksFreq                        0x08004039   Thumb Code   132  stm32f4xx_rcc.o(i.RCC_GetClocksFreq)
    RC_Init                                  0x080040c9   Thumb Code   304  rc.o(i.RC_Init)
    Roll_PID_Calc                            0x080042ad   Thumb Code   218  pid.o(i.Roll_PID_Calc)
    SPI1_Init                                0x08004441   Thumb Code   180  mpu_spi_init.o(i.SPI1_Init)
    SPI1_ReadWriteByte                       0x080044fd   Thumb Code    48  mpu_spi_init.o(i.SPI1_ReadWriteByte)
    SPI_Cmd                                  0x08004531   Thumb Code    20  stm32f4xx_spi.o(i.SPI_Cmd)
    SPI_I2S_GetFlagStatus                    0x08004545   Thumb Code    14  stm32f4xx_spi.o(i.SPI_I2S_GetFlagStatus)
    SPI_I2S_ReceiveData                      0x08004553   Thumb Code     4  stm32f4xx_spi.o(i.SPI_I2S_ReceiveData)
    SPI_I2S_SendData                         0x08004557   Thumb Code     4  stm32f4xx_spi.o(i.SPI_I2S_SendData)
    SPI_Init                                 0x0800455b   Thumb Code    56  stm32f4xx_spi.o(i.SPI_Init)
    SysTick_CLKSourceConfig                  0x08004649   Thumb Code    24  misc.o(i.SysTick_CLKSourceConfig)
    SysTick_Handler                          0x08004661   Thumb Code    20  delay.o(i.SysTick_Handler)
    SystemInit                               0x08004675   Thumb Code    74  system_stm32f4xx.o(i.SystemInit)
    TIM3_IRQHandler                          0x080046d1   Thumb Code    24  timer.o(i.TIM3_IRQHandler)
    TIM5_IRQHandler                          0x080046ed   Thumb Code    44  timer.o(i.TIM5_IRQHandler)
    TIM5_Init                                0x08004721   Thumb Code    88  timer.o(i.TIM5_Init)
    TIM_ClearITPendingBit                    0x0800477d   Thumb Code     6  stm32f4xx_tim.o(i.TIM_ClearITPendingBit)
    TIM_Cmd                                  0x08004783   Thumb Code    20  stm32f4xx_tim.o(i.TIM_Cmd)
    TIM_GetITStatus                          0x08004797   Thumb Code    24  stm32f4xx_tim.o(i.TIM_GetITStatus)
    TIM_ITConfig                             0x080047af   Thumb Code    16  stm32f4xx_tim.o(i.TIM_ITConfig)
    TIM_TimeBaseInit                         0x080047c1   Thumb Code    96  stm32f4xx_tim.o(i.TIM_TimeBaseInit)
    UART5_IRQHandler                         0x0800483d   Thumb Code    86  usart1.o(i.UART5_IRQHandler)
    USART2_IRQHandler                        0x0800489d   Thumb Code   230  remotecontrol.o(i.USART2_IRQHandler)
    USART_ClearFlag                          0x08004999   Thumb Code     6  stm32f4xx_usart.o(i.USART_ClearFlag)
    USART_ClearITPendingBit                  0x0800499f   Thumb Code    12  stm32f4xx_usart.o(i.USART_ClearITPendingBit)
    USART_Cmd                                0x080049ab   Thumb Code    20  stm32f4xx_usart.o(i.USART_Cmd)
    USART_DMACmd                             0x080049bf   Thumb Code    16  stm32f4xx_usart.o(i.USART_DMACmd)
    USART_DeInit                             0x080049d1   Thumb Code   138  stm32f4xx_usart.o(i.USART_DeInit)
    USART_GetITStatus                        0x08004a7d   Thumb Code    62  stm32f4xx_usart.o(i.USART_GetITStatus)
    USART_ITConfig                           0x08004abb   Thumb Code    48  stm32f4xx_usart.o(i.USART_ITConfig)
    USART_Init                               0x08004aed   Thumb Code   164  stm32f4xx_usart.o(i.USART_Init)
    USART_ReceiveData                        0x08004b99   Thumb Code     8  stm32f4xx_usart.o(i.USART_ReceiveData)
    UsageFault_Handler                       0x08004ba1   Thumb Code     2  stm32f4xx_it.o(i.UsageFault_Handler)
    __0printf$3                              0x08004ba5   Thumb Code    22  printf3.o(i.__0printf$3)
    __1printf$3                              0x08004ba5   Thumb Code     0  printf3.o(i.__0printf$3)
    __2printf                                0x08004ba5   Thumb Code     0  printf3.o(i.__0printf$3)
    __ARM_fpclassify                         0x08004bc5   Thumb Code    48  fpclassify.o(i.__ARM_fpclassify)
    __ARM_fpclassifyf                        0x08004bf5   Thumb Code    38  fpclassifyf.o(i.__ARM_fpclassifyf)
    __hardfp_asin                            0x08004c21   Thumb Code   770  asin.o(i.__hardfp_asin)
    __hardfp_atan                            0x08004f81   Thumb Code   622  atan.o(i.__hardfp_atan)
    __hardfp_atan2                           0x08005259   Thumb Code   448  atan2.o(i.__hardfp_atan2)
    __hardfp_atan2f                          0x08005459   Thumb Code   594  atan2f.o(i.__hardfp_atan2f)
    __hardfp_cos                             0x08005709   Thumb Code   180  cos.o(i.__hardfp_cos)
    __hardfp_sin                             0x080057d1   Thumb Code   180  sin.o(i.__hardfp_sin)
    __hardfp_sqrt                            0x08005899   Thumb Code   122  sqrt_full.o(i.__hardfp_sqrt)
    __ieee754_rem_pio2                       0x08005919   Thumb Code   938  rred.o(i.__ieee754_rem_pio2)
    __kernel_cos                             0x08005d51   Thumb Code   322  cos_i.o(i.__kernel_cos)
    __kernel_poly                            0x08005ec1   Thumb Code   248  poly.o(i.__kernel_poly)
    __kernel_sin                             0x08005fb9   Thumb Code   280  sin_i.o(i.__kernel_sin)
    __mathlib_dbl_infnan                     0x080060e9   Thumb Code    20  dunder.o(i.__mathlib_dbl_infnan)
    __mathlib_dbl_infnan2                    0x080060fd   Thumb Code    20  dunder.o(i.__mathlib_dbl_infnan2)
    __mathlib_dbl_invalid                    0x08006111   Thumb Code    24  dunder.o(i.__mathlib_dbl_invalid)
    __mathlib_dbl_underflow                  0x08006131   Thumb Code    24  dunder.o(i.__mathlib_dbl_underflow)
    __mathlib_flt_infnan2                    0x08006151   Thumb Code     6  funder.o(i.__mathlib_flt_infnan2)
    __mathlib_flt_underflow                  0x08006159   Thumb Code    10  funder.o(i.__mathlib_flt_underflow)
    __scatterload_copy                       0x08006169   Thumb Code    14  handlers.o(i.__scatterload_copy)
    __scatterload_null                       0x08006177   Thumb Code     2  handlers.o(i.__scatterload_null)
    __scatterload_zeroinit                   0x08006179   Thumb Code    14  handlers.o(i.__scatterload_zeroinit)
    __set_errno                              0x08006189   Thumb Code     6  errno.o(i.__set_errno)
    accel_data_update                        0x0800634d   Thumb Code    80  accelerometer_calibration.o(i.accel_data_update)
    accel_mat_init                           0x080063a9   Thumb Code   312  accelerometer_calibration.o(i.accel_mat_init)
    atan                                     0x080064ed   Thumb Code    16  atan.o(i.atan)
    caculate_mat                             0x080064fd   Thumb Code   132  accelerometer_calibration.o(i.caculate_mat)
    cali_accel_para                          0x08006585   Thumb Code   214  accelerometer_calibration.o(i.cali_accel_para)
    cali_fenction                            0x08006661   Thumb Code     4  accelerometer_calibration.o(i.cali_fenction)
    chassis_L_init                           0x08006665   Thumb Code   244  chassis_task.o(i.chassis_L_init)
    chassis_L_task                           0x08006785   Thumb Code  3574  chassis_task.o(i.chassis_L_task)
    chassis_R_init                           0x0800757d   Thumb Code    82  chassis_task.o(i.chassis_R_init)
    chassis_R_task                           0x080075e9   Thumb Code  3198  chassis_task.o(i.chassis_R_task)
    delay_init                               0x08008289   Thumb Code    50  delay.o(i.delay_init)
    fabs                                     0x080082c1   Thumb Code    24  fabs.o(i.fabs)
    float_to_uint                            0x080082d9   Thumb Code    40  can.o(i.float_to_uint)
    fp_Limit_mouse                           0x08008301   Thumb Code    32  chassis_task.o(i.fp_Limit_mouse)
    fputc                                    0x08008321   Thumb Code    18  fputc.o(i.fputc)
    invSqrt                                  0x08008341   Thumb Code    40  filter_control.o(i.invSqrt)
    main                                     0x0800836d   Thumb Code   136  main.o(i.main)
    mpu_delay_ms                             0x08008411   Thumb Code    24  mpu_delay.o(i.mpu_delay_ms)
    my_sqrt                                  0x08008429   Thumb Code    60  filter_control.o(i.my_sqrt)
    osKernelSysTick                          0x08008469   Thumb Code    24  cmsis_os.o(i.osKernelSysTick)
    pid_init                                 0x08008481   Thumb Code    54  pid.o(i.pid_init)
    pvPortMalloc                             0x08008d21   Thumb Code   214  heap_4.o(i.pvPortMalloc)
    pvTaskIncrementMutexHeldCount            0x08008e35   Thumb Code    18  tasks.o(i.pvTaskIncrementMutexHeldCount)
    pxPortInitialiseStack                    0x08008e4d   Thumb Code    40  port.o(i.pxPortInitialiseStack)
    rc_deadline                              0x08008e79   Thumb Code    12  chassis_task.o(i.rc_deadline)
    remote_control_init                      0x08008e85   Thumb Code    12  remotecontrol.o(i.remote_control_init)
    sqrt                                     0x08008e95   Thumb Code   110  sqrt_full.o(i.sqrt)
    start_task                               0x08008f05   Thumb Code    88  main.o(i.start_task)
    turn_PID_Calc                            0x08008f89   Thumb Code   198  pid.o(i.turn_PID_Calc)
    uint_to_float                            0x08009055   Thumb Code    40  can.o(i.uint_to_float)
    uxListRemove                             0x0800907d   Thumb Code    36  list.o(i.uxListRemove)
    vListInitialise                          0x080090a1   Thumb Code    22  list.o(i.vListInitialise)
    vListInitialiseItem                      0x080090b7   Thumb Code     6  list.o(i.vListInitialiseItem)
    vListInsert                              0x080090bd   Thumb Code    48  list.o(i.vListInsert)
    vListInsertEnd                           0x080090ed   Thumb Code    24  list.o(i.vListInsertEnd)
    vPortEnterCritical                       0x08009105   Thumb Code    50  port.o(i.vPortEnterCritical)
    vPortExitCritical                        0x0800917d   Thumb Code    34  port.o(i.vPortExitCritical)
    vPortFree                                0x080091e1   Thumb Code    94  heap_4.o(i.vPortFree)
    vPortSetupTimerInterrupt                 0x0800927d   Thumb Code    26  port.o(i.vPortSetupTimerInterrupt)
    vPortValidateInterruptPriority           0x0800929d   Thumb Code    70  port.o(i.vPortValidateInterruptPriority)
    vQueueAddToRegistry                      0x08009329   Thumb Code    32  queue.o(i.vQueueAddToRegistry)
    vQueueWaitForMessageRestricted           0x0800934d   Thumb Code    68  queue.o(i.vQueueWaitForMessageRestricted)
    vTaskDelay                               0x08009391   Thumb Code    62  tasks.o(i.vTaskDelay)
    vTaskDelete                              0x080093fd   Thumb Code   152  tasks.o(i.vTaskDelete)
    vTaskMissedYield                         0x080094c9   Thumb Code     8  tasks.o(i.vTaskMissedYield)
    vTaskPlaceOnEventList                    0x080094d5   Thumb Code    44  tasks.o(i.vTaskPlaceOnEventList)
    vTaskPlaceOnEventListRestricted          0x08009529   Thumb Code    52  tasks.o(i.vTaskPlaceOnEventListRestricted)
    vTaskPriorityInherit                     0x08009585   Thumb Code   124  tasks.o(i.vTaskPriorityInherit)
    vTaskSetTimeOutState                     0x08009609   Thumb Code    30  tasks.o(i.vTaskSetTimeOutState)
    vTaskStartScheduler                      0x08009651   Thumb Code    96  tasks.o(i.vTaskStartScheduler)
    vTaskSuspendAll                          0x080096e5   Thumb Code    10  tasks.o(i.vTaskSuspendAll)
    vTaskSwitchContext                       0x080096f5   Thumb Code    80  tasks.o(i.vTaskSwitchContext)
    xPortStartScheduler                      0x08009771   Thumb Code   196  port.o(i.xPortStartScheduler)
    xPortSysTickHandler                      0x08009885   Thumb Code    38  port.o(i.xPortSysTickHandler)
    xQueueGenericCreate                      0x080098b1   Thumb Code    82  queue.o(i.xQueueGenericCreate)
    xQueueGenericReceive                     0x08009929   Thumb Code   348  queue.o(i.xQueueGenericReceive)
    xQueueGenericReset                       0x08009aad   Thumb Code   128  queue.o(i.xQueueGenericReset)
    xQueueGenericSend                        0x08009b55   Thumb Code   350  queue.o(i.xQueueGenericSend)
    xQueueGenericSendFromISR                 0x08009cdd   Thumb Code   188  queue.o(i.xQueueGenericSendFromISR)
    xTaskCheckForTimeOut                     0x08009dbd   Thumb Code    94  tasks.o(i.xTaskCheckForTimeOut)
    xTaskCreate                              0x08009e45   Thumb Code    86  tasks.o(i.xTaskCreate)
    xTaskGetSchedulerState                   0x08009e9d   Thumb Code    22  tasks.o(i.xTaskGetSchedulerState)
    xTaskGetTickCount                        0x08009eb9   Thumb Code     6  tasks.o(i.xTaskGetTickCount)
    xTaskGetTickCountFromISR                 0x08009ec5   Thumb Code    12  tasks.o(i.xTaskGetTickCountFromISR)
    xTaskIncrementTick                       0x08009ed5   Thumb Code   188  tasks.o(i.xTaskIncrementTick)
    xTaskPriorityDisinherit                  0x08009fbd   Thumb Code   136  tasks.o(i.xTaskPriorityDisinherit)
    xTaskRemoveFromEventList                 0x0800a071   Thumb Code   102  tasks.o(i.xTaskRemoveFromEventList)
    xTaskResumeAll                           0x0800a109   Thumb Code   180  tasks.o(i.xTaskResumeAll)
    xTimerCreate                             0x0800a1ed   Thumb Code    74  timers.o(i.xTimerCreate)
    xTimerCreateTimerTask                    0x0800a261   Thumb Code    58  timers.o(i.xTimerCreateTimerTask)
    xTimerGenericCommand                     0x0800a2d5   Thumb Code    98  timers.o(i.xTimerGenericCommand)
    NUM                                      0x0800a368   Data         152  filter_control.o(.constdata)
    DEN                                      0x0800a400   Data         152  filter_control.o(.constdata)
    sinTable_f32                             0x0800a498   Data        2052  arm_common_tables.o(.constdata)
    __mathlib_zero                           0x0800adb8   Data           8  qnan.o(.constdata)
    Region$$Table$$Base                      0x0800aeb0   Number         0  anon$$obj.o(Region$$Table)
    Region$$Table$$Limit                     0x0800aed0   Number         0  anon$$obj.o(Region$$Table)
    StartTask_Handler                        0x20000000   Data           4  main.o(.data)
    Chassis_L_Task_Handler                   0x20000004   Data           4  main.o(.data)
    Chassis_R_Task_Handler                   0x20000008   Data           4  main.o(.data)
    IMUTask_Handler                          0x2000000c   Data           4  main.o(.data)
    SystemCoreClock                          0x20000010   Data           4  system_stm32f4xx.o(.data)
    AHBPrescTable                            0x20000014   Data          16  system_stm32f4xx.o(.data)
    Time_Add                                 0x20000028   Data           8  timer.o(.data)
    RxMessage_i                              0x20000034   Data           4  can.o(.data)
    Can_Tx_Data                              0x20000038   Data           6  can.o(.data)
    a                                        0x20000040   Data           8  can.o(.data)
    b                                        0x20000048   Data           8  can.o(.data)
    c                                        0x20000050   Data           8  can.o(.data)
    d                                        0x20000058   Data           8  can.o(.data)
    input_mode                               0x20000064   Data           4  remotecontrol.o(.data)
    last_input_mode                          0x20000068   Data           4  remotecontrol.o(.data)
    TxCOM5                                   0x20000070   Data           4  usart1.o(.data)
    RxCOM5                                   0x20000074   Data           4  usart1.o(.data)
    pxCurrentTCB                             0x20000088   Data           4  tasks.o(.data)
    Calibrateion_id                          0x200000fc   Data           4  accelerometer_calibration.o(.data)
    ahat_T                                   0x20000100   Data           8  accelerometer_calibration.o(.data)
    ahat                                     0x20000108   Data           8  accelerometer_calibration.o(.data)
    Ahat                                     0x20000110   Data           8  accelerometer_calibration.o(.data)
    K_m                                      0x20000118   Data           8  accelerometer_calibration.o(.data)
    uMat                                     0x20000120   Data           8  accelerometer_calibration.o(.data)
    uMat_mius                                0x20000128   Data           8  accelerometer_calibration.o(.data)
    P                                        0x20000130   Data           8  accelerometer_calibration.o(.data)
    K_ca                                     0x20000138   Data           8  accelerometer_calibration.o(.data)
    K_ca_mines                               0x20000140   Data           8  accelerometer_calibration.o(.data)
    a_m                                      0x20000148   Data           8  accelerometer_calibration.o(.data)
    ahat_T_data                              0x20000150   Data          96  accelerometer_calibration.o(.data)
    ahat_data                                0x200001b0   Data          96  accelerometer_calibration.o(.data)
    Z_M                                      0x20000210   Data           4  imutask.o(.data)
    test_flag                                0x20000258   Data           4  chassis_task.o(.data)
    err_speed1                               0x2000025c   Data           4  chassis_task.o(.data)
    err_speed2                               0x20000260   Data           4  chassis_task.o(.data)
    Time_L_Last                              0x20000268   Data           8  chassis_task.o(.data)
    Time_L_Delta                             0x20000270   Data           8  chassis_task.o(.data)
    Time_L_RUN                               0x20000278   Data           8  chassis_task.o(.data)
    Time_R_Last                              0x20000280   Data           8  chassis_task.o(.data)
    Time_R_Delta                             0x20000288   Data           8  chassis_task.o(.data)
    Time_R_RUN                               0x20000290   Data           8  chassis_task.o(.data)
    Poly_Coefficient                         0x20000298   Data         192  chassis_task.o(.data)
    sizeof_float                             0x20000358   Data           2  kalaman.o(.data)
    sizeof_double                            0x2000035a   Data           2  kalaman.o(.data)
    __stdout                                 0x2000035c   Data           4  stdout.o(.data)
    M1505B_data                              0x20000364   Data          32  can.o(.bss)
    DM_data                                  0x20000384   Data         112  can.o(.bss)
    RxMessage2                               0x200003f4   Data          20  can.o(.bss)
    rc_ctrl                                  0x20000408   Data          22  remotecontrol.o(.bss)
    xQueueRegistry                           0x20000468   Data          64  queue.o(.bss)
    Ahat_data                                0x200197b4   Data          72  accelerometer_calibration.o(.bss)
    K_m_data                                 0x200197fc   Data          48  accelerometer_calibration.o(.bss)
    uMat_data                                0x2001982c   Data          64  accelerometer_calibration.o(.bss)
    uMat_mius_data                           0x2001986c   Data          64  accelerometer_calibration.o(.bss)
    P_data                                   0x200198ac   Data          96  accelerometer_calibration.o(.bss)
    K_ca_data                                0x2001990c   Data          36  accelerometer_calibration.o(.bss)
    a_data                                   0x20019930   Data          12  accelerometer_calibration.o(.bss)
    K_ca_mines_data                          0x2001993c   Data          36  accelerometer_calibration.o(.bss)
    Gyro_Fiter_t                             0x20019960   Data        1776  filter_control.o(.bss)
    MPU9250_Real_Data                        0x2001a0c8   Data          40  imutask.o(.bss)
    MPU6500_Offest_data                      0x2001a118   Data          40  imutask.o(.bss)
    Angular_Handler                          0x2001a140   Data          24  imutask.o(.bss)
    leg_left                                 0x2001a16c   Data         884  chassis_task.o(.bss)
    leg_right                                0x2001a4e0   Data         884  chassis_task.o(.bss)
    Kalman0                                  0x2001a854   Data         536  kalaman.o(.bss)
    Kalman2                                  0x2001aa6c   Data         536  kalaman.o(.bss)
    __initial_sp                             0x2001b088   Data           0  startup_stm32f40_41xxx.o(STACK)



==============================================================================

Memory Map of the image

  Image Entry point : 0x08000189

  Load Region LR_IROM1 (Base: 0x08000000, Size: 0x0000b234, Max: 0x00100000, ABSOLUTE, COMPRESSED[0x0000afe0])

    Execution Region ER_IROM1 (Exec base: 0x08000000, Load base: 0x08000000, Size: 0x0000aed0, Max: 0x00100000, ABSOLUTE)

    Exec Addr    Load Addr    Size         Type   Attr      Idx    E Section Name        Object

    0x08000000   0x08000000   0x00000188   Data   RO          983    RESET               startup_stm32f40_41xxx.o
    0x08000188   0x08000188   0x00000000   Code   RO         8611  * .ARM.Collect$$$$00000000  mc_w.l(entry.o)
    0x08000188   0x08000188   0x00000004   Code   RO         8976    .ARM.Collect$$$$00000001  mc_w.l(entry2.o)
    0x0800018c   0x0800018c   0x00000004   Code   RO         8979    .ARM.Collect$$$$00000004  mc_w.l(entry5.o)
    0x08000190   0x08000190   0x00000000   Code   RO         8981    .ARM.Collect$$$$00000008  mc_w.l(entry7b.o)
    0x08000190   0x08000190   0x00000000   Code   RO         8983    .ARM.Collect$$$$0000000A  mc_w.l(entry8b.o)
    0x08000190   0x08000190   0x00000008   Code   RO         8984    .ARM.Collect$$$$0000000B  mc_w.l(entry9a.o)
    0x08000198   0x08000198   0x00000004   Code   RO         8991    .ARM.Collect$$$$0000000E  mc_w.l(entry12b.o)
    0x0800019c   0x0800019c   0x00000000   Code   RO         8986    .ARM.Collect$$$$0000000F  mc_w.l(entry10a.o)
    0x0800019c   0x0800019c   0x00000000   Code   RO         8988    .ARM.Collect$$$$00000011  mc_w.l(entry11a.o)
    0x0800019c   0x0800019c   0x00000004   Code   RO         8977    .ARM.Collect$$$$00002712  mc_w.l(entry2.o)
    0x080001a0   0x080001a0   0x000000b6   Code   RO         6961    .emb_text           port.o
    0x08000256   0x08000256   0x00000002   PAD
    0x08000258   0x08000258   0x00000024   Code   RO          984    .text               startup_stm32f40_41xxx.o
    0x0800027c   0x0800027c   0x00000078   Code   RO         8237    .text               arm_cortexM4lf_math.lib(arm_cos_f32.o)
    0x080002f4   0x080002f4   0x00000074   Code   RO         8290    .text               arm_cortexM4lf_math.lib(arm_sin_f32.o)
    0x08000368   0x08000368   0x00000108   Code   RO         8314    .text               arm_cortexM4lf_math.lib(arm_mat_add_f32.o)
    0x08000470   0x08000470   0x00000008   Code   RO         8338    .text               arm_cortexM4lf_math.lib(arm_mat_init_f32.o)
    0x08000478   0x08000478   0x00000530   Code   RO         8362    .text               arm_cortexM4lf_math.lib(arm_mat_inverse_f32.o)
    0x080009a8   0x080009a8   0x0000013c   Code   RO         8386    .text               arm_cortexM4lf_math.lib(arm_mat_mult_f32.o)
    0x08000ae4   0x08000ae4   0x00000108   Code   RO         8410    .text               arm_cortexM4lf_math.lib(arm_mat_sub_f32.o)
    0x08000bec   0x08000bec   0x00000114   Code   RO         8434    .text               arm_cortexM4lf_math.lib(arm_mat_trans_f32.o)
    0x08000d00   0x08000d00   0x00000024   Code   RO         8614    .text               mc_w.l(memcpya.o)
    0x08000d24   0x08000d24   0x00000024   Code   RO         8616    .text               mc_w.l(memseta.o)
    0x08000d48   0x08000d48   0x0000014e   Code   RO         8885    .text               mf_w.l(dadd.o)
    0x08000e96   0x08000e96   0x000000e4   Code   RO         8887    .text               mf_w.l(dmul.o)
    0x08000f7a   0x08000f7a   0x000000de   Code   RO         8889    .text               mf_w.l(ddiv.o)
    0x08001058   0x08001058   0x0000001c   Code   RO         8893    .text               mf_w.l(ffltul.o)
    0x08001074   0x08001074   0x00000022   Code   RO         8895    .text               mf_w.l(dflti.o)
    0x08001096   0x08001096   0x0000001a   Code   RO         8897    .text               mf_w.l(dfltui.o)
    0x080010b0   0x080010b0   0x00000026   Code   RO         8899    .text               mf_w.l(f2d.o)
    0x080010d6   0x080010d6   0x00000002   PAD
    0x080010d8   0x080010d8   0x00000030   Code   RO         8901    .text               mf_w.l(cdcmple.o)
    0x08001108   0x08001108   0x00000030   Code   RO         8903    .text               mf_w.l(cdrcmple.o)
    0x08001138   0x08001138   0x00000038   Code   RO         8905    .text               mf_w.l(d2f.o)
    0x08001170   0x08001170   0x0000002c   Code   RO         8995    .text               mc_w.l(uidiv.o)
    0x0800119c   0x0800119c   0x0000001e   Code   RO         8999    .text               mc_w.l(llshl.o)
    0x080011ba   0x080011ba   0x00000024   Code   RO         9001    .text               mc_w.l(llsshr.o)
    0x080011de   0x080011de   0x00000000   Code   RO         9010    .text               mc_w.l(iusefp.o)
    0x080011de   0x080011de   0x0000006e   Code   RO         9011    .text               mf_w.l(fepilogue.o)
    0x0800124c   0x0800124c   0x000000ba   Code   RO         9013    .text               mf_w.l(depilogue.o)
    0x08001306   0x08001306   0x000000a2   Code   RO         9015    .text               mf_w.l(dsqrt.o)
    0x080013a8   0x080013a8   0x00000024   Code   RO         9019    .text               mc_w.l(init.o)
    0x080013cc   0x080013cc   0x00000000   Code   RO         9021    .text               mc_w.l(semi.o)
    0x080013cc   0x080013cc   0x00000020   Code   RO         9022    .text               mc_w.l(llushr.o)
    0x080013ec   0x080013ec   0x00000000   Code   RO         9024    .text               mc_w.l(iusesemip.o)
    0x080013ec   0x080013ec   0x0000003e   Code   RO         9025    .text               mf_w.l(dfixi.o)
    0x0800142a   0x0800142a   0x00000056   Code   RO         9035    .text               mc_w.l(__dczerorl2.o)
    0x08001480   0x08001480   0x00000224   Code   RO         7457    i.ACCEL_Calibration  imutask.o
    0x080016a4   0x080016a4   0x00000098   Code   RO         7458    i.ACCEL_Filter      imutask.o
    0x0800173c   0x0800173c   0x000005d0   Code   RO         7459    i.AHRSUpdate_GraDes_Delay_Corretion  imutask.o
    0x08001d0c   0x08001d0c   0x0000000c   Code   RO         7351    i.Acce_Correct_Filter  filter_control.o
    0x08001d18   0x08001d18   0x000000bc   Code   RO         7460    i.Accel_calibration_get  imutask.o
    0x08001dd4   0x08001dd4   0x00000350   Code   RO         7352    i.Atti2Mat_d        filter_control.o
    0x08002124   0x08002124   0x00000002   Code   RO          277    i.BusFault_Handler  stm32f4xx_it.o
    0x08002126   0x08002126   0x00000002   PAD
    0x08002128   0x08002128   0x000000fc   Code   RO          479    i.CAN1_Mode_Init    can.o
    0x08002224   0x08002224   0x00000130   Code   RO          480    i.CAN1_RX0_IRQHandler  can.o
    0x08002354   0x08002354   0x0000004c   Code   RO          483    i.CAN1_SetMsg_damiao_exit  can.o
    0x080023a0   0x080023a0   0x0000004c   Code   RO          486    i.CAN1_SetMsg_damiao_start  can.o
    0x080023ec   0x080023ec   0x00000110   Code   RO          488    i.CAN2_Mode_Init    can.o
    0x080024fc   0x080024fc   0x0000006c   Code   RO          489    i.CAN2_RX1_IRQHandler  can.o
    0x08002568   0x08002568   0x000000cc   Code   RO         2269    i.CAN_FilterInit    stm32f4xx_can.o
    0x08002634   0x08002634   0x00000010   Code   RO         2275    i.CAN_ITConfig      stm32f4xx_can.o
    0x08002644   0x08002644   0x000000e8   Code   RO         2276    i.CAN_Init          stm32f4xx_can.o
    0x0800272c   0x0800272c   0x0000008e   Code   RO         2279    i.CAN_Receive       stm32f4xx_can.o
    0x080027ba   0x080027ba   0x000000be   Code   RO         2284    i.CAN_Transmit      stm32f4xx_can.o
    0x08002878   0x08002878   0x0000004c   Code   RO          497    i.Can_M1505b_I      can.o
    0x080028c4   0x080028c4   0x00000010   Code   RO            3    i.Chassis_L_Task    main.o
    0x080028d4   0x080028d4   0x00000010   Code   RO            4    i.Chassis_R_Task    main.o
    0x080028e4   0x080028e4   0x000000c8   Code   RO         7353    i.Chebyshev50HzLPF  filter_control.o
    0x080029ac   0x080029ac   0x0000002c   Code   RO         2426    i.DMA_ClearFlag     stm32f4xx_dma.o
    0x080029d8   0x080029d8   0x00000014   Code   RO         2428    i.DMA_Cmd           stm32f4xx_dma.o
    0x080029ec   0x080029ec   0x00000124   Code   RO         2429    i.DMA_DeInit        stm32f4xx_dma.o
    0x08002b10   0x08002b10   0x00000014   Code   RO         2430    i.DMA_DoubleBufferModeCmd  stm32f4xx_dma.o
    0x08002b24   0x08002b24   0x00000016   Code   RO         2431    i.DMA_DoubleBufferModeConfig  stm32f4xx_dma.o
    0x08002b3a   0x08002b3a   0x00000006   Code   RO         2434    i.DMA_GetCurrDataCounter  stm32f4xx_dma.o
    0x08002b40   0x08002b40   0x0000000e   Code   RO         2435    i.DMA_GetCurrentMemoryTarget  stm32f4xx_dma.o
    0x08002b4e   0x08002b4e   0x00000002   PAD
    0x08002b50   0x08002b50   0x00000054   Code   RO         2440    i.DMA_Init          stm32f4xx_dma.o
    0x08002ba4   0x08002ba4   0x00000004   Code   RO         2443    i.DMA_SetCurrDataCounter  stm32f4xx_dma.o
    0x08002ba8   0x08002ba8   0x00000054   Code   RO          499    i.DM_MIT            can.o
    0x08002bfc   0x08002bfc   0x00000002   Code   RO          278    i.DebugMon_Handler  stm32f4xx_it.o
    0x08002bfe   0x08002bfe   0x00000002   PAD
    0x08002c00   0x08002c00   0x0000000c   Code   RO         2554    i.FLASH_ClearFlag   stm32f4xx_flash.o
    0x08002c0c   0x08002c0c   0x0000006c   Code   RO         2560    i.FLASH_EraseSector  stm32f4xx_flash.o
    0x08002c78   0x08002c78   0x0000003c   Code   RO         2562    i.FLASH_GetStatus   stm32f4xx_flash.o
    0x08002cb4   0x08002cb4   0x00000010   Code   RO         2566    i.FLASH_Lock        stm32f4xx_flash.o
    0x08002cc4   0x08002cc4   0x00000038   Code   RO         2587    i.FLASH_ProgramByte  stm32f4xx_flash.o
    0x08002cfc   0x08002cfc   0x00000024   Code   RO         2592    i.FLASH_Unlock      stm32f4xx_flash.o
    0x08002d20   0x08002d20   0x0000001e   Code   RO         2593    i.FLASH_WaitForLastOperation  stm32f4xx_flash.o
    0x08002d3e   0x08002d3e   0x0000001c   Code   RO         7159    i.FlashAllEraseBoot  bsp_flash.o
    0x08002d5a   0x08002d5a   0x00000002   PAD
    0x08002d5c   0x08002d5c   0x00000018   Code   RO         7162    i.FlashReadK        bsp_flash.o
    0x08002d74   0x08002d74   0x00000034   Code   RO         7163    i.FlashWriteK       bsp_flash.o
    0x08002da8   0x08002da8   0x00000078   Code   RO         1035    i.GPIO_Init         stm32f4xx_gpio.o
    0x08002e20   0x08002e20   0x00000020   Code   RO         1036    i.GPIO_PinAFConfig  stm32f4xx_gpio.o
    0x08002e40   0x08002e40   0x00000004   Code   RO         1042    i.GPIO_ResetBits    stm32f4xx_gpio.o
    0x08002e44   0x08002e44   0x00000004   Code   RO         1043    i.GPIO_SetBits      stm32f4xx_gpio.o
    0x08002e48   0x08002e48   0x00000074   Code   RO         7463    i.GYRO_Filter       imutask.o
    0x08002ebc   0x08002ebc   0x00000054   Code   RO         7641    i.Get_Sys_Ticks     mpu_time_init.o
    0x08002f10   0x08002f10   0x00000070   Code   RO         7355    i.Gyro_Correct_Filter  filter_control.o
    0x08002f80   0x08002f80   0x00000002   Code   RO          279    i.HardFault_Handler  stm32f4xx_it.o
    0x08002f82   0x08002f82   0x00000002   PAD
    0x08002f84   0x08002f84   0x00000078   Code   RO         7464    i.IMU_Calibration   imutask.o
    0x08002ffc   0x08002ffc   0x00000070   Code   RO         7465    i.IMU_Task          imutask.o
    0x0800306c   0x0800306c   0x000001a0   Code   RO         8198    i.Kalaman_feedback  kalaman.o
    0x0800320c   0x0800320c   0x0000022c   Code   RO         8199    i.Kalman_Filter_Init  kalaman.o
    0x08003438   0x08003438   0x0000012e   Code   RO         7212    i.MPU6500_1_init    bsp_mpu9250_init.o
    0x08003566   0x08003566   0x0000012e   Code   RO         7213    i.MPU6500_2_init    bsp_mpu9250_init.o
    0x08003694   0x08003694   0x00000018   Code   RO         7214    i.MPU6500_Init      bsp_mpu9250_init.o
    0x080036ac   0x080036ac   0x00000052   Code   RO         7215    i.MPU9250_Get_Accelerometer  bsp_mpu9250_init.o
    0x080036fe   0x080036fe   0x00000082   Code   RO         7216    i.MPU9250_Get_Gyroscope  bsp_mpu9250_init.o
    0x08003780   0x08003780   0x00000050   Code   RO         7218    i.MPU9250_Get_Temperature  bsp_mpu9250_init.o
    0x080037d0   0x080037d0   0x0000005c   Code   RO         7220    i.MPU9250_Read_Byte  bsp_mpu9250_init.o
    0x0800382c   0x0800382c   0x00000070   Code   RO         7221    i.MPU9250_Read_Len  bsp_mpu9250_init.o
    0x0800389c   0x0800389c   0x00000058   Code   RO         7224    i.MPU9250_Write_Byte  bsp_mpu9250_init.o
    0x080038f4   0x080038f4   0x00000034   Code   RO         7226    i.MPUHEAT_configuration  bsp_mpu9250_init.o
    0x08003928   0x08003928   0x0000000c   Code   RO         7227    i.MPUHEAT_off       bsp_mpu9250_init.o
    0x08003934   0x08003934   0x00000098   Code   RO         7229    i.MPU_SPI_Configuration  bsp_mpu9250_init.o
    0x080039cc   0x080039cc   0x000003f0   Code   RO         7357    i.Mat2Quat          filter_control.o
    0x08003dbc   0x08003dbc   0x0000005c   Code   RO         7358    i.Mat_Trans_d       filter_control.o
    0x08003e18   0x08003e18   0x00000002   Code   RO          280    i.MemManage_Handler  stm32f4xx_it.o
    0x08003e1a   0x08003e1a   0x00000002   Code   RO          281    i.NMI_Handler       stm32f4xx_it.o
    0x08003e1c   0x08003e1c   0x00000064   Code   RO          990    i.NVIC_Init         misc.o
    0x08003e80   0x08003e80   0x00000014   Code   RO          991    i.NVIC_PriorityGroupConfig  misc.o
    0x08003e94   0x08003e94   0x0000012c   Code   RO          647    i.PID_Calc          pid.o
    0x08003fc0   0x08003fc0   0x00000018   Code   RO         1132    i.RCC_AHB1PeriphClockCmd  stm32f4xx_rcc.o
    0x08003fd8   0x08003fd8   0x00000018   Code   RO         1141    i.RCC_APB1PeriphClockCmd  stm32f4xx_rcc.o
    0x08003ff0   0x08003ff0   0x00000018   Code   RO         1143    i.RCC_APB1PeriphResetCmd  stm32f4xx_rcc.o
    0x08004008   0x08004008   0x00000018   Code   RO         1144    i.RCC_APB2PeriphClockCmd  stm32f4xx_rcc.o
    0x08004020   0x08004020   0x00000018   Code   RO         1146    i.RCC_APB2PeriphResetCmd  stm32f4xx_rcc.o
    0x08004038   0x08004038   0x00000090   Code   RO         1153    i.RCC_GetClocksFreq  stm32f4xx_rcc.o
    0x080040c8   0x080040c8   0x00000140   Code   RO          829    i.RC_Init           rc.o
    0x08004208   0x08004208   0x000000a4   Code   RO          731    i.RC_MODE_CONTROL   remotecontrol.o
    0x080042ac   0x080042ac   0x000000e0   Code   RO          654    i.Roll_PID_Calc     pid.o
    0x0800438c   0x0800438c   0x000000b4   Code   RO          734    i.SBUS_TO_RC        remotecontrol.o
    0x08004440   0x08004440   0x000000bc   Code   RO         7601    i.SPI1_Init         mpu_spi_init.o
    0x080044fc   0x080044fc   0x00000034   Code   RO         7602    i.SPI1_ReadWriteByte  mpu_spi_init.o
    0x08004530   0x08004530   0x00000014   Code   RO         2843    i.SPI_Cmd           stm32f4xx_spi.o
    0x08004544   0x08004544   0x0000000e   Code   RO         2851    i.SPI_I2S_GetFlagStatus  stm32f4xx_spi.o
    0x08004552   0x08004552   0x00000004   Code   RO         2854    i.SPI_I2S_ReceiveData  stm32f4xx_spi.o
    0x08004556   0x08004556   0x00000004   Code   RO         2855    i.SPI_I2S_SendData  stm32f4xx_spi.o
    0x0800455a   0x0800455a   0x00000038   Code   RO         2856    i.SPI_Init          stm32f4xx_spi.o
    0x08004592   0x08004592   0x00000002   PAD
    0x08004594   0x08004594   0x000000b4   Code   RO          356    i.SetSysClock       system_stm32f4xx.o
    0x08004648   0x08004648   0x00000018   Code   RO          994    i.SysTick_CLKSourceConfig  misc.o
    0x08004660   0x08004660   0x00000014   Code   RO          887    i.SysTick_Handler   delay.o
    0x08004674   0x08004674   0x0000005c   Code   RO          358    i.SystemInit        system_stm32f4xx.o
    0x080046d0   0x080046d0   0x0000001c   Code   RO          435    i.TIM3_IRQHandler   timer.o
    0x080046ec   0x080046ec   0x00000034   Code   RO          437    i.TIM5_IRQHandler   timer.o
    0x08004720   0x08004720   0x0000005c   Code   RO          438    i.TIM5_Init         timer.o
    0x0800477c   0x0800477c   0x00000006   Code   RO         1663    i.TIM_ClearITPendingBit  stm32f4xx_tim.o
    0x08004782   0x08004782   0x00000014   Code   RO         1668    i.TIM_Cmd           stm32f4xx_tim.o
    0x08004796   0x08004796   0x00000018   Code   RO         1689    i.TIM_GetITStatus   stm32f4xx_tim.o
    0x080047ae   0x080047ae   0x00000010   Code   RO         1693    i.TIM_ITConfig      stm32f4xx_tim.o
    0x080047be   0x080047be   0x00000002   PAD
    0x080047c0   0x080047c0   0x0000007c   Code   RO         1740    i.TIM_TimeBaseInit  stm32f4xx_tim.o
    0x0800483c   0x0800483c   0x00000060   Code   RO          952    i.UART5_IRQHandler  usart1.o
    0x0800489c   0x0800489c   0x000000fc   Code   RO          735    i.USART2_IRQHandler  remotecontrol.o
    0x08004998   0x08004998   0x00000006   Code   RO         1466    i.USART_ClearFlag   stm32f4xx_usart.o
    0x0800499e   0x0800499e   0x0000000c   Code   RO         1467    i.USART_ClearITPendingBit  stm32f4xx_usart.o
    0x080049aa   0x080049aa   0x00000014   Code   RO         1470    i.USART_Cmd         stm32f4xx_usart.o
    0x080049be   0x080049be   0x00000010   Code   RO         1471    i.USART_DMACmd      stm32f4xx_usart.o
    0x080049ce   0x080049ce   0x00000002   PAD
    0x080049d0   0x080049d0   0x000000ac   Code   RO         1472    i.USART_DeInit      stm32f4xx_usart.o
    0x08004a7c   0x08004a7c   0x0000003e   Code   RO         1474    i.USART_GetITStatus  stm32f4xx_usart.o
    0x08004aba   0x08004aba   0x00000030   Code   RO         1476    i.USART_ITConfig    stm32f4xx_usart.o
    0x08004aea   0x08004aea   0x00000002   PAD
    0x08004aec   0x08004aec   0x000000ac   Code   RO         1477    i.USART_Init        stm32f4xx_usart.o
    0x08004b98   0x08004b98   0x00000008   Code   RO         1484    i.USART_ReceiveData  stm32f4xx_usart.o
    0x08004ba0   0x08004ba0   0x00000002   Code   RO          282    i.UsageFault_Handler  stm32f4xx_it.o
    0x08004ba2   0x08004ba2   0x00000002   PAD
    0x08004ba4   0x08004ba4   0x00000020   Code   RO         8713    i.__0printf$3       mc_w.l(printf3.o)
    0x08004bc4   0x08004bc4   0x00000030   Code   RO         8944    i.__ARM_fpclassify  m_wm.l(fpclassify.o)
    0x08004bf4   0x08004bf4   0x00000026   Code   RO         8946    i.__ARM_fpclassifyf  m_wm.l(fpclassifyf.o)
    0x08004c1a   0x08004c1a   0x00000006   PAD
    0x08004c20   0x08004c20   0x00000360   Code   RO         8537    i.__hardfp_asin     m_wm.l(asin.o)
    0x08004f80   0x08004f80   0x000002d8   Code   RO         8907    i.__hardfp_atan     m_wm.l(atan.o)
    0x08005258   0x08005258   0x00000200   Code   RO         8551    i.__hardfp_atan2    m_wm.l(atan2.o)
    0x08005458   0x08005458   0x000002ac   Code   RO         8563    i.__hardfp_atan2f   m_wm.l(atan2f.o)
    0x08005704   0x08005704   0x00000004   PAD
    0x08005708   0x08005708   0x000000c8   Code   RO         8575    i.__hardfp_cos      m_wm.l(cos.o)
    0x080057d0   0x080057d0   0x000000c8   Code   RO         8587    i.__hardfp_sin      m_wm.l(sin.o)
    0x08005898   0x08005898   0x0000007a   Code   RO         8599    i.__hardfp_sqrt     m_wm.l(sqrt_full.o)
    0x08005912   0x08005912   0x00000006   PAD
    0x08005918   0x08005918   0x00000438   Code   RO         8965    i.__ieee754_rem_pio2  m_wm.l(rred.o)
    0x08005d50   0x08005d50   0x00000170   Code   RO         8921    i.__kernel_cos      m_wm.l(cos_i.o)
    0x08005ec0   0x08005ec0   0x000000f8   Code   RO         8962    i.__kernel_poly     m_wm.l(poly.o)
    0x08005fb8   0x08005fb8   0x00000130   Code   RO         8970    i.__kernel_sin      m_wm.l(sin_i.o)
    0x080060e8   0x080060e8   0x00000014   Code   RO         8925    i.__mathlib_dbl_infnan  m_wm.l(dunder.o)
    0x080060fc   0x080060fc   0x00000014   Code   RO         8926    i.__mathlib_dbl_infnan2  m_wm.l(dunder.o)
    0x08006110   0x08006110   0x00000020   Code   RO         8927    i.__mathlib_dbl_invalid  m_wm.l(dunder.o)
    0x08006130   0x08006130   0x00000020   Code   RO         8930    i.__mathlib_dbl_underflow  m_wm.l(dunder.o)
    0x08006150   0x08006150   0x00000006   Code   RO         8950    i.__mathlib_flt_infnan2  m_wm.l(funder.o)
    0x08006156   0x08006156   0x00000002   PAD
    0x08006158   0x08006158   0x00000010   Code   RO         8954    i.__mathlib_flt_underflow  m_wm.l(funder.o)
    0x08006168   0x08006168   0x0000000e   Code   RO         9029    i.__scatterload_copy  mc_w.l(handlers.o)
    0x08006176   0x08006176   0x00000002   Code   RO         9030    i.__scatterload_null  mc_w.l(handlers.o)
    0x08006178   0x08006178   0x0000000e   Code   RO         9031    i.__scatterload_zeroinit  mc_w.l(handlers.o)
    0x08006186   0x08006186   0x00000002   PAD
    0x08006188   0x08006188   0x0000000c   Code   RO         9005    i.__set_errno       mc_w.l(errno.o)
    0x08006194   0x08006194   0x000001b8   Code   RO         8720    i._printf_core      mc_w.l(printf3.o)
    0x0800634c   0x0800634c   0x0000005c   Code   RO         7103    i.accel_data_update  accelerometer_calibration.o
    0x080063a8   0x080063a8   0x00000144   Code   RO         7104    i.accel_mat_init    accelerometer_calibration.o
    0x080064ec   0x080064ec   0x00000010   Code   RO         8909    i.atan              m_wm.l(atan.o)
    0x080064fc   0x080064fc   0x00000088   Code   RO         7105    i.caculate_mat      accelerometer_calibration.o
    0x08006584   0x08006584   0x000000dc   Code   RO         7106    i.cali_accel_para   accelerometer_calibration.o
    0x08006660   0x08006660   0x00000004   Code   RO         7107    i.cali_fenction     accelerometer_calibration.o
    0x08006664   0x08006664   0x00000120   Code   RO         7671    i.chassis_L_init    chassis_task.o
    0x08006784   0x08006784   0x00000df6   Code   RO         7672    i.chassis_L_task    chassis_task.o
    0x0800757a   0x0800757a   0x00000002   PAD
    0x0800757c   0x0800757c   0x0000006c   Code   RO         7673    i.chassis_R_init    chassis_task.o
    0x080075e8   0x080075e8   0x00000ca0   Code   RO         7674    i.chassis_R_task    chassis_task.o
    0x08008288   0x08008288   0x00000038   Code   RO          888    i.delay_init        delay.o
    0x080082c0   0x080082c0   0x00000018   Code   RO         8940    i.fabs              m_wm.l(fabs.o)
    0x080082d8   0x080082d8   0x00000028   Code   RO          500    i.float_to_uint     can.o
    0x08008300   0x08008300   0x00000020   Code   RO         7675    i.fp_Limit_mouse    chassis_task.o
    0x08008320   0x08008320   0x00000012   Code   RO         8992    i.fputc             mc_w.l(fputc.o)
    0x08008332   0x08008332   0x0000000c   Code   RO         6593    i.inHandlerMode     cmsis_os.o
    0x0800833e   0x0800833e   0x00000002   PAD
    0x08008340   0x08008340   0x0000002c   Code   RO         7360    i.invSqrt           filter_control.o
    0x0800836c   0x0800836c   0x000000a4   Code   RO            5    i.main              main.o
    0x08008410   0x08008410   0x00000018   Code   RO         7581    i.mpu_delay_ms      mpu_delay.o
    0x08008428   0x08008428   0x00000040   Code   RO         7361    i.my_sqrt           filter_control.o
    0x08008468   0x08008468   0x00000018   Code   RO         6601    i.osKernelSysTick   cmsis_os.o
    0x08008480   0x08008480   0x0000003c   Code   RO          655    i.pid_init          pid.o
    0x080084bc   0x080084bc   0x00000070   Code   RO         6112    i.prvAddCurrentTaskToDelayedList  tasks.o
    0x0800852c   0x0800852c   0x000000d0   Code   RO         6113    i.prvAddNewTaskToReadyList  tasks.o
    0x080085fc   0x080085fc   0x00000050   Code   RO         6465    i.prvCheckForValidListAndQueue  timers.o
    0x0800864c   0x0800864c   0x00000054   Code   RO         6114    i.prvCheckTasksWaitingTermination  tasks.o
    0x080086a0   0x080086a0   0x00000026   Code   RO         5886    i.prvCopyDataFromQueue  queue.o
    0x080086c6   0x080086c6   0x0000006c   Code   RO         5887    i.prvCopyDataToQueue  queue.o
    0x08008732   0x08008732   0x00000014   Code   RO         6115    i.prvDeleteTCB      tasks.o
    0x08008746   0x08008746   0x00000002   PAD
    0x08008748   0x08008748   0x0000004c   Code   RO         7046    i.prvHeapInit       heap_4.o
    0x08008794   0x08008794   0x00000028   Code   RO         6116    i.prvIdleTask       tasks.o
    0x080087bc   0x080087bc   0x000000c0   Code   RO         6117    i.prvInitialiseNewTask  tasks.o
    0x0800887c   0x0800887c   0x0000004c   Code   RO         7047    i.prvInsertBlockIntoFreeList  heap_4.o
    0x080088c8   0x080088c8   0x00000038   Code   RO         6466    i.prvInsertTimerInActiveList  timers.o
    0x08008900   0x08008900   0x0000001a   Code   RO         5888    i.prvIsQueueEmpty   queue.o
    0x0800891a   0x0800891a   0x00000002   PAD
    0x0800891c   0x0800891c   0x00000090   Code   RO         5889    i.prvNotifyQueueSetContainer  queue.o
    0x080089ac   0x080089ac   0x00000060   Code   RO         6467    i.prvProcessExpiredTimer  timers.o
    0x08008a0c   0x08008a0c   0x000000f0   Code   RO         6468    i.prvProcessReceivedCommands  timers.o
    0x08008afc   0x08008afc   0x0000006c   Code   RO         6469    i.prvProcessTimerOrBlockTask  timers.o
    0x08008b68   0x08008b68   0x00000020   Code   RO         6119    i.prvResetNextTaskUnblockTime  tasks.o
    0x08008b88   0x08008b88   0x00000028   Code   RO         6470    i.prvSampleTimeNow  timers.o
    0x08008bb0   0x08008bb0   0x0000006c   Code   RO         6471    i.prvSwitchTimerLists  timers.o
    0x08008c1c   0x08008c1c   0x00000064   Code   RO         6962    i.prvTaskExitError  port.o
    0x08008c80   0x08008c80   0x00000028   Code   RO         6472    i.prvTimerTask      timers.o
    0x08008ca8   0x08008ca8   0x00000078   Code   RO         5890    i.prvUnlockQueue    queue.o
    0x08008d20   0x08008d20   0x00000114   Code   RO         7048    i.pvPortMalloc      heap_4.o
    0x08008e34   0x08008e34   0x00000018   Code   RO         6121    i.pvTaskIncrementMutexHeldCount  tasks.o
    0x08008e4c   0x08008e4c   0x0000002c   Code   RO         6963    i.pxPortInitialiseStack  port.o
    0x08008e78   0x08008e78   0x0000000c   Code   RO         7677    i.rc_deadline       chassis_task.o
    0x08008e84   0x08008e84   0x00000010   Code   RO          737    i.remote_control_init  remotecontrol.o
    0x08008e94   0x08008e94   0x0000006e   Code   RO         8601    i.sqrt              m_wm.l(sqrt_full.o)
    0x08008f02   0x08008f02   0x00000002   PAD
    0x08008f04   0x08008f04   0x00000084   Code   RO            6    i.start_task        main.o
    0x08008f88   0x08008f88   0x000000cc   Code   RO          657    i.turn_PID_Calc     pid.o
    0x08009054   0x08009054   0x00000028   Code   RO          501    i.uint_to_float     can.o
    0x0800907c   0x0800907c   0x00000024   Code   RO         5841    i.uxListRemove      list.o
    0x080090a0   0x080090a0   0x00000016   Code   RO         5842    i.vListInitialise   list.o
    0x080090b6   0x080090b6   0x00000006   Code   RO         5843    i.vListInitialiseItem  list.o
    0x080090bc   0x080090bc   0x00000030   Code   RO         5844    i.vListInsert       list.o
    0x080090ec   0x080090ec   0x00000018   Code   RO         5845    i.vListInsertEnd    list.o
    0x08009104   0x08009104   0x00000078   Code   RO         6965    i.vPortEnterCritical  port.o
    0x0800917c   0x0800917c   0x00000064   Code   RO         6966    i.vPortExitCritical  port.o
    0x080091e0   0x080091e0   0x0000009c   Code   RO         7049    i.vPortFree         heap_4.o
    0x0800927c   0x0800927c   0x00000020   Code   RO         6967    i.vPortSetupTimerInterrupt  port.o
    0x0800929c   0x0800929c   0x0000008c   Code   RO         6968    i.vPortValidateInterruptPriority  port.o
    0x08009328   0x08009328   0x00000024   Code   RO         5896    i.vQueueAddToRegistry  queue.o
    0x0800934c   0x0800934c   0x00000044   Code   RO         5900    i.vQueueWaitForMessageRestricted  queue.o
    0x08009390   0x08009390   0x0000006c   Code   RO         6129    i.vTaskDelay        tasks.o
    0x080093fc   0x080093fc   0x000000cc   Code   RO         6131    i.vTaskDelete       tasks.o
    0x080094c8   0x080094c8   0x0000000c   Code   RO         6135    i.vTaskMissedYield  tasks.o
    0x080094d4   0x080094d4   0x00000054   Code   RO         6137    i.vTaskPlaceOnEventList  tasks.o
    0x08009528   0x08009528   0x0000005c   Code   RO         6138    i.vTaskPlaceOnEventListRestricted  tasks.o
    0x08009584   0x08009584   0x00000084   Code   RO         6140    i.vTaskPriorityInherit  tasks.o
    0x08009608   0x08009608   0x00000048   Code   RO         6144    i.vTaskSetTimeOutState  tasks.o
    0x08009650   0x08009650   0x00000094   Code   RO         6145    i.vTaskStartScheduler  tasks.o
    0x080096e4   0x080096e4   0x00000010   Code   RO         6147    i.vTaskSuspendAll   tasks.o
    0x080096f4   0x080096f4   0x0000007c   Code   RO         6148    i.vTaskSwitchContext  tasks.o
    0x08009770   0x08009770   0x00000114   Code   RO         6969    i.xPortStartScheduler  port.o
    0x08009884   0x08009884   0x0000002c   Code   RO         6970    i.xPortSysTickHandler  port.o
    0x080098b0   0x080098b0   0x00000078   Code   RO         5905    i.xQueueGenericCreate  queue.o
    0x08009928   0x08009928   0x00000184   Code   RO         5906    i.xQueueGenericReceive  queue.o
    0x08009aac   0x08009aac   0x000000a8   Code   RO         5907    i.xQueueGenericReset  queue.o
    0x08009b54   0x08009b54   0x00000188   Code   RO         5908    i.xQueueGenericSend  queue.o
    0x08009cdc   0x08009cdc   0x000000e0   Code   RO         5909    i.xQueueGenericSendFromISR  queue.o
    0x08009dbc   0x08009dbc   0x00000088   Code   RO         6149    i.xTaskCheckForTimeOut  tasks.o
    0x08009e44   0x08009e44   0x00000056   Code   RO         6150    i.xTaskCreate       tasks.o
    0x08009e9a   0x08009e9a   0x00000002   PAD
    0x08009e9c   0x08009e9c   0x0000001c   Code   RO         6154    i.xTaskGetSchedulerState  tasks.o
    0x08009eb8   0x08009eb8   0x0000000c   Code   RO         6155    i.xTaskGetTickCount  tasks.o
    0x08009ec4   0x08009ec4   0x00000010   Code   RO         6156    i.xTaskGetTickCountFromISR  tasks.o
    0x08009ed4   0x08009ed4   0x000000e8   Code   RO         6157    i.xTaskIncrementTick  tasks.o
    0x08009fbc   0x08009fbc   0x000000b4   Code   RO         6160    i.xTaskPriorityDisinherit  tasks.o
    0x0800a070   0x0800a070   0x00000098   Code   RO         6161    i.xTaskRemoveFromEventList  tasks.o
    0x0800a108   0x0800a108   0x000000e4   Code   RO         6163    i.xTaskResumeAll    tasks.o
    0x0800a1ec   0x0800a1ec   0x00000074   Code   RO         6475    i.xTimerCreate      timers.o
    0x0800a260   0x0800a260   0x00000074   Code   RO         6476    i.xTimerCreateTimerTask  timers.o
    0x0800a2d4   0x0800a2d4   0x00000090   Code   RO         6477    i.xTimerGenericCommand  timers.o
    0x0800a364   0x0800a364   0x00000004   PAD
    0x0800a368   0x0800a368   0x00000130   Data   RO         7367    .constdata          filter_control.o
    0x0800a498   0x0800a498   0x00000804   Data   RO         8514    .constdata          arm_cortexM4lf_math.lib(arm_common_tables.o)
    0x0800ac9c   0x0800ac9c   0x00000004   PAD
    0x0800aca0   0x0800aca0   0x00000050   Data   RO         8540    .constdata          m_wm.l(asin.o)
    0x0800acf0   0x0800acf0   0x00000098   Data   RO         8910    .constdata          m_wm.l(atan.o)
    0x0800ad88   0x0800ad88   0x00000030   Data   RO         8922    .constdata          m_wm.l(cos_i.o)
    0x0800adb8   0x0800adb8   0x00000008   Data   RO         8964    .constdata          m_wm.l(qnan.o)
    0x0800adc0   0x0800adc0   0x000000c8   Data   RO         8967    .constdata          m_wm.l(rred.o)
    0x0800ae88   0x0800ae88   0x00000028   Data   RO         8971    .constdata          m_wm.l(sin_i.o)
    0x0800aeb0   0x0800aeb0   0x00000020   Data   RO         9027    Region$$Table       anon$$obj.o


    Execution Region RW_IRAM1 (Exec base: 0x20000000, Load base: 0x0800aed0, Size: 0x0001b088, Max: 0x00020000, ABSOLUTE, COMPRESSED[0x00000110])

    Exec Addr    Load Addr    Size         Type   Attr      Idx    E Section Name        Object

    0x20000000   COMPRESSED   0x00000010   Data   RW            7    .data               main.o
    0x20000010   COMPRESSED   0x00000014   Data   RW          359    .data               system_stm32f4xx.o
    0x20000024   COMPRESSED   0x00000004   PAD
    0x20000028   COMPRESSED   0x00000008   Data   RW          439    .data               timer.o
    0x20000030   COMPRESSED   0x00000030   Data   RW          510    .data               can.o
    0x20000060   COMPRESSED   0x0000000c   Data   RW          741    .data               remotecontrol.o
    0x2000006c   COMPRESSED   0x00000004   Data   RW          892    .data               delay.o
    0x20000070   COMPRESSED   0x00000008   Data   RW          953    .data               usart1.o
    0x20000078   COMPRESSED   0x00000010   Data   RW         1185    .data               stm32f4xx_rcc.o
    0x20000088   COMPRESSED   0x0000003c   Data   RW         6166    .data               tasks.o
    0x200000c4   COMPRESSED   0x00000014   Data   RW         6485    .data               timers.o
    0x200000d8   COMPRESSED   0x0000000c   Data   RW         6971    .data               port.o
    0x200000e4   COMPRESSED   0x00000018   Data   RW         7054    .data               heap_4.o
    0x200000fc   COMPRESSED   0x00000114   Data   RW         7109    .data               accelerometer_calibration.o
    0x20000210   COMPRESSED   0x00000048   Data   RW         7476    .data               imutask.o
    0x20000258   COMPRESSED   0x00000100   Data   RW         7684    .data               chassis_task.o
    0x20000358   COMPRESSED   0x00000004   Data   RW         8203    .data               kalaman.o
    0x2000035c   COMPRESSED   0x00000004   Data   RW         8994    .data               mc_w.l(stdout.o)
    0x20000360   COMPRESSED   0x00000004   Data   RW         9006    .data               mc_w.l(errno.o)
    0x20000364        -       0x000000a4   Zero   RW          508    .bss                can.o
    0x20000408        -       0x0000005e   Zero   RW          740    .bss                remotecontrol.o
    0x20000466   COMPRESSED   0x00000002   PAD
    0x20000468        -       0x00000040   Zero   RW         5920    .bss                queue.o
    0x200004a8        -       0x000002e4   Zero   RW         6165    .bss                tasks.o
    0x2000078c        -       0x00000028   Zero   RW         6484    .bss                timers.o
    0x200007b4        -       0x00019000   Zero   RW         7053    .bss                heap_4.o
    0x200197b4        -       0x000001ac   Zero   RW         7108    .bss                accelerometer_calibration.o
    0x20019960        -       0x000006f0   Zero   RW         7364    .bss                filter_control.o
    0x2001a050        -       0x0000011c   Zero   RW         7472    .bss                imutask.o
    0x2001a16c        -       0x000006e8   Zero   RW         7678    .bss                chassis_task.o
    0x2001a854        -       0x00000218   Zero   RW         8200    .bss                kalaman.o
    0x2001aa6c        -       0x00000218   Zero   RW         8202    .bss                kalaman.o
    0x2001ac84   COMPRESSED   0x00000004   PAD
    0x2001ac88        -       0x00000400   Zero   RW          981    STACK               startup_stm32f40_41xxx.o


==============================================================================

Image component sizes


      Code (inc. data)   RO Data    RW Data    ZI Data      Debug   Object Name

       776         34          0        276        428       6577   accelerometer_calibration.o
       104         10          0          0          0       2055   bsp_flash.o
      1428         68          0          0          0       8981   bsp_mpu9250_init.o
      1328         90          0         48        164       8608   can.o
      7246        488          0        256       1768       7394   chassis_task.o
        36          0          0          0          0       9160   cmsis_os.o
        76          6          0          4          0       1339   delay.o
         0          0          0          0          0      11784   event_groups.o
      2380         92        304          0       1776      10621   filter_control.o
       584        138          0         24     102400       4123   heap_4.o
      2724        170          0         72        284      12651   imutask.o
       972         28          0          4       1072       4717   kalaman.o
       136          0          0          0          0       3194   list.o
       328         72          0         16          0     357752   main.o
       144         14          0          0          0       2105   misc.o
        24          0          0          0          0        627   mpu_delay.o
       240         12          0          0          0       1293   mpu_spi_init.o
        84         10          0          0          0        596   mpu_time_init.o
       788         24          0          0          0       3658   pid.o
      1038        382          0         12          0      10825   port.o
      1832        236          0          0         64      13401   queue.o
       320         16          0          0          0       1286   rc.o
       612         46          0         12         94      35162   remotecontrol.o
        36          8        392          0       1024        832   startup_stm32f40_41xxx.o
       784         10          0          0          0       4864   stm32f4xx_can.o
       506         36          0          0          0       6996   stm32f4xx_dma.o
       318         36          0          0          0       4697   stm32f4xx_flash.o
       160          0          0          0          0       2867   stm32f4xx_gpio.o
        12          0          0          0          0       2697   stm32f4xx_it.o
       264         42          0         16          0       5925   stm32f4xx_rcc.o
        98          0          0          0          0       3506   stm32f4xx_spi.o
       190         28          0          0          0       4757   stm32f4xx_tim.o
       516         42          0          0          0       6980   stm32f4xx_usart.o
       272         36          0         20          0       1757   system_stm32f4xx.o
      2774        674          0         60        740      30394   tasks.o
       172         16          0          8          0       1959   timer.o
      1144        260          0         20         40       9990   timers.o
        96         10          0          8          0        831   usart1.o

    ----------------------------------------------------------------------
     30578       3138        728        860     109860     606961   Object Totals
         0          0         32          0          0          0   (incl. Generated)
        36          4          0          4          6          0   (incl. Padding)

    ----------------------------------------------------------------------

      Code (inc. data)   RO Data    RW Data    ZI Data      Debug   Library Member Name

         0          0       2052          0          0       4636   arm_common_tables.o
       120         12          0          0          0      16970   arm_cos_f32.o
       264          0          0          0          0       1482   arm_mat_add_f32.o
         8          0          0          0          0        843   arm_mat_init_f32.o
      1328          4          0          0          0       2718   arm_mat_inverse_f32.o
       316          4          0          0          0       1627   arm_mat_mult_f32.o
       264          0          0          0          0       1482   arm_mat_sub_f32.o
       276          0          0          0          0       1516   arm_mat_trans_f32.o
       116         12          0          0          0        658   arm_sin_f32.o
       864         94         80          0          0        280   asin.o
       744        106        152          0          0        352   atan.o
       512         64          0          0          0        208   atan2.o
       684         90          0          0          0        208   atan2f.o
       200         20          0          0          0        164   cos.o
       368         46         48          0          0        200   cos_i.o
       104         16          0          0          0        496   dunder.o
        24          0          0          0          0        124   fabs.o
        48          0          0          0          0        124   fpclassify.o
        38          0          0          0          0        116   fpclassifyf.o
        22          6          0          0          0        232   funder.o
       248          0          0          0          0        152   poly.o
         0          0          8          0          0          0   qnan.o
      1080        142        200          0          0        188   rred.o
       200         20          0          0          0        164   sin.o
       304         24         40          0          0        208   sin_i.o
       232          0          0          0          0        296   sqrt_full.o
        86          0          0          0          0          0   __dczerorl2.o
         0          0          0          0          0          0   entry.o
         0          0          0          0          0          0   entry10a.o
         0          0          0          0          0          0   entry11a.o
         4          0          0          0          0          0   entry12b.o
         8          4          0          0          0          0   entry2.o
         4          0          0          0          0          0   entry5.o
         0          0          0          0          0          0   entry7b.o
         0          0          0          0          0          0   entry8b.o
         8          4          0          0          0          0   entry9a.o
        12          6          0          4          0         68   errno.o
        18          0          0          0          0         80   fputc.o
        30          0          0          0          0          0   handlers.o
        36          8          0          0          0         68   init.o
         0          0          0          0          0          0   iusefp.o
         0          0          0          0          0          0   iusesemip.o
        30          0          0          0          0         68   llshl.o
        36          0          0          0          0         68   llsshr.o
        32          0          0          0          0         68   llushr.o
        36          0          0          0          0         68   memcpya.o
        36          0          0          0          0        108   memseta.o
       472         14          0          0          0        184   printf3.o
         0          0          0          0          0          0   semi.o
         0          0          0          4          0          0   stdout.o
        44          0          0          0          0         80   uidiv.o
        48          0          0          0          0         68   cdcmple.o
        48          0          0          0          0         68   cdrcmple.o
        56          0          0          0          0         88   d2f.o
       334          0          0          0          0        148   dadd.o
       222          0          0          0          0        100   ddiv.o
       186          0          0          0          0        176   depilogue.o
        62          0          0          0          0         80   dfixi.o
        34          0          0          0          0         76   dflti.o
        26          0          0          0          0         76   dfltui.o
       228          0          0          0          0         96   dmul.o
       162          0          0          0          0        100   dsqrt.o
        38          0          0          0          0         68   f2d.o
       110          0          0          0          0        168   fepilogue.o
        28          0          0          0          0         84   ffltul.o

    ----------------------------------------------------------------------
     10862        700       2584          8          0      37700   Library Totals
        24          4          4          0          0          0   (incl. Padding)

    ----------------------------------------------------------------------

      Code (inc. data)   RO Data    RW Data    ZI Data      Debug   Library Name

      2692         32       2052          0          0      31932   arm_cortexM4lf_math.lib
      5672        628        528          0          0       3512   m_wm.l
       892         36          0          8          0        860   mc_w.l
      1582          0          0          0          0       1396   mf_w.l

    ----------------------------------------------------------------------
     10862        700       2584          8          0      37700   Library Totals

    ----------------------------------------------------------------------

==============================================================================


      Code (inc. data)   RO Data    RW Data    ZI Data      Debug   

     41440       3838       3312        868     109860     621701   Grand Totals
     41440       3838       3312        272     109860     621701   ELF Image Totals (compressed)
     41440       3838       3312        272          0          0   ROM Totals

==============================================================================

    Total RO  Size (Code + RO Data)                44752 (  43.70kB)
    Total RW  Size (RW Data + ZI Data)            110728 ( 108.13kB)
    Total ROM Size (Code + RO Data + RW Data)      45024 (  43.97kB)

==============================================================================

